###############################################################################
#
# IAR ELF Linker V7.80.4.12462/W32 for ARM                22/Dec/2019  18:35:22
# Copyright 2007-2017 IAR Systems AB.
#
#    Output file  =  
#        C:\Users\hhh\Desktop\毕设\程序\程序\Prj\IAR\FN15_Debug\Exe\vcan_Kinetis.out
#    Map file     =  
#        C:\Users\hhh\Desktop\毕设\程序\程序\Prj\IAR\FN15_Debug\List\vcan_Kinetis.map
#    Command line =  
#        C:\Users\hhh\Desktop\毕设\程序\程序\Prj\IAR\FN15_Debug\Obj\diskio.o
#        C:\Users\hhh\Desktop\毕设\程序\程序\Prj\IAR\FN15_Debug\Obj\ff.o
#        C:\Users\hhh\Desktop\毕设\程序\程序\Prj\IAR\FN15_Debug\Obj\main.o
#        C:\Users\hhh\Desktop\毕设\程序\程序\Prj\IAR\FN15_Debug\Obj\misc.o
#        C:\Users\hhh\Desktop\毕设\程序\程序\Prj\IAR\FN15_Debug\Obj\MK60_adc.o
#        C:\Users\hhh\Desktop\毕设\程序\程序\Prj\IAR\FN15_Debug\Obj\MK60_can.o
#        C:\Users\hhh\Desktop\毕设\程序\程序\Prj\IAR\FN15_Debug\Obj\MK60_conf.o
#        C:\Users\hhh\Desktop\毕设\程序\程序\Prj\IAR\FN15_Debug\Obj\MK60_dac.o
#        C:\Users\hhh\Desktop\毕设\程序\程序\Prj\IAR\FN15_Debug\Obj\MK60_dma.o
#        C:\Users\hhh\Desktop\毕设\程序\程序\Prj\IAR\FN15_Debug\Obj\MK60_DWT.o
#        C:\Users\hhh\Desktop\毕设\程序\程序\Prj\IAR\FN15_Debug\Obj\MK60_flash.o
#        C:\Users\hhh\Desktop\毕设\程序\程序\Prj\IAR\FN15_Debug\Obj\MK60_flexbus.o
#        C:\Users\hhh\Desktop\毕设\程序\程序\Prj\IAR\FN15_Debug\Obj\MK60_ftm.o
#        C:\Users\hhh\Desktop\毕设\程序\程序\Prj\IAR\FN15_Debug\Obj\MK60_gpio.o
#        C:\Users\hhh\Desktop\毕设\程序\程序\Prj\IAR\FN15_Debug\Obj\MK60_i2c.o
#        C:\Users\hhh\Desktop\毕设\程序\程序\Prj\IAR\FN15_Debug\Obj\MK60_it.o
#        C:\Users\hhh\Desktop\毕设\程序\程序\Prj\IAR\FN15_Debug\Obj\MK60_lptmr.o
#        C:\Users\hhh\Desktop\毕设\程序\程序\Prj\IAR\FN15_Debug\Obj\MK60_mcg.o
#        C:\Users\hhh\Desktop\毕设\程序\程序\Prj\IAR\FN15_Debug\Obj\MK60_PIT.o
#        C:\Users\hhh\Desktop\毕设\程序\程序\Prj\IAR\FN15_Debug\Obj\MK60_port.o
#        C:\Users\hhh\Desktop\毕设\程序\程序\Prj\IAR\FN15_Debug\Obj\MK60_rtc.o
#        C:\Users\hhh\Desktop\毕设\程序\程序\Prj\IAR\FN15_Debug\Obj\MK60_sdhc.o
#        C:\Users\hhh\Desktop\毕设\程序\程序\Prj\IAR\FN15_Debug\Obj\MK60_spi.o
#        C:\Users\hhh\Desktop\毕设\程序\程序\Prj\IAR\FN15_Debug\Obj\MK60_SysTick.o
#        C:\Users\hhh\Desktop\毕设\程序\程序\Prj\IAR\FN15_Debug\Obj\MK60_uart.o
#        C:\Users\hhh\Desktop\毕设\程序\程序\Prj\IAR\FN15_Debug\Obj\MK60_usb.o
#        C:\Users\hhh\Desktop\毕设\程序\程序\Prj\IAR\FN15_Debug\Obj\MK60_wdog.o
#        C:\Users\hhh\Desktop\毕设\程序\程序\Prj\IAR\FN15_Debug\Obj\startup_MK60DZ10.o
#        C:\Users\hhh\Desktop\毕设\程序\程序\Prj\IAR\FN15_Debug\Obj\system_MK60DZ10.o
#        C:\Users\hhh\Desktop\毕设\程序\程序\Prj\IAR\FN15_Debug\Obj\USB.o
#        C:\Users\hhh\Desktop\毕设\程序\程序\Prj\IAR\FN15_Debug\Obj\USB_CDC.o
#        C:\Users\hhh\Desktop\毕设\程序\程序\Prj\IAR\FN15_Debug\Obj\VCAN_ASCII.o
#        C:\Users\hhh\Desktop\毕设\程序\程序\Prj\IAR\FN15_Debug\Obj\VCAN_BMP.o
#        C:\Users\hhh\Desktop\毕设\程序\程序\Prj\IAR\FN15_Debug\Obj\VCAN_camera.o
#        C:\Users\hhh\Desktop\毕设\程序\程序\Prj\IAR\FN15_Debug\Obj\VCAN_computer.o
#        C:\Users\hhh\Desktop\毕设\程序\程序\Prj\IAR\FN15_Debug\Obj\vcan_img2sd.o
#        C:\Users\hhh\Desktop\毕设\程序\程序\Prj\IAR\FN15_Debug\Obj\VCAN_key.o
#        C:\Users\hhh\Desktop\毕设\程序\程序\Prj\IAR\FN15_Debug\Obj\VCAN_key_event.o
#        C:\Users\hhh\Desktop\毕设\程序\程序\Prj\IAR\FN15_Debug\Obj\VCAN_LCD.o
#        C:\Users\hhh\Desktop\毕设\程序\程序\Prj\IAR\FN15_Debug\Obj\VCAN_LCD_CH.o
#        C:\Users\hhh\Desktop\毕设\程序\程序\Prj\IAR\FN15_Debug\Obj\VCAN_LCD_ILI9325.o
#        C:\Users\hhh\Desktop\毕设\程序\程序\Prj\IAR\FN15_Debug\Obj\VCAN_LCD_ILI9341.o
#        C:\Users\hhh\Desktop\毕设\程序\程序\Prj\IAR\FN15_Debug\Obj\VCAN_LCD_ST7735R.o
#        C:\Users\hhh\Desktop\毕设\程序\程序\Prj\IAR\FN15_Debug\Obj\VCAN_LCD_ST7735S.o
#        C:\Users\hhh\Desktop\毕设\程序\程序\Prj\IAR\FN15_Debug\Obj\VCAN_LED.o
#        C:\Users\hhh\Desktop\毕设\程序\程序\Prj\IAR\FN15_Debug\Obj\VCAN_MMA7455.o
#        C:\Users\hhh\Desktop\毕设\程序\程序\Prj\IAR\FN15_Debug\Obj\VCAN_NRF24L0.o
#        C:\Users\hhh\Desktop\毕设\程序\程序\Prj\IAR\FN15_Debug\Obj\VCAN_NRF24L0_MSG.o
#        C:\Users\hhh\Desktop\毕设\程序\程序\Prj\IAR\FN15_Debug\Obj\VCAN_OV7725_Eagle.o
#        C:\Users\hhh\Desktop\毕设\程序\程序\Prj\IAR\FN15_Debug\Obj\VCAN_OV7725_Wolf.o
#        C:\Users\hhh\Desktop\毕设\程序\程序\Prj\IAR\FN15_Debug\Obj\VCAN_RTC_count.o
#        C:\Users\hhh\Desktop\毕设\程序\程序\Prj\IAR\FN15_Debug\Obj\VCAN_SCCB.o
#        C:\Users\hhh\Desktop\毕设\程序\程序\Prj\IAR\FN15_Debug\Obj\vcan_sd_app.o
#        C:\Users\hhh\Desktop\毕设\程序\程序\Prj\IAR\FN15_Debug\Obj\Vcan_touch.o
#        C:\Users\hhh\Desktop\毕设\程序\程序\Prj\IAR\FN15_Debug\Obj\VCAN_TSL1401.o
#        C:\Users\hhh\Desktop\毕设\程序\程序\Prj\IAR\FN15_Debug\Obj\VCAN_UI_VAR.o
#        C:\Users\hhh\Desktop\毕设\程序\程序\Prj\IAR\FN15_Debug\Obj\vectors.o
#        --redirect _Printf=_PrintfLargeNoMb --redirect _Scanf=_ScanfLargeNoMb
#        -o
#        C:\Users\hhh\Desktop\毕设\程序\程序\Prj\IAR\FN15_Debug\Exe\vcan_Kinetis.out
#        --map
#        C:\Users\hhh\Desktop\毕设\程序\程序\Prj\IAR\FN15_Debug\List\vcan_Kinetis.map
#        --config "C:\Users\hhh\Desktop\毕设\程序\程序\Prj\IAR\config
#        files\vcan_ROM_K60N1M.icf"
#        C:\Users\hhh\Desktop\毕设\程序\程序\Prj\IAR\..\..\Lib\CMSIS\iar_cortexM4l_math.a
#        --entry __iar_program_start --redirect __write=__write_buffered --vfe
#
###############################################################################

*******************************************************************************
*** RUNTIME MODEL ATTRIBUTES
***

CppFlavor       = *
__SystemLibrary = DLib


*******************************************************************************
*** PLACEMENT SUMMARY
***

"A0":  place at 0x00000000 { ro section .intvec };
"A1":  place at 0x00000410 { ro section .noinit };
"P1":  place in [from 0x00000000 to 0x00100000] { ro, block CodeRelocate };
"P2":  place in [from 0x1fff0410 to 0x20010000] {
          rw, block CodeRelocateRam, block CSTACK, block HEAP };
initialize manually with packing = copy, complex ranges { rw };
initialize manually with packing = copy, complex ranges { section .data };
initialize manually with packing = copy, complex ranges { section .textrw };

  Section              Kind        Address    Size  Object
  -------              ----        -------    ----  ------
"A0":                                        0x410
  .intvec              const    0x00000000   0x410  vectors.o [1]
                              - 0x00000410   0x410

"A1":                                          0x8
  .noinit              ro code  0x00000410     0x8  startup_MK60DZ10.o [1]
                              - 0x00000418     0x8

"P1":                                       0x80f4
  .text                ro code  0x00000418  0x1c2c  VCAN_LCD_ST7735S.o [1]
  .text                ro code  0x00002044   0x128  MK60_gpio.o [1]
  .text                ro code  0x0000216c    0xb8  MK60_port.o [1]
  .text                ro code  0x00002224    0x64  MK60_SysTick.o [1]
  Veneer               ro code  0x00002288     0x8  - Linker created -
  Veneer               ro code  0x00002290     0x8  - Linker created -
  .text                ro code  0x00002298   0x144  MK60_conf.o [1]
  .text                ro code  0x000023dc    0x70  VCAN_LED.o [1]
  .text                ro code  0x0000244c    0x24  printf.o [3]
  .text                ro code  0x00002470   0x2fc  MK60_uart.o [1]
  .text                ro code  0x0000276c    0x9c  VCAN_key.o [1]
  .text                ro code  0x00002808   0xc1a  xprintflarge_nomb.o [3]
  .rodata              const    0x00003422     0x2  VCAN_camera.o [1]
  .text                ro code  0x00003424    0x16  strchr.o [5]
  .text                ro code  0x0000343c    0x36  strlen.o [5]
  .text                ro code  0x00003474    0x58  memchr.o [5]
  .text                ro code  0x000034cc    0xee  I64DivMod.o [5]
  .text                ro code  0x000035bc    0x76  ABImemcpy_unaligned.o [5]
  .text                ro code  0x00003632    0x44  xdnorm.o [4]
  .text                ro code  0x00003678    0x2e  DblCmpLe.o [4]
  .text                ro code  0x000036a8   0x1a2  DblMul.o [4]
  .text                ro code  0x0000384c   0x256  DblDiv.o [4]
  .text                ro code  0x00003aa4    0x58  DblToI32.o [4]
  .text                ro code  0x00003afc    0x30  I32ToDbl.o [4]
  .text                ro code  0x00003b2c   0x180  DblSub.o [4]
  .text                ro code  0x00003cac    0x6c  localeconv.o [3]
  .text                ro code  0x00003d18     0xe  div.o [3]
  .text                ro code  0x00003d28     0x2  I64DivZer.o [5]
  .text                ro code  0x00003d2c    0xe8  DblAdd.o [4]
  .text                ro code  0x00003e14     0x2  xtls.o [3]
  .text                ro code  0x00003e18  0x13c4  main.o [1]
  .text                ro code  0x000051dc   0x6bc  VCAN_LCD.o [1]
  .text                ro code  0x00005898     0x8  abs.o [3]
  .text                ro code  0x000058a0    0x90  DblToFlt.o [4]
  .text                ro code  0x00005930   0x5bc  MK60_ftm.o [1]
  .text                ro code  0x00005eec    0x7c  MK60_PIT.o [1]
  .text                ro code  0x00005f68    0x50  misc.o [1]
  .text                ro code  0x00005fb8   0x362  VCAN_SCCB.o [1]
  .text                ro code  0x0000631c    0x4e  FltToDbl.o [4]
  .text                ro code  0x0000636c    0x2e  DblCmpGe.o [4]
  .text                ro code  0x0000639c   0x234  VCAN_OV7725_Eagle.o [1]
  .text                ro code  0x000065d0    0x94  VCAN_camera.o [1]
  .text                ro code  0x00006664   0x244  MK60_dma.o [1]
  .data_init                    0x000068a8   0xa10  <Block>
    Initializer bytes  const    0x000068a8   0xa10  <for .data-1>
  .rodata              const    0x000072b8   0x600  VCAN_ASCII.o [1]
  Veneer               ro code  0x000078b8     0x8  - Linker created -
  .text                ro code  0x000078c0   0x3d4  MK60_mcg.o [1]
  CodeRelocate                  0x00007c94   0x1f0  <Block>
    Initializer bytes  const    0x00007c94   0x1f0  <for CodeRelocateRam-1>
  .text                ro code  0x00007e84   0x140  system_MK60DZ10.o [1]
  .text                ro code  0x00007fc4    0x40  MK60_wdog.o [1]
  .rodata              const    0x00008004    0x44  VCAN_LCD_ST7735S.o [1]
  .text                ro code  0x00008048    0x40  zero_init3.o [5]
  .rodata              const    0x00008088    0x3c  MK60_conf.o [1]
  .rodata              const    0x000080c4    0x3c  MK60_flash.o [1]
  .rodata              const    0x00008100    0x3c  MK60_gpio.o [1]
  .rodata              const    0x0000813c    0x3c  MK60_SysTick.o [1]
  .rodata              const    0x00008178    0x3c  MK60_uart.o [1]
  .rodata              const    0x000081b4    0x38  MK60_dma.o [1]
  .rodata              const    0x000081ec    0x38  MK60_ftm.o [1]
  .rodata              const    0x00008224    0x38  MK60_PIT.o [1]
  .rodata              const    0x0000825c    0x34  misc.o [1]
  .text                ro code  0x00008290    0x28  data_init.o [5]
  .rodata              const    0x000082b8    0x24  MK60_conf.o [1]
  .rodata              const    0x000082dc    0x24  VCAN_OV7725_Eagle.o [1]
  .rodata              const    0x00008300    0x24  VCAN_OV7725_Eagle.o [1]
  .text                ro code  0x00008324    0x22  fpinit_M.o [4]
  .iar.init_table      const    0x00008348    0x10  - Linker created -
  .rodata              const    0x00008358    0x20  MK60_conf.o [1]
  .rodata              const    0x00008378    0x20  VCAN_OV7725_Eagle.o [1]
  .text                ro code  0x00008398    0x1a  cmain.o [5]
  .text                ro code  0x000083b2     0x4  low_level_init.o [3]
  .text                ro code  0x000083b6     0x4  exit.o [3]
  .text                ro code  0x000083bc     0xa  cexit.o [5]
  .text                ro code  0x000083c8     0xc  XXexit.o [5]
  .rodata              const    0x000083d4    0x18  VCAN_OV7725_Eagle.o [1]
  .rodata              const    0x000083ec    0x18  VCAN_OV7725_Eagle.o [1]
  .text                ro code  0x00008404    0x16  xprout.o [3]
  .text                ro code  0x0000841c     0xc  putchar.o [3]
  .rodata              const    0x00008428    0x14  MK60_conf.o [1]
  .rodata              const    0x0000843c    0x14  VCAN_OV7725_Eagle.o [1]
  .text                ro code  0x00008450     0xc  cstartup_M.o [5]
  .rodata              const    0x0000845c     0x4  main.o [1]
  .rodata              const    0x00008460     0x4  main.o [1]
  .rodata              const    0x00008464     0x4  main.o [1]
  .rodata              const    0x00008468     0x4  main.o [1]
  .rodata              const    0x0000846c     0x4  main.o [1]
  .rodata              const    0x00008470     0x4  main.o [1]
  .rodata              const    0x00008474     0x4  main.o [1]
  .rodata              const    0x00008478     0x4  VCAN_LCD.o [1]
  .rodata              const    0x0000847c     0x4  VCAN_LCD.o [1]
  .rodata              const    0x00008480     0x4  VCAN_LCD.o [1]
  .rodata              const    0x00008484     0x0  zero_init3.o [5]
  Initializer bytes    const    0x00008484    0x88  <for P2 s0>
                              - 0x0000850c  0x80f4

"P2", part 1 of 3:                           0xc00
  .data                         0x1fff0410   0xa10  <Block>
    .data-1                     0x1fff0410   0xa0f  <Init block>
      .data            inited   0x1fff0410    0x3c  main.o [1]
      .data            inited   0x1fff044c    0x3c  main.o [1]
      .data            inited   0x1fff0488    0x3c  main.o [1]
      .data            inited   0x1fff04c4    0xf0  main.o [1]
      .data            inited   0x1fff05b4   0x708  MK60_conf.o [1]
      .data            inited   0x1fff0cbc    0x10  MK60_ftm.o [1]
      .data            inited   0x1fff0ccc    0x14  MK60_gpio.o [1]
      .data            inited   0x1fff0ce0    0x58  MK60_mcg.o [1]
      .data            inited   0x1fff0d38     0x4  MK60_mcg.o [1]
      .data            inited   0x1fff0d3c    0x14  MK60_port.o [1]
      .data            inited   0x1fff0d50    0x18  MK60_uart.o [1]
      .data            inited   0x1fff0d68     0x8  VCAN_key.o [1]
      .data            inited   0x1fff0d70     0x4  VCAN_LED.o [1]
      .data            inited   0x1fff0d74    0x64  VCAN_OV7725_Eagle.o [1]
      .data            inited   0x1fff0dd8    0x40  xfiles.o [3]
      .data            inited   0x1fff0e18     0x2  VCAN_LCD_ST7735S.o [1]
      .data            inited   0x1fff0e1a     0x2  VCAN_LCD_ST7735S.o [1]
      .data            inited   0x1fff0e1c     0x1  main.o [1]
      .data            inited   0x1fff0e1d     0x1  VCAN_OV7725_Eagle.o [1]
      .data            inited   0x1fff0e1e     0x1  VCAN_OV7725_Eagle.o [1]
  CodeRelocateRam               0x1fff0e20   0x1f0  <Block>
    CodeRelocateRam-1           0x1fff0e20   0x1f0  <Init block>
      Veneer           inited   0x1fff0e20     0x8  - Linker created -
      Veneer           inited   0x1fff0e28     0x8  - Linker created -
      .textrw          inited   0x1fff0e30   0x190  MK60_flash.o [1]
      .textrw          inited   0x1fff0fc0    0x50  MK60_mcg.o [1]
                              - 0x1fff1010   0xc00

"P2", part 2 of 3:                          0x1b04
  .bss                          0x1fff1010  0x1b04  <Block>
    .bss               zero     0x1fff1010     0x8  main.o [1]
    .bss               zero     0x1fff1018     0x8  main.o [1]
    .bss               zero     0x1fff1020     0x8  main.o [1]
    .bss               zero     0x1fff1028  0x12c0  main.o [1]
    .bss               zero     0x1fff22e8   0x258  main.o [1]
    .bss               zero     0x1fff2540     0x4  main.o [1]
    .bss               zero     0x1fff2544     0x4  main.o [1]
    .bss               zero     0x1fff2548     0x4  main.o [1]
    .bss               zero     0x1fff254c     0x4  main.o [1]
    .bss               zero     0x1fff2550     0x4  main.o [1]
    .bss               zero     0x1fff2554     0x4  main.o [1]
    .bss               zero     0x1fff2558     0xc  main.o [1]
    .bss               zero     0x1fff2564     0xc  main.o [1]
    .bss               zero     0x1fff2570     0x4  main.o [1]
    .bss               zero     0x1fff2574     0x4  main.o [1]
    .bss               zero     0x1fff2578    0xf0  main.o [1]
    .bss               zero     0x1fff2668    0xf0  main.o [1]
    .bss               zero     0x1fff2758    0xf0  main.o [1]
    .bss               zero     0x1fff2848    0xf0  main.o [1]
    .bss               zero     0x1fff2938    0xf0  main.o [1]
    .bss               zero     0x1fff2a28    0x10  main.o [1]
    .bss               zero     0x1fff2a38    0x10  main.o [1]
    .bss               zero     0x1fff2a48     0x4  main.o [1]
    .bss               zero     0x1fff2a4c     0x4  main.o [1]
    .bss               zero     0x1fff2a50     0xc  main.o [1]
    .bss               zero     0x1fff2a5c     0x4  main.o [1]
    .bss               zero     0x1fff2a60     0xc  main.o [1]
    .bss               zero     0x1fff2a6c     0x8  main.o [1]
    .bss               zero     0x1fff2a74     0x4  main.o [1]
    .bss               zero     0x1fff2a78     0x4  main.o [1]
    .bss               zero     0x1fff2a7c     0x4  main.o [1]
    .bss               zero     0x1fff2a80     0x8  main.o [1]
    .bss               zero     0x1fff2a88     0x4  main.o [1]
    .bss               zero     0x1fff2a8c     0x4  main.o [1]
    .bss               zero     0x1fff2a90     0x4  main.o [1]
    .bss               zero     0x1fff2a94     0x4  main.o [1]
    .bss               zero     0x1fff2a98     0x4  main.o [1]
    .bss               zero     0x1fff2a9c    0x10  MK60_ftm.o [1]
    .bss               zero     0x1fff2aac     0x4  system_MK60DZ10.o [1]
    .bss               zero     0x1fff2ab0     0x4  system_MK60DZ10.o [1]
    .bss               zero     0x1fff2ab4     0x4  system_MK60DZ10.o [1]
    .bss               zero     0x1fff2ab8     0x4  VCAN_OV7725_Eagle.o [1]
    .bss               zero     0x1fff2abc    0x50  xfiles.o [3]
    .bss               zero     0x1fff2b0c     0x2  main.o [1]
    .bss               zero     0x1fff2b0e     0x2  main.o [1]
    .bss               zero     0x1fff2b10     0x1  main.o [1]
    .bss               zero     0x1fff2b11     0x1  main.o [1]
    .bss               zero     0x1fff2b12     0x1  main.o [1]
    .bss               zero     0x1fff2b13     0x1  VCAN_LCD_ST7735S.o [1]
                              - 0x1fff2b14  0x1b04

"P2", part 3 of 3:                            0x88
  P2 s0                         0x1fff2b14    0x88  <Init block>
    __DLIB_PERTHREAD   inited   0x1fff2b14    0x88  localeconv.o [3]
                              - 0x1fff2b9c    0x88


*******************************************************************************
*** INIT TABLE
***

          Address     Size
          -------     ----
Zero (__iar_zero_init3)
    1 destination range, total size 0x1b04:
          0x1fff1010  0x1b04



*******************************************************************************
*** MODULE SUMMARY
***

    Module                 ro code  rw code  ro data  rw data
    ------                 -------  -------  -------  -------
C:\Users\hhh\Desktop\毕设\程序\程序\Prj\IAR\FN15_Debug\Obj: [1]
    MK60_PIT.o                 124                56
    MK60_SysTick.o             100                60
    MK60_conf.o                324             1 948    1 800
    MK60_dma.o                 580                56
    MK60_flash.o                        400      460
    MK60_ftm.o               1 468                72       32
    MK60_gpio.o                296                80       20
    MK60_mcg.o                 980       80      172       92
    MK60_port.o                184                20       20
    MK60_uart.o                764                84       24
    MK60_wdog.o                 64
    VCAN_ASCII.o                               1 536
    VCAN_LCD.o               1 724                12
    VCAN_LCD_ST7735S.o       7 212                72        5
    VCAN_LED.o                 112                 4        4
    VCAN_OV7725_Eagle.o        564               274      106
    VCAN_SCCB.o                866
    VCAN_camera.o              148                 2
    VCAN_key.o                 156                 8        8
    main.o                   5 060               449    7 224
    misc.o                      80                52
    startup_MK60DZ10.o           8
    system_MK60DZ10.o          320                         12
    vectors.o                                  1 040
    ---------------------------------------------------------
    Total:                  21 134      480    6 457    9 347

command line: [2]
    ---------------------------------------------------------
    Total:

dl7M_tlf.a: [3]
    abs.o                        8
    div.o                       14
    exit.o                       4
    localeconv.o               108               136      136
    low_level_init.o             4
    printf.o                    36
    putchar.o                   12
    xfiles.o                                      64      144
    xprintflarge_nomb.o      3 098
    xprout.o                    22
    xtls.o                       2
    ---------------------------------------------------------
    Total:                   3 308               200      280

m7M_tls.a: [4]
    DblAdd.o                   232
    DblCmpGe.o                  46
    DblCmpLe.o                  46
    DblDiv.o                   598
    DblMul.o                   418
    DblSub.o                   384
    DblToFlt.o                 144
    DblToI32.o                  88
    FltToDbl.o                  78
    I32ToDbl.o                  48
    fpinit_M.o                  34
    xdnorm.o                    68
    ---------------------------------------------------------
    Total:                   2 184

rt7M_tl.a: [5]
    ABImemcpy_unaligned.o      118
    I64DivMod.o                238
    I64DivZer.o                  2
    XXexit.o                    12
    cexit.o                     10
    cmain.o                     26
    cstartup_M.o                12
    data_init.o                 40
    memchr.o                    88
    strchr.o                    22
    strlen.o                    54
    zero_init3.o                64
    ---------------------------------------------------------
    Total:                     686

    Gaps                        32                 2
    Linker created              24       16       33
-------------------------------------------------------------
    Grand Total:            27 368      496    6 692    9 627


*******************************************************************************
*** ENTRY LIST
***

Entry                      Address    Size  Type      Object
-----                      -------    ----  ----      ------
.bss$$Base              0x1fff1010           --   Gb  - Linker created -
.bss$$Limit             0x1fff2b14           --   Gb  - Linker created -
.data$$Base             0x1fff0410           --   Gb  - Linker created -
.data$$Limit            0x1fff0e20           --   Gb  - Linker created -
.data_init$$Base        0x000068a8           --   Gb  - Linker created -
.data_init$$Limit       0x000072b8           --   Gb  - Linker created -
.iar.init_table$$Base   0x00008348           --   Gb  - Linker created -
.iar.init_table$$Limit  0x00008358           --   Gb  - Linker created -
?main                   0x00008399          Code  Gb  cmain.o [5]
ASSERT_FAILED_STR       0x000082b8    0x24  Data  Gb  MK60_conf.o [1]
Acc                     0x1fff2a80     0x8  Data  Gb  main.o [1]
Angle                   0x1fff2a6c     0x8  Data  Gb  main.o [1]
BZ                      0x1fff2b11     0x1  Data  Gb  main.o [1]
CodeRelocate$$Base      0x00007c94           --   Gb  - Linker created -
CodeRelocate$$Limit     0x00007e84           --   Gb  - Linker created -
CodeRelocateRam$$Base   0x1fff0e20           --   Gb  - Linker created -
CodeRelocateRam$$Limit  0x1fff1010           --   Gb  - Linker created -
DMA0_IRQHandler         0x00005135     0x8  Code  Gb  main.o [1]
FTMN                    0x1fff0cbc    0x10  Data  Gb  MK60_ftm.o [1]
FTM_port_mux            0x00005931   0x1ac  Code  Lc  MK60_ftm.o [1]
GPIOX                   0x1fff0ccc    0x14  Data  Gb  MK60_gpio.o [1]
KEY_PTxn                0x1fff0d68     0x8  Data  Gb  VCAN_key.o [1]
LCD_Img_Binary_Z        0x00005709   0x16a  Code  Gb  VCAN_LCD.o [1]
LCD_ST7735S_dir         0x000013d7   0xa0c  Code  Gb  VCAN_LCD_ST7735S.o [1]
LCD_ST7735S_init        0x00000419   0xfbe  Code  Gb  VCAN_LCD_ST7735S.o [1]
LCD_ST7735S_ptlon       0x00001df9   0x21c  Code  Gb  VCAN_LCD_ST7735S.o [1]
LCD_char                0x000053c1   0x1c0  Code  Gb  VCAN_LCD.o [1]
LCD_init                0x000051dd    0x2c  Code  Gb  VCAN_LCD.o [1]
LCD_num                 0x00005581    0x88  Code  Gb  VCAN_LCD.o [1]
LCD_num_BC              0x00005609   0x100  Code  Gb  VCAN_LCD.o [1]
LCD_point               0x000052db    0xc0  Code  Gb  VCAN_LCD.o [1]
LCD_points              0x0000539b    0x26  Code  Gb  VCAN_LCD.o [1]
LCD_rectangle           0x00005209    0xd2  Code  Gb  VCAN_LCD.o [1]
LED_PTxn                0x1fff0d70     0x4  Data  Gb  VCAN_LED.o [1]
LoadInt                 0x00002da3    0x6e  Code  Lc  xprintflarge_nomb.o [3]
NVIC_DisableIRQ         0x00002487    0x16  Code  Lc  MK60_uart.o [1]
NVIC_DisableIRQ         0x000063b1    0x14  Code  Lc  VCAN_OV7725_Eagle.o [1]
NVIC_EnableIRQ          0x00003e3d    0x16  Code  Lc  main.o [1]
NVIC_EnableIRQ          0x00002471    0x16  Code  Lc  MK60_uart.o [1]
NVIC_EnableIRQ          0x0000639d    0x14  Code  Lc  VCAN_OV7725_Eagle.o [1]
NVIC_SetPriority        0x00003e53    0x2a  Code  Lc  main.o [1]
NVIC_SetPriorityGrouping
                        0x00003e19    0x24  Code  Lc  main.o [1]
NVIC_SystemReset        0x00002299    0x1a  Code  Lc  MK60_conf.o [1]
PIT0_IRQHandler         0x00004161    0x58  Code  Gb  main.o [1]
PORTA_IRQHandler        0x000050f9    0x2c  Code  Gb  main.o [1]
PORTX                   0x1fff0d3c    0x14  Data  Gb  MK60_port.o [1]
Region$$Table$$Base     0x00008348           --   Gb  - Linker created -
Region$$Table$$Limit    0x00008358           --   Gb  - Linker created -
Reset_Handler           0x00000411          Code  Gb  startup_MK60DZ10.o [1]
SCCB_Ack                0x0000608d    0x3c  Code  Lc  VCAN_SCCB.o [1]
SCCB_GPIO_init          0x00005fd3    0x28  Code  Gb  VCAN_SCCB.o [1]
SCCB_NoAck              0x000060c9    0x3c  Code  Lc  VCAN_SCCB.o [1]
SCCB_ReadByte           0x00006269    0x2c  Code  Gb  VCAN_SCCB.o [1]
SCCB_ReadByte_one       0x00006295    0x86  Code  Lc  VCAN_SCCB.o [1]
SCCB_ReceiveByte        0x00006195    0x54  Code  Lc  VCAN_SCCB.o [1]
SCCB_SendByte           0x00006151    0x44  Code  Lc  VCAN_SCCB.o [1]
SCCB_Start              0x00005ffb    0x5e  Code  Lc  VCAN_SCCB.o [1]
SCCB_Stop               0x00006059    0x34  Code  Lc  VCAN_SCCB.o [1]
SCCB_WaitAck            0x00006105    0x4c  Code  Lc  VCAN_SCCB.o [1]
SCCB_WriteByte          0x000061f9    0x28  Code  Gb  VCAN_SCCB.o [1]
SCCB_WriteByte_one      0x00006221    0x48  Code  Lc  VCAN_SCCB.o [1]
SCCB_delay              0x00005fb9    0x1a  Code  Lc  VCAN_SCCB.o [1]
ST7735S_get_h           0x00002015     0x6  Code  Gb  VCAN_LCD_ST7735S.o [1]
ST7735S_get_w           0x0000201b     0x6  Code  Gb  VCAN_LCD_ST7735S.o [1]
SpeedKD_left            0x1fff2548     0x4  Data  Gb  main.o [1]
SpeedKD_right           0x1fff2554     0x4  Data  Gb  main.o [1]
SpeedKI_left            0x1fff2544     0x4  Data  Gb  main.o [1]
SpeedKI_right           0x1fff2550     0x4  Data  Gb  main.o [1]
SpeedKP_left            0x1fff2540     0x4  Data  Gb  main.o [1]
SpeedKP_right           0x1fff254c     0x4  Data  Gb  main.o [1]
TOF_1020                0x00004561   0x1fe  Code  Gb  main.o [1]
UARTN                   0x1fff0d50    0x18  Data  Gb  MK60_uart.o [1]
_GenldLargeNoMb         0x0000319b   0x23e  Code  Lc  xprintflarge_nomb.o [3]
_LdtobLargeNoMb         0x00002f1d   0x278  Code  Lc  xprintflarge_nomb.o [3]
_LitobLargeNoMb         0x00002e11   0x10a  Code  Lc  xprintflarge_nomb.o [3]
_Locale_aeabi_lconv     0x1fff2b64    0x38  Data  Gb  localeconv.o [3]
_Locale_lconv           0x1fff2b14    0x50  Data  Gb  localeconv.o [3]
_PrintfLargeNoMb        0x00002809   0x594  Code  Gb  xprintflarge_nomb.o [3]
_Prout                  0x00008405    0x16  Code  Gb  xprout.o [3]
_PutcharsLargeNoMb      0x000033d9    0x2e  Code  Lc  xprintflarge_nomb.o [3]
__BOOT_STACK_ADDRESS {Abs}
                        0x2000fff8          Data  Gb  command line/config [2]
__VECTOR_RAM {Abs}      0x1fff0000          Data  Gb  command line/config [2]
__VECTOR_TABLE {Abs}    0x00000000          Data  Gb  command line/config [2]
__aeabi_cdcmple         0x00003679          Code  Gb  DblCmpLe.o [4]
__aeabi_cdrcmple        0x0000636d          Code  Gb  DblCmpGe.o [4]
__aeabi_d2f             0x000058a1          Code  Gb  DblToFlt.o [4]
__aeabi_d2iz            0x00003aa5          Code  Gb  DblToI32.o [4]
__aeabi_d2uiz           0x00003ad1          Code  Gb  DblToI32.o [4]
__aeabi_dadd            0x00003d2d          Code  Gb  DblAdd.o [4]
__aeabi_ddiv            0x0000384d          Code  Gb  DblDiv.o [4]
__aeabi_dmul            0x000036a9          Code  Gb  DblMul.o [4]
__aeabi_dsub            0x00003b2d          Code  Gb  DblSub.o [4]
__aeabi_f2d             0x0000631d          Code  Gb  FltToDbl.o [4]
__aeabi_i2d             0x00003afd          Code  Gb  I32ToDbl.o [4]
__aeabi_ldiv0           0x00003d29          Code  Gb  I64DivZer.o [5]
__aeabi_ui2d            0x00003b11          Code  Gb  I32ToDbl.o [4]
__aeabi_uldivmod        0x000034cd          Code  Gb  I64DivMod.o [5]
__cmain                 0x00008399          Code  Gb  cmain.o [5]
__code_start__ {Abs}    0x00000410          Data  Gb  command line/config [2]
__exit                  0x000083c9          Code  Gb  XXexit.o [5]
__iar_Dnorm             0x00003633    0x44  Code  Gb  xdnorm.o [4]
__iar_Locale_lconv_init
                        0x00003cad    0x3a  Code  Gb  localeconv.o [3]
__iar_Memchr            0x00003475          Code  Gb  memchr.o [5]
__iar_Stdout            0x1fff0dd8    0x40  Data  Gb  xfiles.o [3]
__iar_Strchr            0x00003425          Code  Gb  strchr.o [5]
__iar_d2uiz             0x00003add          Code  Gb  DblToI32.o [4]
__iar_dadd              0x00003d41          Code  Gb  DblAdd.o [4]
__iar_data_init3        0x00008291    0x28  Code  Gb  data_init.o [5]
__iar_dlib_perthread_access
                        0x00003e15     0x2  Code  Gb  xtls.o [3]
__iar_dsub              0x00003b41          Code  Gb  DblSub.o [4]
__iar_dsubStart         0x00003b53          Code  Gb  DblSub.o [4]
__iar_init_vfp          0x00008325          Code  Gb  fpinit_M.o [4]
__iar_program_start     0x00008451          Code  Gb  cstartup_M.o [5]
__iar_ui2d              0x00003b15          Code  Gb  I32ToDbl.o [4]
__iar_unaligned___aeabi_memcpy
                        0x000035bd          Code  Gb  ABImemcpy_unaligned.o [5]
__iar_unaligned___aeabi_memcpy4
                        0x000035dd          Code  Gb  ABImemcpy_unaligned.o [5]
__iar_unaligned___aeabi_memcpy8
                        0x000035dd          Code  Gb  ABImemcpy_unaligned.o [5]
__iar_zero_init3        0x00008049    0x40  Code  Gb  zero_init3.o [5]
__low_level_init        0x000083b3     0x4  Code  Gb  low_level_init.o [3]
__vector_table          0x00000000   0x410  Data  Gb  vectors.o [1]
_call_main              0x000083a5          Code  Gb  cmain.o [5]
_exit                   0x000083bd          Code  Gb  cexit.o [5]
_main                   0x000083af          Code  Gb  cmain.o [5]
abs                     0x00005899     0x8  Code  Gb  abs.o [3]
acc_x                   0x1fff2a88     0x4  Data  Gb  main.o [1]
acc_y                   0x1fff2a8c     0x4  Data  Gb  main.o [1]
acc_z                   0x1fff2a90     0x4  Data  Gb  main.o [1]
analyzeRoad             0x00004781   0x104  Code  Gb  main.o [1]
angle_x                 0x1fff2a74     0x4  Data  Gb  main.o [1]
angle_y                 0x1fff2a78     0x4  Data  Gb  main.o [1]
angle_z                 0x1fff2a7c     0x4  Data  Gb  main.o [1]
ascii_8x16              0x000072b8   0x600  Data  Gb  VCAN_ASCII.o [1]
assert_failed           0x000022b3    0x26  Code  Gb  MK60_conf.o [1]
bizhang_time            0x00004483    0xda  Code  Gb  main.o [1]
bus_clk_khz             0x1fff2ab4     0x4  Data  Gb  system_MK60DZ10.o [1]
ch_2019                 0x1fff2a38    0x10  Data  Gb  main.o [1]
common_startup          0x00007eef    0x98  Code  Gb  system_MK60DZ10.o [1]
core_clk_khz            0x1fff2aac     0x4  Data  Gb  system_MK60DZ10.o [1]
core_clk_mhz            0x1fff2ab0     0x4  Data  Gb  system_MK60DZ10.o [1]
default_isr             0x00002387    0x34  Code  Gb  MK60_conf.o [1]
dianji_Left_baodi       0x00004c71   0x164  Code  Gb  main.o [1]
dianji_Right_baodi      0x00004e09   0x164  Code  Gb  main.o [1]
dianji_baodi            0x00004b59    0xf0  Code  Gb  main.o [1]
dianji_left_speed       0x1fff2570     0x4  Data  Gb  main.o [1]
dianji_right_speed      0x1fff2574     0x4  Data  Gb  main.o [1]
div                     0x00003d19     0xe  Code  Gb  div.o [3]
dma_gpio_input_init     0x00006665    0x60  Code  Lc  MK60_dma.o [1]
dma_portx2buff_init     0x000066c5   0x1b0  Code  Gb  MK60_dma.o [1]
drawingMidLine          0x00004f95   0x138  Code  Gb  main.o [1]
duoji                   0x00004a21   0x11e  Code  Gb  main.o [1]
duoji::duoji_error      0x1fff2a98     0x4  Data  Lc  main.o [1]
duoji::duoji_last_error
                        0x1fff2a94     0x4  Data  Lc  main.o [1]
exit                    0x000083b7     0x4  Code  Gb  exit.o [3]
findFlag                0x00004885    0x5c  Code  Gb  main.o [1]
flag_L                  0x1fff2848    0xf0  Data  Gb  main.o [1]
flag_R                  0x1fff2938    0xf0  Data  Gb  main.o [1]
flash_cmd               0x1fff0e31    0x20  Code  Gb  MK60_flash.o [1]
flash_erase_sector      0x1fff0e75    0x5c  Code  Gb  MK60_flash.o [1]
flash_init              0x1fff0e51    0x24  Code  Gb  MK60_flash.o [1]
flash_write             0x1fff0ed1    0xb4  Code  Gb  MK60_flash.o [1]
fputc                   0x000022d9    0x14  Code  Gb  MK60_conf.o [1]
ftm_mod                 0x1fff2a9c    0x10  Data  Lc  MK60_ftm.o [1]
ftm_pwm_duty            0x00005c8b   0x118  Code  Gb  MK60_ftm.o [1]
ftm_pwm_init            0x00005add   0x1ae  Code  Gb  MK60_ftm.o [1]
ftm_quad_clean          0x00005ea9    0x28  Code  Gb  MK60_ftm.o [1]
ftm_quad_init           0x00005da3   0x106  Code  Gb  MK60_ftm.o [1]
getMidLine              0x000048e1    0xee  Code  Gb  main.o [1]
getObstacleDistance     0x000049d5    0x26  Code  Gb  main.o [1]
gpio_get                0x0000212b    0x3a  Code  Gb  MK60_gpio.o [1]
gpio_init               0x00002045    0xae  Code  Gb  MK60_gpio.o [1]
gpio_turn               0x000020f3    0x38  Code  Gb  MK60_gpio.o [1]
i_2019                  0x1fff2a5c     0x4  Data  Gb  main.o [1]
img                     0x1fff1028  0x12c0  Data  Gb  main.o [1]
img_extract             0x000065d1    0x94  Code  Gb  VCAN_camera.o [1]
imgbuff                 0x1fff22e8   0x258  Data  Gb  main.o [1]
initall                 0x0000406b    0xf2  Code  Gb  main.o [1]
key_check               0x000027d9    0x2a  Code  Gb  VCAN_key.o [1]
key_get                 0x000027bf    0x1a  Code  Gb  VCAN_key.o [1]
key_init                0x0000276d    0x52  Code  Gb  VCAN_key.o [1]
lcd_camera_init         0x000050d1    0x24  Code  Gb  main.o [1]
lcd_display             0x00003e7d   0x182  Code  Gb  main.o [1]
led_init                0x000023dd    0x3a  Code  Gb  VCAN_LED.o [1]
led_turn                0x00002417    0x32  Code  Gb  VCAN_LED.o [1]
left_E                  0x1fff2558     0xc  Data  Gb  main.o [1]
left_speed              0x1fff1018     0x8  Data  Gb  main.o [1]
length_val              0x1fff2a50     0xc  Data  Gb  main.o [1]
localeconv              0x00003ce7    0x16  Code  Gb  localeconv.o [3]
main                    0x00003fff    0x6c  Code  Gb  main.o [1]
mcg_cfg                 0x1fff0ce0    0x58  Data  Gb  MK60_mcg.o [1]
mcg_div                 0x1fff0d38     0x4  Data  Gb  MK60_mcg.o [1]
mcg_div_count           0x000078c1   0x304  Code  Gb  MK60_mcg.o [1]
memchr                  0x00003475          Code  Gb  memchr.o [5]
mid                     0x1fff04c4    0xf0  Data  Gb  main.o [1]
mid1                    0x1fff2578    0xf0  Data  Gb  main.o [1]
mid_L_line              0x1fff2668    0xf0  Data  Gb  main.o [1]
mid_R_line              0x1fff2758    0xf0  Data  Gb  main.o [1]
mid_j                   0x1fff0e1c     0x1  Data  Gb  main.o [1]
obuf                    0x1fff2abc    0x50  Data  Lc  xfiles.o [3]
ov7725_eagle_cfgnum     0x1fff0e1e     0x1  Data  Gb  VCAN_OV7725_Eagle.o [1]
ov7725_eagle_dma        0x0000647d    0x14  Code  Gb  VCAN_OV7725_Eagle.o [1]
ov7725_eagle_get_img    0x00006491    0x42  Code  Gb  VCAN_OV7725_Eagle.o [1]
ov7725_eagle_img_buff   0x1fff2ab8     0x4  Data  Gb  VCAN_OV7725_Eagle.o [1]
ov7725_eagle_img_flag   0x1fff0e1d     0x1  Data  Gb  VCAN_OV7725_Eagle.o [1]
ov7725_eagle_init       0x000063c5    0x18  Code  Gb  VCAN_OV7725_Eagle.o [1]
ov7725_eagle_port_init  0x000063dd    0x54  Code  Lc  VCAN_OV7725_Eagle.o [1]
ov7725_eagle_reg        0x1fff0d74    0x64  Data  Gb  VCAN_OV7725_Eagle.o [1]
ov7725_eagle_reg_init   0x000064d3    0xb2  Code  Lc  VCAN_OV7725_Eagle.o [1]
ov7725_eagle_vsync      0x00006431    0x4c  Code  Gb  VCAN_OV7725_Eagle.o [1]
pit_init                0x00005eed    0x6c  Code  Gb  MK60_PIT.o [1]
pll_init                0x00007bc5    0xb2  Code  Gb  MK60_mcg.o [1]
port_init               0x0000216d    0x48  Code  Gb  MK60_port.o [1]
port_init_NoALT         0x000021b5    0x66  Code  Gb  MK60_port.o [1]
printf                  0x0000244d    0x24  Code  Gb  printf.o [3]
processImage            0x0000475f    0x22  Code  Gb  main.o [1]
putchar                 0x0000841d     0xc  Code  Gb  putchar.o [3]
right_E                 0x1fff2564     0xc  Data  Gb  main.o [1]
right_speed             0x1fff1010     0x8  Data  Gb  main.o [1]
rxcnt                   0x1fff2a4c     0x4  Data  Gb  main.o [1]
rxflag                  0x1fff2a48     0x4  Data  Gb  main.o [1]
set_sys_dividers        0x1fff0fc1    0x50  Code  Gb  MK60_mcg.o [1]
set_vector_handler      0x00005f8b    0x22  Code  Gb  misc.o [1]
st7735s_dir             0x1fff2b13     0x1  Data  Gb  VCAN_LCD_ST7735S.o [1]
st7735s_h               0x1fff0e18     0x2  Data  Gb  VCAN_LCD_ST7735S.o [1]
st7735s_w               0x1fff0e1a     0x2  Data  Gb  VCAN_LCD_ST7735S.o [1]
start                   0x00007e85    0x2e  Code  Gb  system_MK60DZ10.o [1]
start_check             0x000022ed    0x9a  Code  Gb  MK60_conf.o [1]
straig_Lline            0x1fff0410    0x3c  Data  Gb  main.o [1]
straig_Rline            0x1fff044c    0x3c  Data  Gb  main.o [1]
strchr                  0x00003425          Code  Gb  strchr.o [5]
strlen                  0x0000343d          Code  Gb  strlen.o [5]
sysinit                 0x00007eb3    0x3c  Code  Gb  system_MK60DZ10.o [1]
systick_delay           0x00002225    0x36  Code  Gb  MK60_SysTick.o [1]
systick_delay_ms        0x0000225b    0x18  Code  Gb  MK60_SysTick.o [1]
time                    0x1fff1020     0x8  Data  Gb  main.o [1]
uart0_test_handler      0x000041b9    0x9a  Code  Gb  main.o [1]
uart1_test_handler      0x00004255   0x22e  Code  Gb  main.o [1]
uart_getchar            0x000026b1    0x1e  Code  Gb  MK60_uart.o [1]
uart_init               0x0000249d   0x214  Code  Gb  MK60_uart.o [1]
uart_putchar            0x000026cf    0x1a  Code  Gb  MK60_uart.o [1]
uart_rx_irq_dis         0x00002713    0x3a  Code  Gb  MK60_uart.o [1]
uart_rx_irq_en          0x000026e9    0x2a  Code  Gb  MK60_uart.o [1]
ucRxBuffer              0x1fff2a60     0xc  Data  Gb  main.o [1]
ucRxCnt                 0x1fff2b12     0x1  Data  Gb  main.o [1]
val_left                0x1fff2b0c     0x2  Data  Gb  main.o [1]
val_right               0x1fff2b0e     0x2  Data  Gb  main.o [1]
var                     0x1fff2a28    0x10  Data  Gb  main.o [1]
vector_str              0x1fff05b4   0x708  Data  Gb  MK60_conf.o [1]
wdog_disable            0x00007fc5    0x16  Code  Gb  MK60_wdog.o [1]
wdog_unlock             0x00007fdb    0x20  Code  Lc  MK60_wdog.o [1]
write_vtor              0x00005f69    0x22  Code  Gb  misc.o [1]
xz1                     0x1fff0488    0x3c  Data  Gb  main.o [1]
zhidao_flag             0x1fff2b10     0x1  Data  Gb  main.o [1]


[1] = C:\Users\hhh\Desktop\毕设\程序\程序\Prj\IAR\FN15_Debug\Obj
[2] = command line
[3] = dl7M_tlf.a
[4] = m7M_tls.a
[5] = rt7M_tl.a

  27 368 bytes of readonly  code memory
     496 bytes of readwrite code memory
   6 692 bytes of readonly  data memory
   9 627 bytes of readwrite data memory

Errors: none
Warnings: none
