###############################################################################
#
# IAR ELF Linker V7.80.4.12462/W32 for ARM                14/Dec/2019  15:18:18
# Copyright 2007-2017 IAR Systems AB.
#
#    Output file  =  
#        C:\Users\hhh\Desktop\毕设\程序\程序\Prj\IAR\FN15_Debug\Exe\vcan_Kinetis.out
#    Map file     =  
#        C:\Users\hhh\Desktop\毕设\程序\程序\Prj\IAR\FN15_Debug\List\vcan_Kinetis.map
#    Command line =  
#        C:\Users\hhh\Desktop\毕设\程序\程序\Prj\IAR\FN15_Debug\Obj\diskio.o
#        C:\Users\hhh\Desktop\毕设\程序\程序\Prj\IAR\FN15_Debug\Obj\ff.o
#        C:\Users\hhh\Desktop\毕设\程序\程序\Prj\IAR\FN15_Debug\Obj\main.o
#        C:\Users\hhh\Desktop\毕设\程序\程序\Prj\IAR\FN15_Debug\Obj\misc.o
#        C:\Users\hhh\Desktop\毕设\程序\程序\Prj\IAR\FN15_Debug\Obj\MK60_adc.o
#        C:\Users\hhh\Desktop\毕设\程序\程序\Prj\IAR\FN15_Debug\Obj\MK60_can.o
#        C:\Users\hhh\Desktop\毕设\程序\程序\Prj\IAR\FN15_Debug\Obj\MK60_conf.o
#        C:\Users\hhh\Desktop\毕设\程序\程序\Prj\IAR\FN15_Debug\Obj\MK60_dac.o
#        C:\Users\hhh\Desktop\毕设\程序\程序\Prj\IAR\FN15_Debug\Obj\MK60_dma.o
#        C:\Users\hhh\Desktop\毕设\程序\程序\Prj\IAR\FN15_Debug\Obj\MK60_DWT.o
#        C:\Users\hhh\Desktop\毕设\程序\程序\Prj\IAR\FN15_Debug\Obj\MK60_flash.o
#        C:\Users\hhh\Desktop\毕设\程序\程序\Prj\IAR\FN15_Debug\Obj\MK60_flexbus.o
#        C:\Users\hhh\Desktop\毕设\程序\程序\Prj\IAR\FN15_Debug\Obj\MK60_ftm.o
#        C:\Users\hhh\Desktop\毕设\程序\程序\Prj\IAR\FN15_Debug\Obj\MK60_gpio.o
#        C:\Users\hhh\Desktop\毕设\程序\程序\Prj\IAR\FN15_Debug\Obj\MK60_i2c.o
#        C:\Users\hhh\Desktop\毕设\程序\程序\Prj\IAR\FN15_Debug\Obj\MK60_it.o
#        C:\Users\hhh\Desktop\毕设\程序\程序\Prj\IAR\FN15_Debug\Obj\MK60_lptmr.o
#        C:\Users\hhh\Desktop\毕设\程序\程序\Prj\IAR\FN15_Debug\Obj\MK60_mcg.o
#        C:\Users\hhh\Desktop\毕设\程序\程序\Prj\IAR\FN15_Debug\Obj\MK60_PIT.o
#        C:\Users\hhh\Desktop\毕设\程序\程序\Prj\IAR\FN15_Debug\Obj\MK60_port.o
#        C:\Users\hhh\Desktop\毕设\程序\程序\Prj\IAR\FN15_Debug\Obj\MK60_rtc.o
#        C:\Users\hhh\Desktop\毕设\程序\程序\Prj\IAR\FN15_Debug\Obj\MK60_sdhc.o
#        C:\Users\hhh\Desktop\毕设\程序\程序\Prj\IAR\FN15_Debug\Obj\MK60_spi.o
#        C:\Users\hhh\Desktop\毕设\程序\程序\Prj\IAR\FN15_Debug\Obj\MK60_SysTick.o
#        C:\Users\hhh\Desktop\毕设\程序\程序\Prj\IAR\FN15_Debug\Obj\MK60_uart.o
#        C:\Users\hhh\Desktop\毕设\程序\程序\Prj\IAR\FN15_Debug\Obj\MK60_usb.o
#        C:\Users\hhh\Desktop\毕设\程序\程序\Prj\IAR\FN15_Debug\Obj\MK60_wdog.o
#        C:\Users\hhh\Desktop\毕设\程序\程序\Prj\IAR\FN15_Debug\Obj\startup_MK60DZ10.o
#        C:\Users\hhh\Desktop\毕设\程序\程序\Prj\IAR\FN15_Debug\Obj\system_MK60DZ10.o
#        C:\Users\hhh\Desktop\毕设\程序\程序\Prj\IAR\FN15_Debug\Obj\USB.o
#        C:\Users\hhh\Desktop\毕设\程序\程序\Prj\IAR\FN15_Debug\Obj\USB_CDC.o
#        C:\Users\hhh\Desktop\毕设\程序\程序\Prj\IAR\FN15_Debug\Obj\VCAN_ASCII.o
#        C:\Users\hhh\Desktop\毕设\程序\程序\Prj\IAR\FN15_Debug\Obj\VCAN_BMP.o
#        C:\Users\hhh\Desktop\毕设\程序\程序\Prj\IAR\FN15_Debug\Obj\VCAN_camera.o
#        C:\Users\hhh\Desktop\毕设\程序\程序\Prj\IAR\FN15_Debug\Obj\VCAN_computer.o
#        C:\Users\hhh\Desktop\毕设\程序\程序\Prj\IAR\FN15_Debug\Obj\vcan_img2sd.o
#        C:\Users\hhh\Desktop\毕设\程序\程序\Prj\IAR\FN15_Debug\Obj\VCAN_key.o
#        C:\Users\hhh\Desktop\毕设\程序\程序\Prj\IAR\FN15_Debug\Obj\VCAN_key_event.o
#        C:\Users\hhh\Desktop\毕设\程序\程序\Prj\IAR\FN15_Debug\Obj\VCAN_LCD.o
#        C:\Users\hhh\Desktop\毕设\程序\程序\Prj\IAR\FN15_Debug\Obj\VCAN_LCD_CH.o
#        C:\Users\hhh\Desktop\毕设\程序\程序\Prj\IAR\FN15_Debug\Obj\VCAN_LCD_ILI9325.o
#        C:\Users\hhh\Desktop\毕设\程序\程序\Prj\IAR\FN15_Debug\Obj\VCAN_LCD_ILI9341.o
#        C:\Users\hhh\Desktop\毕设\程序\程序\Prj\IAR\FN15_Debug\Obj\VCAN_LCD_ST7735R.o
#        C:\Users\hhh\Desktop\毕设\程序\程序\Prj\IAR\FN15_Debug\Obj\VCAN_LCD_ST7735S.o
#        C:\Users\hhh\Desktop\毕设\程序\程序\Prj\IAR\FN15_Debug\Obj\VCAN_LED.o
#        C:\Users\hhh\Desktop\毕设\程序\程序\Prj\IAR\FN15_Debug\Obj\VCAN_MMA7455.o
#        C:\Users\hhh\Desktop\毕设\程序\程序\Prj\IAR\FN15_Debug\Obj\VCAN_NRF24L0.o
#        C:\Users\hhh\Desktop\毕设\程序\程序\Prj\IAR\FN15_Debug\Obj\VCAN_NRF24L0_MSG.o
#        C:\Users\hhh\Desktop\毕设\程序\程序\Prj\IAR\FN15_Debug\Obj\VCAN_OV7725_Eagle.o
#        C:\Users\hhh\Desktop\毕设\程序\程序\Prj\IAR\FN15_Debug\Obj\VCAN_OV7725_Wolf.o
#        C:\Users\hhh\Desktop\毕设\程序\程序\Prj\IAR\FN15_Debug\Obj\VCAN_RTC_count.o
#        C:\Users\hhh\Desktop\毕设\程序\程序\Prj\IAR\FN15_Debug\Obj\VCAN_SCCB.o
#        C:\Users\hhh\Desktop\毕设\程序\程序\Prj\IAR\FN15_Debug\Obj\vcan_sd_app.o
#        C:\Users\hhh\Desktop\毕设\程序\程序\Prj\IAR\FN15_Debug\Obj\Vcan_touch.o
#        C:\Users\hhh\Desktop\毕设\程序\程序\Prj\IAR\FN15_Debug\Obj\VCAN_TSL1401.o
#        C:\Users\hhh\Desktop\毕设\程序\程序\Prj\IAR\FN15_Debug\Obj\VCAN_UI_VAR.o
#        C:\Users\hhh\Desktop\毕设\程序\程序\Prj\IAR\FN15_Debug\Obj\vectors.o
#        --redirect _Printf=_PrintfLargeNoMb --redirect _Scanf=_ScanfLargeNoMb
#        -o
#        C:\Users\hhh\Desktop\毕设\程序\程序\Prj\IAR\FN15_Debug\Exe\vcan_Kinetis.out
#        --map
#        C:\Users\hhh\Desktop\毕设\程序\程序\Prj\IAR\FN15_Debug\List\vcan_Kinetis.map
#        --config "C:\Users\hhh\Desktop\毕设\程序\程序\Prj\IAR\config
#        files\vcan_ROM_K60N1M.icf"
#        C:\Users\hhh\Desktop\毕设\程序\程序\Prj\IAR\..\..\Lib\CMSIS\iar_cortexM4l_math.a
#        --entry __iar_program_start --redirect __write=__write_buffered --vfe
#
###############################################################################

*******************************************************************************
*** RUNTIME MODEL ATTRIBUTES
***

CppFlavor       = *
__SystemLibrary = DLib


*******************************************************************************
*** PLACEMENT SUMMARY
***

"A0":  place at 0x00000000 { ro section .intvec };
"A1":  place at 0x00000410 { ro section .noinit };
"P1":  place in [from 0x00000000 to 0x00100000] { ro, block CodeRelocate };
"P2":  place in [from 0x1fff0410 to 0x20010000] {
          rw, block CodeRelocateRam, block CSTACK, block HEAP };
initialize manually with packing = copy, complex ranges { rw };
initialize manually with packing = copy, complex ranges { section .data };
initialize manually with packing = copy, complex ranges { section .textrw };

  Section              Kind        Address    Size  Object
  -------              ----        -------    ----  ------
"A0":                                        0x410
  .intvec              const    0x00000000   0x410  vectors.o [1]
                              - 0x00000410   0x410

"A1":                                          0x8
  .noinit              ro code  0x00000410     0x8  startup_MK60DZ10.o [1]
                              - 0x00000418     0x8

"P1":                                       0x922c
  .text                ro code  0x00000418  0x2520  main.o [1]
  .text                ro code  0x00002938   0x6bc  VCAN_LCD.o [1]
  .text                ro code  0x00002ff4    0x30  I32ToDbl.o [4]
  .text                ro code  0x00003024   0x256  DblDiv.o [4]
  .rodata              const    0x0000327a     0x2  VCAN_camera.o [1]
  .text                ro code  0x0000327c   0x1a2  DblMul.o [4]
  .rodata              const    0x0000341e     0x2  VCAN_computer.o [1]
  .text                ro code  0x00003420    0x58  DblToI32.o [4]
  .text                ro code  0x00003478     0x8  abs.o [3]
  .text                ro code  0x00003480   0x5e8  MK60_ftm.o [1]
  .text                ro code  0x00003a68    0x7c  MK60_PIT.o [1]
  .text                ro code  0x00003ae4    0x50  misc.o [1]
  .text                ro code  0x00003b34   0x324  MK60_uart.o [1]
  .text                ro code  0x00003e58   0x362  VCAN_SCCB.o [1]
  .rodata              const    0x000041ba     0x2  VCAN_computer.o [1]
  .text                ro code  0x000041bc    0x4e  FltToDbl.o [4]
  .text                ro code  0x0000420c    0x90  DblToFlt.o [4]
  .text                ro code  0x0000429c    0x40  VCAN_computer.o [1]
  .text                ro code  0x000042dc   0x234  VCAN_OV7725_Eagle.o [1]
  .text                ro code  0x00004510    0x94  VCAN_camera.o [1]
  .text                ro code  0x000045a4    0xe8  DblAdd.o [4]
  .text                ro code  0x0000468c  0x1c2c  VCAN_LCD_ST7735S.o [1]
  .text                ro code  0x000062b8    0xb8  MK60_port.o [1]
  Veneer               ro code  0x00006370     0x8  - Linker created -
  Veneer               ro code  0x00006378     0x8  - Linker created -
  .text                ro code  0x00006380   0x144  MK60_conf.o [1]
  .text                ro code  0x000064c4   0x128  MK60_gpio.o [1]
  .text                ro code  0x000065ec   0x244  MK60_dma.o [1]
  .text                ro code  0x00006830    0x24  printf.o [3]
  .text                ro code  0x00006854    0x64  MK60_SysTick.o [1]
  .text                ro code  0x000068b8   0x180  DblSub.o [4]
  .text                ro code  0x00006a38    0x70  VCAN_LED.o [1]
  .text                ro code  0x00006aa8    0x9c  VCAN_key.o [1]
  .text                ro code  0x00006b44   0xc1a  xprintflarge_nomb.o [3]
  .text                ro code  0x00007760    0x16  strchr.o [5]
  .text                ro code  0x00007778    0x36  strlen.o [5]
  .text                ro code  0x000077b0    0x58  memchr.o [5]
  .text                ro code  0x00007808    0xee  I64DivMod.o [5]
  .text                ro code  0x000078f8    0x76  ABImemcpy_unaligned.o [5]
  .text                ro code  0x0000796e    0x44  xdnorm.o [4]
  .text                ro code  0x000079b4    0x2e  DblCmpLe.o [4]
  .text                ro code  0x000079e4    0x6c  localeconv.o [3]
  .text                ro code  0x00007a50     0xe  div.o [3]
  .text                ro code  0x00007a60     0x2  I64DivZer.o [5]
  .text                ro code  0x00007a62     0x2  xtls.o [3]
  .data_init                    0x00007a64   0x930  <Block>
    Initializer bytes  const    0x00007a64   0x930  <for .data-1>
  .rodata              const    0x00008394   0x600  VCAN_ASCII.o [1]
  Veneer               ro code  0x00008994     0x8  - Linker created -
  .text                ro code  0x0000899c   0x3d4  MK60_mcg.o [1]
  CodeRelocate                  0x00008d70   0x1f0  <Block>
    Initializer bytes  const    0x00008d70   0x1f0  <for CodeRelocateRam-1>
  .text                ro code  0x00008f60   0x140  system_MK60DZ10.o [1]
  .text                ro code  0x000090a0    0x40  MK60_wdog.o [1]
  .rodata              const    0x000090e0    0x4c  VCAN_LCD_ST7735S.o [1]
  .rodata              const    0x0000912c    0x48  MK60_SysTick.o [1]
  .rodata              const    0x00009174    0x44  MK60_dma.o [1]
  .rodata              const    0x000091b8    0x44  MK60_flash.o [1]
  .rodata              const    0x000091fc    0x44  MK60_ftm.o [1]
  .rodata              const    0x00009240    0x44  MK60_gpio.o [1]
  .rodata              const    0x00009284    0x44  MK60_PIT.o [1]
  .rodata              const    0x000092c8    0x44  MK60_uart.o [1]
  .rodata              const    0x0000930c    0x40  misc.o [1]
  .text                ro code  0x0000934c    0x40  zero_init3.o [5]
  .rodata              const    0x0000938c    0x3c  MK60_conf.o [1]
  .text                ro code  0x000093c8    0x28  data_init.o [5]
  .rodata              const    0x000093f0    0x24  MK60_conf.o [1]
  .rodata              const    0x00009414    0x24  VCAN_OV7725_Eagle.o [1]
  .rodata              const    0x00009438    0x24  VCAN_OV7725_Eagle.o [1]
  .text                ro code  0x0000945c    0x22  fpinit_M.o [4]
  .iar.init_table      const    0x00009480    0x10  - Linker created -
  .rodata              const    0x00009490    0x20  MK60_conf.o [1]
  .rodata              const    0x000094b0    0x20  VCAN_OV7725_Eagle.o [1]
  .text                ro code  0x000094d0    0x1a  cmain.o [5]
  .text                ro code  0x000094ea     0x4  low_level_init.o [3]
  .text                ro code  0x000094ee     0x4  exit.o [3]
  .text                ro code  0x000094f4     0xa  cexit.o [5]
  .text                ro code  0x00009500     0xc  XXexit.o [5]
  .rodata              const    0x0000950c    0x18  VCAN_OV7725_Eagle.o [1]
  .rodata              const    0x00009524    0x18  VCAN_OV7725_Eagle.o [1]
  .text                ro code  0x0000953c    0x16  xprout.o [3]
  .text                ro code  0x00009554     0xc  putchar.o [3]
  .rodata              const    0x00009560    0x14  MK60_conf.o [1]
  .rodata              const    0x00009574    0x14  VCAN_OV7725_Eagle.o [1]
  .text                ro code  0x00009588     0xc  cstartup_M.o [5]
  .rodata              const    0x00009594     0x4  main.o [1]
  .rodata              const    0x00009598     0x4  main.o [1]
  .rodata              const    0x0000959c     0x4  main.o [1]
  .rodata              const    0x000095a0     0x4  main.o [1]
  .rodata              const    0x000095a4     0x4  main.o [1]
  .rodata              const    0x000095a8     0x4  main.o [1]
  .rodata              const    0x000095ac     0x4  main.o [1]
  .rodata              const    0x000095b0     0x4  VCAN_LCD.o [1]
  .rodata              const    0x000095b4     0x4  VCAN_LCD.o [1]
  .rodata              const    0x000095b8     0x4  VCAN_LCD.o [1]
  .rodata              const    0x000095bc     0x0  zero_init3.o [5]
  Initializer bytes    const    0x000095bc    0x88  <for P2 s0>
                              - 0x00009644  0x922c

"P2", part 1 of 3:                           0xb20
  .data                         0x1fff0410   0x930  <Block>
    .data-1                     0x1fff0410   0x92e  <Init block>
      .data            inited   0x1fff0410    0x3c  main.o [1]
      .data            inited   0x1fff044c    0x3c  main.o [1]
      .data            inited   0x1fff0488    0x3c  main.o [1]
      .data            inited   0x1fff04c4     0x4  main.o [1]
      .data            inited   0x1fff04c8     0x4  main.o [1]
      .data            inited   0x1fff04cc     0x4  main.o [1]
      .data            inited   0x1fff04d0   0x708  MK60_conf.o [1]
      .data            inited   0x1fff0bd8    0x10  MK60_ftm.o [1]
      .data            inited   0x1fff0be8    0x14  MK60_gpio.o [1]
      .data            inited   0x1fff0bfc    0x58  MK60_mcg.o [1]
      .data            inited   0x1fff0c54     0x4  MK60_mcg.o [1]
      .data            inited   0x1fff0c58    0x14  MK60_port.o [1]
      .data            inited   0x1fff0c6c    0x18  MK60_uart.o [1]
      .data            inited   0x1fff0c84     0x8  VCAN_key.o [1]
      .data            inited   0x1fff0c8c     0x4  VCAN_LED.o [1]
      .data            inited   0x1fff0c90    0x64  VCAN_OV7725_Eagle.o [1]
      .data            inited   0x1fff0cf4    0x40  xfiles.o [3]
      .data            inited   0x1fff0d34     0x2  main.o [1]
      .data            inited   0x1fff0d36     0x2  VCAN_LCD_ST7735S.o [1]
      .data            inited   0x1fff0d38     0x2  VCAN_LCD_ST7735S.o [1]
      .data            inited   0x1fff0d3a     0x1  main.o [1]
      .data            inited   0x1fff0d3b     0x1  main.o [1]
      .data            inited   0x1fff0d3c     0x1  VCAN_OV7725_Eagle.o [1]
      .data            inited   0x1fff0d3d     0x1  VCAN_OV7725_Eagle.o [1]
  CodeRelocateRam               0x1fff0d40   0x1f0  <Block>
    CodeRelocateRam-1           0x1fff0d40   0x1f0  <Init block>
      Veneer           inited   0x1fff0d40     0x8  - Linker created -
      Veneer           inited   0x1fff0d48     0x8  - Linker created -
      .textrw          inited   0x1fff0d50   0x190  MK60_flash.o [1]
      .textrw          inited   0x1fff0ee0    0x50  MK60_mcg.o [1]
                              - 0x1fff0f30   0xb20

"P2", part 2 of 3:                          0x1bd8
  .bss                          0x1fff0f30  0x1bd8  <Block>
    .bss               zero     0x1fff0f30  0x12c0  main.o [1]
    .bss               zero     0x1fff21f0   0x258  main.o [1]
    .bss               zero     0x1fff2448     0x4  main.o [1]
    .bss               zero     0x1fff244c     0x4  main.o [1]
    .bss               zero     0x1fff2450     0x4  main.o [1]
    .bss               zero     0x1fff2454     0x4  main.o [1]
    .bss               zero     0x1fff2458     0x4  main.o [1]
    .bss               zero     0x1fff245c     0x4  main.o [1]
    .bss               zero     0x1fff2460     0x4  main.o [1]
    .bss               zero     0x1fff2464    0xf0  main.o [1]
    .bss               zero     0x1fff2554    0xf0  main.o [1]
    .bss               zero     0x1fff2644    0xf0  main.o [1]
    .bss               zero     0x1fff2734    0xf0  main.o [1]
    .bss               zero     0x1fff2824     0x4  main.o [1]
    .bss               zero     0x1fff2828     0x4  main.o [1]
    .bss               zero     0x1fff282c    0xf0  main.o [1]
    .bss               zero     0x1fff291c    0xf0  main.o [1]
    .bss               zero     0x1fff2a0c     0x4  main.o [1]
    .bss               zero     0x1fff2a10     0x4  main.o [1]
    .bss               zero     0x1fff2a14     0x4  main.o [1]
    .bss               zero     0x1fff2a18     0x4  main.o [1]
    .bss               zero     0x1fff2a1c     0x4  main.o [1]
    .bss               zero     0x1fff2a20     0x4  main.o [1]
    .bss               zero     0x1fff2a24     0x4  main.o [1]
    .bss               zero     0x1fff2a28     0x4  main.o [1]
    .bss               zero     0x1fff2a2c    0x10  main.o [1]
    .bss               zero     0x1fff2a3c    0x10  main.o [1]
    .bss               zero     0x1fff2a4c     0x4  main.o [1]
    .bss               zero     0x1fff2a50     0x4  main.o [1]
    .bss               zero     0x1fff2a54     0xc  main.o [1]
    .bss               zero     0x1fff2a60     0x4  main.o [1]
    .bss               zero     0x1fff2a64     0xc  main.o [1]
    .bss               zero     0x1fff2a70     0x4  main.o [1]
    .bss               zero     0x1fff2a74     0x4  main.o [1]
    .bss               zero     0x1fff2a78     0x4  main.o [1]
    .bss               zero     0x1fff2a7c    0x10  MK60_ftm.o [1]
    .bss               zero     0x1fff2a8c     0x4  system_MK60DZ10.o [1]
    .bss               zero     0x1fff2a90     0x4  system_MK60DZ10.o [1]
    .bss               zero     0x1fff2a94     0x4  system_MK60DZ10.o [1]
    .bss               zero     0x1fff2a98     0x4  VCAN_OV7725_Eagle.o [1]
    .bss               zero     0x1fff2a9c    0x50  xfiles.o [3]
    .bss               zero     0x1fff2aec     0x2  main.o [1]
    .bss               zero     0x1fff2aee     0x2  main.o [1]
    .bss               zero     0x1fff2af0     0x2  main.o [1]
    .bss               zero     0x1fff2af2     0x2  main.o [1]
    .bss               zero     0x1fff2af4     0x2  main.o [1]
    .bss               zero     0x1fff2af6     0x2  main.o [1]
    .bss               zero     0x1fff2af8     0x1  main.o [1]
    .bss               zero     0x1fff2af9     0x1  main.o [1]
    .bss               zero     0x1fff2afa     0x1  main.o [1]
    .bss               zero     0x1fff2afb     0x1  main.o [1]
    .bss               zero     0x1fff2afc     0x1  main.o [1]
    .bss               zero     0x1fff2afd     0x1  main.o [1]
    .bss               zero     0x1fff2afe     0x1  main.o [1]
    .bss               zero     0x1fff2aff     0x1  main.o [1]
    .bss               zero     0x1fff2b00     0x1  main.o [1]
    .bss               zero     0x1fff2b01     0x1  main.o [1]
    .bss               zero     0x1fff2b02     0x1  main.o [1]
    .bss               zero     0x1fff2b03     0x1  main.o [1]
    .bss               zero     0x1fff2b04     0x1  main.o [1]
    .bss               zero     0x1fff2b05     0x1  main.o [1]
    .bss               zero     0x1fff2b06     0x1  VCAN_LCD_ST7735S.o [1]
                              - 0x1fff2b08  0x1bd8

"P2", part 3 of 3:                            0x88
  P2 s0                         0x1fff2b08    0x88  <Init block>
    __DLIB_PERTHREAD   inited   0x1fff2b08    0x88  localeconv.o [3]
                              - 0x1fff2b90    0x88


*******************************************************************************
*** INIT TABLE
***

          Address     Size
          -------     ----
Zero (__iar_zero_init3)
    1 destination range, total size 0x1bd7:
          0x1fff0f30  0x1bd7



*******************************************************************************
*** MODULE SUMMARY
***

    Module                 ro code  rw code  ro data  rw data
    ------                 -------  -------  -------  -------
C:\Users\hhh\Desktop\毕设\程序\程序\Prj\IAR\FN15_Debug\Obj: [1]
    MK60_PIT.o                 124                68
    MK60_SysTick.o             100                72
    MK60_conf.o                324             1 948    1 800
    MK60_dma.o                 580                68
    MK60_flash.o                        400      468
    MK60_ftm.o               1 512                84       32
    MK60_gpio.o                296                88       20
    MK60_mcg.o                 980       80      172       92
    MK60_port.o                184                20       20
    MK60_uart.o                804                92       24
    MK60_wdog.o                 64
    VCAN_ASCII.o                               1 536
    VCAN_LCD.o               1 724                12
    VCAN_LCD_ST7735S.o       7 212                80        5
    VCAN_LED.o                 112                 4        4
    VCAN_OV7725_Eagle.o        564               274      106
    VCAN_SCCB.o                866
    VCAN_camera.o              148                 2
    VCAN_computer.o             64                 4
    VCAN_key.o                 156                 8        8
    main.o                   9 504               224    7 210
    misc.o                      80                64
    startup_MK60DZ10.o           8
    system_MK60DZ10.o          320                         12
    vectors.o                                  1 040
    ---------------------------------------------------------
    Total:                  25 726      480    6 328    9 333

command line: [2]
    ---------------------------------------------------------
    Total:

dl7M_tlf.a: [3]
    abs.o                        8
    div.o                       14
    exit.o                       4
    localeconv.o               108               136      136
    low_level_init.o             4
    printf.o                    36
    putchar.o                   12
    xfiles.o                                      64      144
    xprintflarge_nomb.o      3 098
    xprout.o                    22
    xtls.o                       2
    ---------------------------------------------------------
    Total:                   3 308               200      280

m7M_tls.a: [4]
    DblAdd.o                   232
    DblCmpLe.o                  46
    DblDiv.o                   598
    DblMul.o                   418
    DblSub.o                   384
    DblToFlt.o                 144
    DblToI32.o                  88
    FltToDbl.o                  78
    I32ToDbl.o                  48
    fpinit_M.o                  34
    xdnorm.o                    68
    ---------------------------------------------------------
    Total:                   2 138

rt7M_tl.a: [5]
    ABImemcpy_unaligned.o      118
    I64DivMod.o                238
    I64DivZer.o                  2
    XXexit.o                    12
    cexit.o                     10
    cmain.o                     26
    cstartup_M.o                12
    data_init.o                 40
    memchr.o                    88
    strchr.o                    22
    strlen.o                    54
    zero_init3.o                64
    ---------------------------------------------------------
    Total:                     686

    Gaps                        22                 2
    Linker created              24       16       34
-------------------------------------------------------------
    Grand Total:            31 904      496    6 564    9 613


*******************************************************************************
*** ENTRY LIST
***

Entry                      Address    Size  Type      Object
-----                      -------    ----  ----      ------
.bss$$Base              0x1fff0f30           --   Gb  - Linker created -
.bss$$Limit             0x1fff2b08           --   Gb  - Linker created -
.data$$Base             0x1fff0410           --   Gb  - Linker created -
.data$$Limit            0x1fff0d40           --   Gb  - Linker created -
.data_init$$Base        0x00007a64           --   Gb  - Linker created -
.data_init$$Limit       0x00008394           --   Gb  - Linker created -
.iar.init_table$$Base   0x00009480           --   Gb  - Linker created -
.iar.init_table$$Limit  0x00009490           --   Gb  - Linker created -
?main                   0x000094d1          Code  Gb  cmain.o [5]
ASSERT_FAILED_STR       0x000093f0    0x24  Data  Gb  MK60_conf.o [1]
Angle_X                 0x1fff2af2     0x2  Data  Gb  main.o [1]
Angle_Y                 0x1fff2af4     0x2  Data  Gb  main.o [1]
Angle_Z                 0x1fff2af6     0x2  Data  Gb  main.o [1]
BZ_dianci               0x1fff2b03     0x1  Data  Gb  main.o [1]
CodeRelocate$$Base      0x00008d70           --   Gb  - Linker created -
CodeRelocate$$Limit     0x00008f60           --   Gb  - Linker created -
CodeRelocateRam$$Base   0x1fff0d40           --   Gb  - Linker created -
CodeRelocateRam$$Limit  0x1fff0f30           --   Gb  - Linker created -
DMA0_IRQHandler         0x0000292b     0x8  Code  Gb  main.o [1]
FTMN                    0x1fff0bd8    0x10  Data  Gb  MK60_ftm.o [1]
FTM_port_mux            0x00003481   0x1ac  Code  Lc  MK60_ftm.o [1]
GPIOX                   0x1fff0be8    0x14  Data  Gb  MK60_gpio.o [1]
KD                      0x1fff04c8     0x4  Data  Gb  main.o [1]
KEY_PTxn                0x1fff0c84     0x8  Data  Gb  VCAN_key.o [1]
KP                      0x1fff04c4     0x4  Data  Gb  main.o [1]
KP1                     0x1fff04cc     0x4  Data  Gb  main.o [1]
LCD_Img_Binary_Z        0x00002e65   0x16a  Code  Gb  VCAN_LCD.o [1]
LCD_ST7735S_dir         0x0000564b   0xa0c  Code  Gb  VCAN_LCD_ST7735S.o [1]
LCD_ST7735S_init        0x0000468d   0xfbe  Code  Gb  VCAN_LCD_ST7735S.o [1]
LCD_ST7735S_ptlon       0x0000606d   0x21c  Code  Gb  VCAN_LCD_ST7735S.o [1]
LCD_char                0x00002b1d   0x1c0  Code  Gb  VCAN_LCD.o [1]
LCD_init                0x00002939    0x2c  Code  Gb  VCAN_LCD.o [1]
LCD_num                 0x00002cdd    0x88  Code  Gb  VCAN_LCD.o [1]
LCD_num_BC              0x00002d65   0x100  Code  Gb  VCAN_LCD.o [1]
LCD_point               0x00002a37    0xc0  Code  Gb  VCAN_LCD.o [1]
LCD_points              0x00002af7    0x26  Code  Gb  VCAN_LCD.o [1]
LCD_rectangle           0x00002965    0xd2  Code  Gb  VCAN_LCD.o [1]
LED_PTxn                0x1fff0c8c     0x4  Data  Gb  VCAN_LED.o [1]
LoadInt                 0x000070df    0x6e  Code  Lc  xprintflarge_nomb.o [3]
NVIC_DisableIRQ         0x00003b4b    0x16  Code  Lc  MK60_uart.o [1]
NVIC_DisableIRQ         0x000042f1    0x14  Code  Lc  VCAN_OV7725_Eagle.o [1]
NVIC_EnableIRQ          0x0000043d    0x16  Code  Lc  main.o [1]
NVIC_EnableIRQ          0x00003b35    0x16  Code  Lc  MK60_uart.o [1]
NVIC_EnableIRQ          0x000042dd    0x14  Code  Lc  VCAN_OV7725_Eagle.o [1]
NVIC_SetPriority        0x00000453    0x2a  Code  Lc  main.o [1]
NVIC_SetPriorityGrouping
                        0x00000419    0x24  Code  Lc  main.o [1]
NVIC_SystemReset        0x00006381    0x1a  Code  Lc  MK60_conf.o [1]
PIT0_IRQHandler2        0x000007cf    0x44  Code  Gb  main.o [1]
PIT0_IRQHandler2::js    0x1fff2b05     0x1  Data  Lc  main.o [1]
PORTA_IRQHandler        0x00002901    0x2a  Code  Gb  main.o [1]
PORTX                   0x1fff0c58    0x14  Data  Gb  MK60_port.o [1]
QieHuan                 0x000019a5   0x538  Code  Gb  main.o [1]
QieHuan_Flag            0x1fff2b02     0x1  Data  Gb  main.o [1]
Region$$Table$$Base     0x00009480           --   Gb  - Linker created -
Region$$Table$$Limit    0x00009490           --   Gb  - Linker created -
Reset_Handler           0x00000411          Code  Gb  startup_MK60DZ10.o [1]
SCCB_Ack                0x00003f2d    0x3c  Code  Lc  VCAN_SCCB.o [1]
SCCB_GPIO_init          0x00003e73    0x28  Code  Gb  VCAN_SCCB.o [1]
SCCB_NoAck              0x00003f69    0x3c  Code  Lc  VCAN_SCCB.o [1]
SCCB_ReadByte           0x00004109    0x2c  Code  Gb  VCAN_SCCB.o [1]
SCCB_ReadByte_one       0x00004135    0x86  Code  Lc  VCAN_SCCB.o [1]
SCCB_ReceiveByte        0x00004035    0x54  Code  Lc  VCAN_SCCB.o [1]
SCCB_SendByte           0x00003ff1    0x44  Code  Lc  VCAN_SCCB.o [1]
SCCB_Start              0x00003e9b    0x5e  Code  Lc  VCAN_SCCB.o [1]
SCCB_Stop               0x00003ef9    0x34  Code  Lc  VCAN_SCCB.o [1]
SCCB_WaitAck            0x00003fa5    0x4c  Code  Lc  VCAN_SCCB.o [1]
SCCB_WriteByte          0x00004099    0x28  Code  Gb  VCAN_SCCB.o [1]
SCCB_WriteByte_one      0x000040c1    0x48  Code  Lc  VCAN_SCCB.o [1]
SCCB_delay              0x00003e59    0x1a  Code  Lc  VCAN_SCCB.o [1]
ST7735S_get_h           0x00006289     0x6  Code  Gb  VCAN_LCD_ST7735S.o [1]
ST7735S_get_w           0x0000628f     0x6  Code  Gb  VCAN_LCD_ST7735S.o [1]
TOF_1020                0x0000090f   0x17a  Code  Gb  main.o [1]
UARTN                   0x1fff0c6c    0x18  Data  Gb  MK60_uart.o [1]
_GenldLargeNoMb         0x000074d7   0x23e  Code  Lc  xprintflarge_nomb.o [3]
_LdtobLargeNoMb         0x00007259   0x278  Code  Lc  xprintflarge_nomb.o [3]
_LitobLargeNoMb         0x0000714d   0x10a  Code  Lc  xprintflarge_nomb.o [3]
_Locale_aeabi_lconv     0x1fff2b58    0x38  Data  Gb  localeconv.o [3]
_Locale_lconv           0x1fff2b08    0x50  Data  Gb  localeconv.o [3]
_PrintfLargeNoMb        0x00006b45   0x594  Code  Gb  xprintflarge_nomb.o [3]
_Prout                  0x0000953d    0x16  Code  Gb  xprout.o [3]
_PutcharsLargeNoMb      0x00007715    0x2e  Code  Lc  xprintflarge_nomb.o [3]
__BOOT_STACK_ADDRESS {Abs}
                        0x2000fff8          Data  Gb  command line/config [2]
__VECTOR_RAM {Abs}      0x1fff0000          Data  Gb  command line/config [2]
__VECTOR_TABLE {Abs}    0x00000000          Data  Gb  command line/config [2]
__aeabi_cdcmple         0x000079b5          Code  Gb  DblCmpLe.o [4]
__aeabi_d2f             0x0000420d          Code  Gb  DblToFlt.o [4]
__aeabi_d2iz            0x00003421          Code  Gb  DblToI32.o [4]
__aeabi_d2uiz           0x0000344d          Code  Gb  DblToI32.o [4]
__aeabi_dadd            0x000045a5          Code  Gb  DblAdd.o [4]
__aeabi_ddiv            0x00003025          Code  Gb  DblDiv.o [4]
__aeabi_dmul            0x0000327d          Code  Gb  DblMul.o [4]
__aeabi_dsub            0x000068b9          Code  Gb  DblSub.o [4]
__aeabi_f2d             0x000041bd          Code  Gb  FltToDbl.o [4]
__aeabi_i2d             0x00002ff5          Code  Gb  I32ToDbl.o [4]
__aeabi_ldiv0           0x00007a61          Code  Gb  I64DivZer.o [5]
__aeabi_ui2d            0x00003009          Code  Gb  I32ToDbl.o [4]
__aeabi_uldivmod        0x00007809          Code  Gb  I64DivMod.o [5]
__cmain                 0x000094d1          Code  Gb  cmain.o [5]
__code_start__ {Abs}    0x00000410          Data  Gb  command line/config [2]
__exit                  0x00009501          Code  Gb  XXexit.o [5]
__iar_Dnorm             0x0000796f    0x44  Code  Gb  xdnorm.o [4]
__iar_Locale_lconv_init
                        0x000079e5    0x3a  Code  Gb  localeconv.o [3]
__iar_Memchr            0x000077b1          Code  Gb  memchr.o [5]
__iar_Stdout            0x1fff0cf4    0x40  Data  Gb  xfiles.o [3]
__iar_Strchr            0x00007761          Code  Gb  strchr.o [5]
__iar_d2uiz             0x00003459          Code  Gb  DblToI32.o [4]
__iar_dadd              0x000045b9          Code  Gb  DblAdd.o [4]
__iar_data_init3        0x000093c9    0x28  Code  Gb  data_init.o [5]
__iar_dlib_perthread_access
                        0x00007a63     0x2  Code  Gb  xtls.o [3]
__iar_dsub              0x000068cd          Code  Gb  DblSub.o [4]
__iar_dsubStart         0x000068df          Code  Gb  DblSub.o [4]
__iar_init_vfp          0x0000945d          Code  Gb  fpinit_M.o [4]
__iar_program_start     0x00009589          Code  Gb  cstartup_M.o [5]
__iar_ui2d              0x0000300d          Code  Gb  I32ToDbl.o [4]
__iar_unaligned___aeabi_memcpy
                        0x000078f9          Code  Gb  ABImemcpy_unaligned.o [5]
__iar_unaligned___aeabi_memcpy4
                        0x00007919          Code  Gb  ABImemcpy_unaligned.o [5]
__iar_unaligned___aeabi_memcpy8
                        0x00007919          Code  Gb  ABImemcpy_unaligned.o [5]
__iar_zero_init3        0x0000934d    0x40  Code  Gb  zero_init3.o [5]
__low_level_init        0x000094eb     0x4  Code  Gb  low_level_init.o [3]
__vector_table          0x00000000   0x410  Data  Gb  vectors.o [1]
_call_main              0x000094dd          Code  Gb  cmain.o [5]
_exit                   0x000094f5          Code  Gb  cexit.o [5]
_main                   0x000094e7          Code  Gb  cmain.o [5]
abs                     0x00003479     0x8  Code  Gb  abs.o [3]
ascii_8x16              0x00008394   0x600  Data  Gb  VCAN_ASCII.o [1]
assert_failed           0x0000639b    0x26  Code  Gb  MK60_conf.o [1]
ave                     0x1fff2454     0x4  Data  Gb  main.o [1]
bus_clk_khz             0x1fff2a94     0x4  Data  Gb  system_MK60DZ10.o [1]
ch_2019                 0x1fff2a3c    0x10  Data  Gb  main.o [1]
common_startup          0x00008fcb    0x98  Code  Gb  system_MK60DZ10.o [1]
core_clk_khz            0x1fff2a8c     0x4  Data  Gb  system_MK60DZ10.o [1]
core_clk_mhz            0x1fff2a90     0x4  Data  Gb  system_MK60DZ10.o [1]
daolu_fenxi             0x00001edd   0x3c8  Code  Gb  main.o [1]
default_isr             0x0000646f    0x34  Code  Gb  MK60_conf.o [1]
dianjihuang             0x000005eb    0x2e  Code  Gb  main.o [1]
disu_duoji              0x000027e1    0xa6  Code  Gb  main.o [1]
div                     0x00007a51     0xe  Code  Gb  div.o [3]
dma_gpio_input_init     0x000065ed    0x60  Code  Lc  MK60_dma.o [1]
dma_portx2buff_init     0x0000664d   0x1b0  Code  Gb  MK60_dma.o [1]
duo_ji_SX               0x1fff0d3a     0x1  Data  Gb  main.o [1]
duo_ji_XX               0x1fff0d3b     0x1  Data  Gb  main.o [1]
duoji                   0x000023d1   0x246  Code  Gb  main.o [1]
duoji_K1                0x1fff2458     0x4  Data  Gb  main.o [1]
duoji_K2                0x1fff245c     0x4  Data  Gb  main.o [1]
duoji_duty              0x1fff0d34     0x2  Data  Gb  main.o [1]
duoji_duty_K            0x1fff2aec     0x2  Data  Gb  main.o [1]
duoji_error             0x1fff244c     0x4  Data  Gb  main.o [1]
duoji_error_hunhe       0x1fff2460     0x4  Data  Gb  main.o [1]
duoji_last_error        0x1fff2448     0x4  Data  Gb  main.o [1]
exit                    0x000094ef     0x4  Code  Gb  exit.o [3]
flash_cmd               0x1fff0d51    0x20  Code  Gb  MK60_flash.o [1]
flash_erase_sector      0x1fff0d95    0x5c  Code  Gb  MK60_flash.o [1]
flash_init              0x1fff0d71    0x24  Code  Gb  MK60_flash.o [1]
flash_write             0x1fff0df1    0xb4  Code  Gb  MK60_flash.o [1]
fputc                   0x000063c1    0x14  Code  Gb  MK60_conf.o [1]
ftm_mod                 0x1fff2a7c    0x10  Data  Lc  MK60_ftm.o [1]
ftm_pwm_duty            0x000037db   0x118  Code  Gb  MK60_ftm.o [1]
ftm_pwm_init            0x0000362d   0x1ae  Code  Gb  MK60_ftm.o [1]
ftm_quad_clean          0x00003a25    0x28  Code  Gb  MK60_ftm.o [1]
ftm_quad_get            0x000039f9    0x2c  Code  Gb  MK60_ftm.o [1]
ftm_quad_init           0x000038f3   0x106  Code  Gb  MK60_ftm.o [1]
gpio_get                0x000065ab    0x3a  Code  Gb  MK60_gpio.o [1]
gpio_init               0x000064c5    0xae  Code  Gb  MK60_gpio.o [1]
gpio_turn               0x00006573    0x38  Code  Gb  MK60_gpio.o [1]
huamid                  0x00002661   0x114  Code  Gb  main.o [1]
huandaoLB               0x1fff2a14     0x4  Data  Gb  main.o [1]
huandaoLK               0x1fff2a0c     0x4  Data  Gb  main.o [1]
huandaoRB               0x1fff2a18     0x4  Data  Gb  main.o [1]
huandaoRK               0x1fff2a10     0x4  Data  Gb  main.o [1]
hudao1CLF               0x1fff2aff     0x1  Data  Gb  main.o [1]
hudao1CRF               0x1fff2b00     0x1  Data  Gb  main.o [1]
hudao2RLF               0x1fff2afd     0x1  Data  Gb  main.o [1]
hudao2RRF               0x1fff2afe     0x1  Data  Gb  main.o [1]
i_2019                  0x1fff2a60     0x4  Data  Gb  main.o [1]
img                     0x1fff0f30  0x12c0  Data  Gb  main.o [1]
img_extract             0x00004511    0x94  Code  Gb  VCAN_camera.o [1]
imgbuff                 0x1fff21f0   0x258  Data  Gb  main.o [1]
key_check               0x00006b15    0x2a  Code  Gb  VCAN_key.o [1]
key_get                 0x00006afb    0x1a  Code  Gb  VCAN_key.o [1]
key_init                0x00006aa9    0x52  Code  Gb  VCAN_key.o [1]
lcd_camera_init         0x00002889    0x24  Code  Gb  main.o [1]
lcd_display             0x0000047d   0x16e  Code  Gb  main.o [1]
led_init                0x00006a39    0x3a  Code  Gb  VCAN_LED.o [1]
led_turn                0x00006a73    0x32  Code  Gb  VCAN_LED.o [1]
left_currve_flag        0x1fff2afa     0x1  Data  Gb  main.o [1]
left_loss_line          0x1fff2af8     0x1  Data  Gb  main.o [1]
length_val              0x1fff2a54     0xc  Data  Gb  main.o [1]
localeconv              0x00007a1f    0x16  Code  Gb  localeconv.o [3]
main                    0x00000619   0x1b6  Code  Gb  main.o [1]
mcg_cfg                 0x1fff0bfc    0x58  Data  Gb  MK60_mcg.o [1]
mcg_div                 0x1fff0c54     0x4  Data  Gb  MK60_mcg.o [1]
mcg_div_count           0x0000899d   0x304  Code  Gb  MK60_mcg.o [1]
memchr                  0x000077b1          Code  Gb  memchr.o [5]
mid                     0x1fff2464    0xf0  Data  Gb  main.o [1]
mid1                    0x1fff2554    0xf0  Data  Gb  main.o [1]
mid_L_line              0x1fff2644    0xf0  Data  Gb  main.o [1]
mid_L_line_last         0x1fff2824     0x4  Data  Gb  main.o [1]
mid_R_line              0x1fff2734    0xf0  Data  Gb  main.o [1]
mid_R_line_last         0x1fff2828     0x4  Data  Gb  main.o [1]
midline                 0x00000b15   0xe0e  Code  Gb  main.o [1]
obuf                    0x1fff2a9c    0x50  Data  Lc  xfiles.o [3]
ov7725_eagle_cfgnum     0x1fff0d3d     0x1  Data  Gb  VCAN_OV7725_Eagle.o [1]
ov7725_eagle_dma        0x000043bd    0x14  Code  Gb  VCAN_OV7725_Eagle.o [1]
ov7725_eagle_get_img    0x000043d1    0x42  Code  Gb  VCAN_OV7725_Eagle.o [1]
ov7725_eagle_img_buff   0x1fff2a98     0x4  Data  Gb  VCAN_OV7725_Eagle.o [1]
ov7725_eagle_img_flag   0x1fff0d3c     0x1  Data  Gb  VCAN_OV7725_Eagle.o [1]
ov7725_eagle_init       0x00004305    0x18  Code  Gb  VCAN_OV7725_Eagle.o [1]
ov7725_eagle_port_init  0x0000431d    0x54  Code  Lc  VCAN_OV7725_Eagle.o [1]
ov7725_eagle_reg        0x1fff0c90    0x64  Data  Gb  VCAN_OV7725_Eagle.o [1]
ov7725_eagle_reg_init   0x00004413    0xb2  Code  Lc  VCAN_OV7725_Eagle.o [1]
ov7725_eagle_vsync      0x00004371    0x4c  Code  Gb  VCAN_OV7725_Eagle.o [1]
panduanL                0x1fff282c    0xf0  Data  Gb  main.o [1]
panduanR                0x1fff291c    0xf0  Data  Gb  main.o [1]
pit_init                0x00003a69    0x6c  Code  Gb  MK60_PIT.o [1]
pll_init                0x00008ca1    0xb2  Code  Gb  MK60_mcg.o [1]
port_init               0x000062b9    0x48  Code  Gb  MK60_port.o [1]
port_init_NoALT         0x00006301    0x66  Code  Gb  MK60_port.o [1]
printf                  0x00006831    0x24  Code  Gb  printf.o [3]
putchar                 0x00009555     0xc  Code  Gb  putchar.o [3]
right_currve_flag       0x1fff2afb     0x1  Data  Gb  main.o [1]
right_loss_line         0x1fff2af9     0x1  Data  Gb  main.o [1]
rxcnt                   0x1fff2a50     0x4  Data  Gb  main.o [1]
rxflag                  0x1fff2a4c     0x4  Data  Gb  main.o [1]
set_sys_dividers        0x1fff0ee1    0x50  Code  Gb  MK60_mcg.o [1]
set_vector_handler      0x00003b07    0x22  Code  Gb  misc.o [1]
shiziL_B                0x1fff2a24     0x4  Data  Gb  main.o [1]
shiziL_K                0x1fff2a1c     0x4  Data  Gb  main.o [1]
shiziR_B                0x1fff2a28     0x4  Data  Gb  main.o [1]
shiziR_K                0x1fff2a20     0x4  Data  Gb  main.o [1]
shziF1                  0x1fff2b01     0x1  Data  Gb  main.o [1]
st7735s_dir             0x1fff2b06     0x1  Data  Gb  VCAN_LCD_ST7735S.o [1]
st7735s_h               0x1fff0d36     0x2  Data  Gb  VCAN_LCD_ST7735S.o [1]
st7735s_w               0x1fff0d38     0x2  Data  Gb  VCAN_LCD_ST7735S.o [1]
start                   0x00008f61    0x2e  Code  Gb  system_MK60DZ10.o [1]
start_check             0x000063d5    0x9a  Code  Gb  MK60_conf.o [1]
straig_Lline            0x1fff0410    0x3c  Data  Gb  main.o [1]
straig_Rline            0x1fff044c    0x3c  Data  Gb  main.o [1]
strchr                  0x00007761          Code  Gb  strchr.o [5]
strlen                  0x00007779          Code  Gb  strlen.o [5]
sum                     0x1fff2450     0x4  Data  Gb  main.o [1]
sysinit                 0x00008f8f    0x3c  Code  Gb  system_MK60DZ10.o [1]
systick_delay           0x00006855    0x36  Code  Gb  MK60_SysTick.o [1]
systick_delay_ms        0x0000688b    0x18  Code  Gb  MK60_SysTick.o [1]
tiqianCL                0x000022a5   0x128  Code  Gb  main.o [1]
uart0_test_handler      0x00000813    0x7c  Code  Gb  main.o [1]
uart1_test_handler      0x0000088f    0x80  Code  Gb  main.o [1]
uart_getchar            0x00003d75    0x1e  Code  Gb  MK60_uart.o [1]
uart_init               0x00003b61   0x214  Code  Gb  MK60_uart.o [1]
uart_putbuff            0x00003dad    0x26  Code  Gb  MK60_uart.o [1]
uart_putchar            0x00003d93    0x1a  Code  Gb  MK60_uart.o [1]
uart_rx_irq_dis         0x00003dfd    0x3a  Code  Gb  MK60_uart.o [1]
uart_rx_irq_en          0x00003dd3    0x2a  Code  Gb  MK60_uart.o [1]
ucRxBuffer              0x1fff2a64     0xc  Data  Gb  main.o [1]
ucRxCnt                 0x1fff2b04     0x1  Data  Gb  main.o [1]
val_left                0x1fff2aee     0x2  Data  Gb  main.o [1]
val_right               0x1fff2af0     0x2  Data  Gb  main.o [1]
var                     0x1fff2a2c    0x10  Data  Gb  main.o [1]
vcan_sendware           0x0000429d    0x38  Code  Gb  VCAN_computer.o [1]
vector_str              0x1fff04d0   0x708  Data  Gb  MK60_conf.o [1]
wdog_disable            0x000090a1    0x16  Code  Gb  MK60_wdog.o [1]
wdog_unlock             0x000090b7    0x20  Code  Lc  MK60_wdog.o [1]
write_vtor              0x00003ae5    0x22  Code  Gb  misc.o [1]
x                       0x1fff2a70     0x4  Data  Gb  main.o [1]
xz1                     0x1fff0488    0x3c  Data  Gb  main.o [1]
y                       0x1fff2a74     0x4  Data  Gb  main.o [1]
z                       0x1fff2a78     0x4  Data  Gb  main.o [1]
zhidao_flag             0x1fff2afc     0x1  Data  Gb  main.o [1]


[1] = C:\Users\hhh\Desktop\毕设\程序\程序\Prj\IAR\FN15_Debug\Obj
[2] = command line
[3] = dl7M_tlf.a
[4] = m7M_tls.a
[5] = rt7M_tl.a

  31 904 bytes of readonly  code memory
     496 bytes of readwrite code memory
   6 564 bytes of readonly  data memory
   9 613 bytes of readwrite data memory

Errors: none
Warnings: none
