###############################################################################
#
# IAR ELF Linker V7.80.4.12462/W32 for ARM                25/Dec/2019  20:25:28
# Copyright 2007-2017 IAR Systems AB.
#
#    Output file  =  
#        C:\Users\hhh\Desktop\毕设\程序\程序\Prj\IAR\FN15_Debug\Exe\vcan_Kinetis.out
#    Map file     =  
#        C:\Users\hhh\Desktop\毕设\程序\程序\Prj\IAR\FN15_Debug\List\vcan_Kinetis.map
#    Command line =  
#        C:\Users\hhh\Desktop\毕设\程序\程序\Prj\IAR\FN15_Debug\Obj\diskio.o
#        C:\Users\hhh\Desktop\毕设\程序\程序\Prj\IAR\FN15_Debug\Obj\ff.o
#        C:\Users\hhh\Desktop\毕设\程序\程序\Prj\IAR\FN15_Debug\Obj\main.o
#        C:\Users\hhh\Desktop\毕设\程序\程序\Prj\IAR\FN15_Debug\Obj\misc.o
#        C:\Users\hhh\Desktop\毕设\程序\程序\Prj\IAR\FN15_Debug\Obj\MK60_adc.o
#        C:\Users\hhh\Desktop\毕设\程序\程序\Prj\IAR\FN15_Debug\Obj\MK60_can.o
#        C:\Users\hhh\Desktop\毕设\程序\程序\Prj\IAR\FN15_Debug\Obj\MK60_conf.o
#        C:\Users\hhh\Desktop\毕设\程序\程序\Prj\IAR\FN15_Debug\Obj\MK60_dac.o
#        C:\Users\hhh\Desktop\毕设\程序\程序\Prj\IAR\FN15_Debug\Obj\MK60_dma.o
#        C:\Users\hhh\Desktop\毕设\程序\程序\Prj\IAR\FN15_Debug\Obj\MK60_DWT.o
#        C:\Users\hhh\Desktop\毕设\程序\程序\Prj\IAR\FN15_Debug\Obj\MK60_flash.o
#        C:\Users\hhh\Desktop\毕设\程序\程序\Prj\IAR\FN15_Debug\Obj\MK60_flexbus.o
#        C:\Users\hhh\Desktop\毕设\程序\程序\Prj\IAR\FN15_Debug\Obj\MK60_ftm.o
#        C:\Users\hhh\Desktop\毕设\程序\程序\Prj\IAR\FN15_Debug\Obj\MK60_gpio.o
#        C:\Users\hhh\Desktop\毕设\程序\程序\Prj\IAR\FN15_Debug\Obj\MK60_i2c.o
#        C:\Users\hhh\Desktop\毕设\程序\程序\Prj\IAR\FN15_Debug\Obj\MK60_it.o
#        C:\Users\hhh\Desktop\毕设\程序\程序\Prj\IAR\FN15_Debug\Obj\MK60_lptmr.o
#        C:\Users\hhh\Desktop\毕设\程序\程序\Prj\IAR\FN15_Debug\Obj\MK60_mcg.o
#        C:\Users\hhh\Desktop\毕设\程序\程序\Prj\IAR\FN15_Debug\Obj\MK60_PIT.o
#        C:\Users\hhh\Desktop\毕设\程序\程序\Prj\IAR\FN15_Debug\Obj\MK60_port.o
#        C:\Users\hhh\Desktop\毕设\程序\程序\Prj\IAR\FN15_Debug\Obj\MK60_rtc.o
#        C:\Users\hhh\Desktop\毕设\程序\程序\Prj\IAR\FN15_Debug\Obj\MK60_sdhc.o
#        C:\Users\hhh\Desktop\毕设\程序\程序\Prj\IAR\FN15_Debug\Obj\MK60_spi.o
#        C:\Users\hhh\Desktop\毕设\程序\程序\Prj\IAR\FN15_Debug\Obj\MK60_SysTick.o
#        C:\Users\hhh\Desktop\毕设\程序\程序\Prj\IAR\FN15_Debug\Obj\MK60_uart.o
#        C:\Users\hhh\Desktop\毕设\程序\程序\Prj\IAR\FN15_Debug\Obj\MK60_usb.o
#        C:\Users\hhh\Desktop\毕设\程序\程序\Prj\IAR\FN15_Debug\Obj\MK60_wdog.o
#        C:\Users\hhh\Desktop\毕设\程序\程序\Prj\IAR\FN15_Debug\Obj\startup_MK60DZ10.o
#        C:\Users\hhh\Desktop\毕设\程序\程序\Prj\IAR\FN15_Debug\Obj\system_MK60DZ10.o
#        C:\Users\hhh\Desktop\毕设\程序\程序\Prj\IAR\FN15_Debug\Obj\USB.o
#        C:\Users\hhh\Desktop\毕设\程序\程序\Prj\IAR\FN15_Debug\Obj\USB_CDC.o
#        C:\Users\hhh\Desktop\毕设\程序\程序\Prj\IAR\FN15_Debug\Obj\VCAN_ASCII.o
#        C:\Users\hhh\Desktop\毕设\程序\程序\Prj\IAR\FN15_Debug\Obj\VCAN_BMP.o
#        C:\Users\hhh\Desktop\毕设\程序\程序\Prj\IAR\FN15_Debug\Obj\VCAN_camera.o
#        C:\Users\hhh\Desktop\毕设\程序\程序\Prj\IAR\FN15_Debug\Obj\VCAN_computer.o
#        C:\Users\hhh\Desktop\毕设\程序\程序\Prj\IAR\FN15_Debug\Obj\vcan_img2sd.o
#        C:\Users\hhh\Desktop\毕设\程序\程序\Prj\IAR\FN15_Debug\Obj\VCAN_key.o
#        C:\Users\hhh\Desktop\毕设\程序\程序\Prj\IAR\FN15_Debug\Obj\VCAN_key_event.o
#        C:\Users\hhh\Desktop\毕设\程序\程序\Prj\IAR\FN15_Debug\Obj\VCAN_LCD.o
#        C:\Users\hhh\Desktop\毕设\程序\程序\Prj\IAR\FN15_Debug\Obj\VCAN_LCD_CH.o
#        C:\Users\hhh\Desktop\毕设\程序\程序\Prj\IAR\FN15_Debug\Obj\VCAN_LCD_ILI9325.o
#        C:\Users\hhh\Desktop\毕设\程序\程序\Prj\IAR\FN15_Debug\Obj\VCAN_LCD_ILI9341.o
#        C:\Users\hhh\Desktop\毕设\程序\程序\Prj\IAR\FN15_Debug\Obj\VCAN_LCD_ST7735R.o
#        C:\Users\hhh\Desktop\毕设\程序\程序\Prj\IAR\FN15_Debug\Obj\VCAN_LCD_ST7735S.o
#        C:\Users\hhh\Desktop\毕设\程序\程序\Prj\IAR\FN15_Debug\Obj\VCAN_LED.o
#        C:\Users\hhh\Desktop\毕设\程序\程序\Prj\IAR\FN15_Debug\Obj\VCAN_MMA7455.o
#        C:\Users\hhh\Desktop\毕设\程序\程序\Prj\IAR\FN15_Debug\Obj\VCAN_NRF24L0.o
#        C:\Users\hhh\Desktop\毕设\程序\程序\Prj\IAR\FN15_Debug\Obj\VCAN_NRF24L0_MSG.o
#        C:\Users\hhh\Desktop\毕设\程序\程序\Prj\IAR\FN15_Debug\Obj\VCAN_OV7725_Eagle.o
#        C:\Users\hhh\Desktop\毕设\程序\程序\Prj\IAR\FN15_Debug\Obj\VCAN_OV7725_Wolf.o
#        C:\Users\hhh\Desktop\毕设\程序\程序\Prj\IAR\FN15_Debug\Obj\VCAN_RTC_count.o
#        C:\Users\hhh\Desktop\毕设\程序\程序\Prj\IAR\FN15_Debug\Obj\VCAN_SCCB.o
#        C:\Users\hhh\Desktop\毕设\程序\程序\Prj\IAR\FN15_Debug\Obj\vcan_sd_app.o
#        C:\Users\hhh\Desktop\毕设\程序\程序\Prj\IAR\FN15_Debug\Obj\Vcan_touch.o
#        C:\Users\hhh\Desktop\毕设\程序\程序\Prj\IAR\FN15_Debug\Obj\VCAN_TSL1401.o
#        C:\Users\hhh\Desktop\毕设\程序\程序\Prj\IAR\FN15_Debug\Obj\VCAN_UI_VAR.o
#        C:\Users\hhh\Desktop\毕设\程序\程序\Prj\IAR\FN15_Debug\Obj\vectors.o
#        --redirect _Printf=_PrintfLargeNoMb --redirect _Scanf=_ScanfLargeNoMb
#        -o
#        C:\Users\hhh\Desktop\毕设\程序\程序\Prj\IAR\FN15_Debug\Exe\vcan_Kinetis.out
#        --map
#        C:\Users\hhh\Desktop\毕设\程序\程序\Prj\IAR\FN15_Debug\List\vcan_Kinetis.map
#        --config "C:\Users\hhh\Desktop\毕设\程序\程序\Prj\IAR\config
#        files\vcan_ROM_K60N1M.icf"
#        C:\Users\hhh\Desktop\毕设\程序\程序\Prj\IAR\..\..\Lib\CMSIS\iar_cortexM4l_math.a
#        --entry __iar_program_start --redirect __write=__write_buffered --vfe
#
###############################################################################

*******************************************************************************
*** RUNTIME MODEL ATTRIBUTES
***

CppFlavor       = *
__SystemLibrary = DLib


*******************************************************************************
*** PLACEMENT SUMMARY
***

"A0":  place at 0x00000000 { ro section .intvec };
"A1":  place at 0x00000410 { ro section .noinit };
"P1":  place in [from 0x00000000 to 0x00100000] { ro, block CodeRelocate };
"P2":  place in [from 0x1fff0410 to 0x20010000] {
          rw, block CodeRelocateRam, block CSTACK, block HEAP };
initialize manually with packing = copy, complex ranges { rw };
initialize manually with packing = copy, complex ranges { section .data };
initialize manually with packing = copy, complex ranges { section .textrw };

  Section              Kind        Address    Size  Object
  -------              ----        -------    ----  ------
"A0":                                        0x410
  .intvec              const    0x00000000   0x410  vectors.o [1]
                              - 0x00000410   0x410

"A1":                                          0x8
  .noinit              ro code  0x00000410     0x8  startup_MK60DZ10.o [1]
                              - 0x00000418     0x8

"P1":                                       0x8250
  .text                ro code  0x00000418  0x1c2c  VCAN_LCD_ST7735S.o [1]
  .text                ro code  0x00002044   0x128  MK60_gpio.o [1]
  .text                ro code  0x0000216c    0xb8  MK60_port.o [1]
  .text                ro code  0x00002224    0x64  MK60_SysTick.o [1]
  Veneer               ro code  0x00002288     0x8  - Linker created -
  Veneer               ro code  0x00002290     0x8  - Linker created -
  .text                ro code  0x00002298   0x144  MK60_conf.o [1]
  .text                ro code  0x000023dc    0x70  VCAN_LED.o [1]
  .text                ro code  0x0000244c    0x24  printf.o [3]
  .text                ro code  0x00002470   0x324  MK60_uart.o [1]
  .text                ro code  0x00002794    0x9c  VCAN_key.o [1]
  .text                ro code  0x00002830   0xc1a  xprintflarge_nomb.o [3]
  .rodata              const    0x0000344a     0x2  VCAN_camera.o [1]
  .text                ro code  0x0000344c    0x16  strchr.o [5]
  .rodata              const    0x00003462     0x2  VCAN_computer.o [1]
  .text                ro code  0x00003464    0x36  strlen.o [5]
  .rodata              const    0x0000349a     0x2  VCAN_computer.o [1]
  .text                ro code  0x0000349c    0x58  memchr.o [5]
  .text                ro code  0x000034f4    0xee  I64DivMod.o [5]
  .text                ro code  0x000035e4    0x76  ABImemcpy_unaligned.o [5]
  .text                ro code  0x0000365a    0x44  xdnorm.o [4]
  .text                ro code  0x000036a0    0x2e  DblCmpLe.o [4]
  .text                ro code  0x000036d0   0x1a2  DblMul.o [4]
  .text                ro code  0x00003874   0x256  DblDiv.o [4]
  .text                ro code  0x00003acc    0x58  DblToI32.o [4]
  .text                ro code  0x00003b24    0x30  I32ToDbl.o [4]
  .text                ro code  0x00003b54   0x180  DblSub.o [4]
  .text                ro code  0x00003cd4    0x6c  localeconv.o [3]
  .text                ro code  0x00003d40     0xe  div.o [3]
  .text                ro code  0x00003d50     0x2  I64DivZer.o [5]
  .text                ro code  0x00003d54    0xe8  DblAdd.o [4]
  .text                ro code  0x00003e3c     0x2  xtls.o [3]
  .text                ro code  0x00003e40  0x148c  main.o [1]
  .text                ro code  0x000052cc   0x6bc  VCAN_LCD.o [1]
  .text                ro code  0x00005988     0x8  abs.o [3]
  .text                ro code  0x00005990    0x40  VCAN_computer.o [1]
  .text                ro code  0x000059d0   0x5e8  MK60_ftm.o [1]
  .text                ro code  0x00005fb8    0x4e  FltToDbl.o [4]
  .text                ro code  0x00006008    0x2e  DblCmpGe.o [4]
  .text                ro code  0x00006038    0x7c  MK60_PIT.o [1]
  .text                ro code  0x000060b4    0x50  misc.o [1]
  .text                ro code  0x00006104   0x362  VCAN_SCCB.o [1]
  .text                ro code  0x00006468    0x90  DblToFlt.o [4]
  .text                ro code  0x000064f8   0x234  VCAN_OV7725_Eagle.o [1]
  .text                ro code  0x0000672c    0x94  VCAN_camera.o [1]
  .text                ro code  0x000067c0   0x244  MK60_dma.o [1]
  .data_init                    0x00006a04   0xa10  <Block>
    Initializer bytes  const    0x00006a04   0xa10  <for .data-1>
  .rodata              const    0x00007414   0x600  VCAN_ASCII.o [1]
  Veneer               ro code  0x00007a14     0x8  - Linker created -
  .text                ro code  0x00007a1c   0x3d4  MK60_mcg.o [1]
  CodeRelocate                  0x00007df0   0x1f0  <Block>
    Initializer bytes  const    0x00007df0   0x1f0  <for CodeRelocateRam-1>
  .text                ro code  0x00007fe0   0x140  system_MK60DZ10.o [1]
  .text                ro code  0x00008120    0x40  MK60_wdog.o [1]
  .rodata              const    0x00008160    0x44  VCAN_LCD_ST7735S.o [1]
  .text                ro code  0x000081a4    0x40  zero_init3.o [5]
  .rodata              const    0x000081e4    0x3c  MK60_conf.o [1]
  .rodata              const    0x00008220    0x3c  MK60_flash.o [1]
  .rodata              const    0x0000825c    0x3c  MK60_gpio.o [1]
  .rodata              const    0x00008298    0x3c  MK60_SysTick.o [1]
  .rodata              const    0x000082d4    0x3c  MK60_uart.o [1]
  .rodata              const    0x00008310    0x38  MK60_dma.o [1]
  .rodata              const    0x00008348    0x38  MK60_ftm.o [1]
  .rodata              const    0x00008380    0x38  MK60_PIT.o [1]
  .rodata              const    0x000083b8    0x34  misc.o [1]
  .text                ro code  0x000083ec    0x28  data_init.o [5]
  .rodata              const    0x00008414    0x24  MK60_conf.o [1]
  .rodata              const    0x00008438    0x24  VCAN_OV7725_Eagle.o [1]
  .rodata              const    0x0000845c    0x24  VCAN_OV7725_Eagle.o [1]
  .text                ro code  0x00008480    0x22  fpinit_M.o [4]
  .iar.init_table      const    0x000084a4    0x10  - Linker created -
  .rodata              const    0x000084b4    0x20  MK60_conf.o [1]
  .rodata              const    0x000084d4    0x20  VCAN_OV7725_Eagle.o [1]
  .text                ro code  0x000084f4    0x1a  cmain.o [5]
  .text                ro code  0x0000850e     0x4  low_level_init.o [3]
  .text                ro code  0x00008512     0x4  exit.o [3]
  .text                ro code  0x00008518     0xa  cexit.o [5]
  .text                ro code  0x00008524     0xc  XXexit.o [5]
  .rodata              const    0x00008530    0x18  VCAN_OV7725_Eagle.o [1]
  .rodata              const    0x00008548    0x18  VCAN_OV7725_Eagle.o [1]
  .text                ro code  0x00008560    0x16  xprout.o [3]
  .text                ro code  0x00008578     0xc  putchar.o [3]
  .rodata              const    0x00008584    0x14  MK60_conf.o [1]
  .rodata              const    0x00008598    0x14  VCAN_OV7725_Eagle.o [1]
  .text                ro code  0x000085ac     0xc  cstartup_M.o [5]
  .rodata              const    0x000085b8     0x4  main.o [1]
  .rodata              const    0x000085bc     0x4  main.o [1]
  .rodata              const    0x000085c0     0x4  main.o [1]
  .rodata              const    0x000085c4     0x4  main.o [1]
  .rodata              const    0x000085c8     0x4  main.o [1]
  .rodata              const    0x000085cc     0x4  main.o [1]
  .rodata              const    0x000085d0     0x4  main.o [1]
  .rodata              const    0x000085d4     0x4  VCAN_LCD.o [1]
  .rodata              const    0x000085d8     0x4  VCAN_LCD.o [1]
  .rodata              const    0x000085dc     0x4  VCAN_LCD.o [1]
  .rodata              const    0x000085e0     0x0  zero_init3.o [5]
  Initializer bytes    const    0x000085e0    0x88  <for P2 s0>
                              - 0x00008668  0x8250

"P2", part 1 of 3:                           0xc00
  .data                         0x1fff0410   0xa10  <Block>
    .data-1                     0x1fff0410   0xa0f  <Init block>
      .data            inited   0x1fff0410    0x3c  main.o [1]
      .data            inited   0x1fff044c    0x3c  main.o [1]
      .data            inited   0x1fff0488    0x3c  main.o [1]
      .data            inited   0x1fff04c4    0xf0  main.o [1]
      .data            inited   0x1fff05b4   0x708  MK60_conf.o [1]
      .data            inited   0x1fff0cbc    0x10  MK60_ftm.o [1]
      .data            inited   0x1fff0ccc    0x14  MK60_gpio.o [1]
      .data            inited   0x1fff0ce0    0x58  MK60_mcg.o [1]
      .data            inited   0x1fff0d38     0x4  MK60_mcg.o [1]
      .data            inited   0x1fff0d3c    0x14  MK60_port.o [1]
      .data            inited   0x1fff0d50    0x18  MK60_uart.o [1]
      .data            inited   0x1fff0d68     0x8  VCAN_key.o [1]
      .data            inited   0x1fff0d70     0x4  VCAN_LED.o [1]
      .data            inited   0x1fff0d74    0x64  VCAN_OV7725_Eagle.o [1]
      .data            inited   0x1fff0dd8    0x40  xfiles.o [3]
      .data            inited   0x1fff0e18     0x2  VCAN_LCD_ST7735S.o [1]
      .data            inited   0x1fff0e1a     0x2  VCAN_LCD_ST7735S.o [1]
      .data            inited   0x1fff0e1c     0x1  main.o [1]
      .data            inited   0x1fff0e1d     0x1  VCAN_OV7725_Eagle.o [1]
      .data            inited   0x1fff0e1e     0x1  VCAN_OV7725_Eagle.o [1]
  CodeRelocateRam               0x1fff0e20   0x1f0  <Block>
    CodeRelocateRam-1           0x1fff0e20   0x1f0  <Init block>
      Veneer           inited   0x1fff0e20     0x8  - Linker created -
      Veneer           inited   0x1fff0e28     0x8  - Linker created -
      .textrw          inited   0x1fff0e30   0x190  MK60_flash.o [1]
      .textrw          inited   0x1fff0fc0    0x50  MK60_mcg.o [1]
                              - 0x1fff1010   0xc00

"P2", part 2 of 3:                          0x1b44
  .bss                          0x1fff1010  0x1b44  <Block>
    .bss               zero     0x1fff1010     0x8  main.o [1]
    .bss               zero     0x1fff1018     0x8  main.o [1]
    .bss               zero     0x1fff1020     0x8  main.o [1]
    .bss               zero     0x1fff1028  0x12c0  main.o [1]
    .bss               zero     0x1fff22e8   0x258  main.o [1]
    .bss               zero     0x1fff2540    0x1c  main.o [1]
    .bss               zero     0x1fff255c    0x1c  main.o [1]
    .bss               zero     0x1fff2578     0x4  main.o [1]
    .bss               zero     0x1fff257c     0x4  main.o [1]
    .bss               zero     0x1fff2580     0x4  main.o [1]
    .bss               zero     0x1fff2584     0x4  main.o [1]
    .bss               zero     0x1fff2588     0x4  main.o [1]
    .bss               zero     0x1fff258c     0x4  main.o [1]
    .bss               zero     0x1fff2590     0xc  main.o [1]
    .bss               zero     0x1fff259c     0xc  main.o [1]
    .bss               zero     0x1fff25a8     0x4  main.o [1]
    .bss               zero     0x1fff25ac     0x4  main.o [1]
    .bss               zero     0x1fff25b0    0xf0  main.o [1]
    .bss               zero     0x1fff26a0    0xf0  main.o [1]
    .bss               zero     0x1fff2790    0xf0  main.o [1]
    .bss               zero     0x1fff2880    0xf0  main.o [1]
    .bss               zero     0x1fff2970    0xf0  main.o [1]
    .bss               zero     0x1fff2a60    0x14  main.o [1]
    .bss               zero     0x1fff2a74    0x10  main.o [1]
    .bss               zero     0x1fff2a84     0x4  main.o [1]
    .bss               zero     0x1fff2a88     0x4  main.o [1]
    .bss               zero     0x1fff2a8c     0xc  main.o [1]
    .bss               zero     0x1fff2a98     0x4  main.o [1]
    .bss               zero     0x1fff2a9c     0xc  main.o [1]
    .bss               zero     0x1fff2aa8     0x8  main.o [1]
    .bss               zero     0x1fff2ab0     0x4  main.o [1]
    .bss               zero     0x1fff2ab4     0x4  main.o [1]
    .bss               zero     0x1fff2ab8     0x4  main.o [1]
    .bss               zero     0x1fff2abc     0x8  main.o [1]
    .bss               zero     0x1fff2ac4     0x4  main.o [1]
    .bss               zero     0x1fff2ac8     0x4  main.o [1]
    .bss               zero     0x1fff2acc     0x4  main.o [1]
    .bss               zero     0x1fff2ad0     0x4  main.o [1]
    .bss               zero     0x1fff2ad4     0x4  main.o [1]
    .bss               zero     0x1fff2ad8    0x10  MK60_ftm.o [1]
    .bss               zero     0x1fff2ae8     0x4  system_MK60DZ10.o [1]
    .bss               zero     0x1fff2aec     0x4  system_MK60DZ10.o [1]
    .bss               zero     0x1fff2af0     0x4  system_MK60DZ10.o [1]
    .bss               zero     0x1fff2af4     0x4  VCAN_OV7725_Eagle.o [1]
    .bss               zero     0x1fff2af8    0x50  xfiles.o [3]
    .bss               zero     0x1fff2b48     0x2  main.o [1]
    .bss               zero     0x1fff2b4a     0x2  main.o [1]
    .bss               zero     0x1fff2b4c     0x2  main.o [1]
    .bss               zero     0x1fff2b4e     0x1  main.o [1]
    .bss               zero     0x1fff2b4f     0x1  main.o [1]
    .bss               zero     0x1fff2b50     0x1  main.o [1]
    .bss               zero     0x1fff2b51     0x1  VCAN_LCD_ST7735S.o [1]
                              - 0x1fff2b54  0x1b44

"P2", part 3 of 3:                            0x88
  P2 s0                         0x1fff2b54    0x88  <Init block>
    __DLIB_PERTHREAD   inited   0x1fff2b54    0x88  localeconv.o [3]
                              - 0x1fff2bdc    0x88


*******************************************************************************
*** INIT TABLE
***

          Address     Size
          -------     ----
Zero (__iar_zero_init3)
    1 destination range, total size 0x1b42:
          0x1fff1010  0x1b42



*******************************************************************************
*** MODULE SUMMARY
***

    Module                 ro code  rw code  ro data  rw data
    ------                 -------  -------  -------  -------
C:\Users\hhh\Desktop\毕设\程序\程序\Prj\IAR\FN15_Debug\Obj: [1]
    MK60_PIT.o                 124                56
    MK60_SysTick.o             100                60
    MK60_conf.o                324             1 948    1 800
    MK60_dma.o                 580                56
    MK60_flash.o                        400      460
    MK60_ftm.o               1 512                72       32
    MK60_gpio.o                296                80       20
    MK60_mcg.o                 980       80      172       92
    MK60_port.o                184                20       20
    MK60_uart.o                804                84       24
    MK60_wdog.o                 64
    VCAN_ASCII.o                               1 536
    VCAN_LCD.o               1 724                12
    VCAN_LCD_ST7735S.o       7 212                72        5
    VCAN_LED.o                 112                 4        4
    VCAN_OV7725_Eagle.o        564               274      106
    VCAN_SCCB.o                866
    VCAN_camera.o              148                 2
    VCAN_computer.o             64                 4
    VCAN_key.o                 156                 8        8
    main.o                   5 260               449    7 286
    misc.o                      80                52
    startup_MK60DZ10.o           8
    system_MK60DZ10.o          320                         12
    vectors.o                                  1 040
    ---------------------------------------------------------
    Total:                  21 482      480    6 461    9 409

command line: [2]
    ---------------------------------------------------------
    Total:

dl7M_tlf.a: [3]
    abs.o                        8
    div.o                       14
    exit.o                       4
    localeconv.o               108               136      136
    low_level_init.o             4
    printf.o                    36
    putchar.o                   12
    xfiles.o                                      64      144
    xprintflarge_nomb.o      3 098
    xprout.o                    22
    xtls.o                       2
    ---------------------------------------------------------
    Total:                   3 308               200      280

m7M_tls.a: [4]
    DblAdd.o                   232
    DblCmpGe.o                  46
    DblCmpLe.o                  46
    DblDiv.o                   598
    DblMul.o                   418
    DblSub.o                   384
    DblToFlt.o                 144
    DblToI32.o                  88
    FltToDbl.o                  78
    I32ToDbl.o                  48
    fpinit_M.o                  34
    xdnorm.o                    68
    ---------------------------------------------------------
    Total:                   2 184

rt7M_tl.a: [5]
    ABImemcpy_unaligned.o      118
    I64DivMod.o                238
    I64DivZer.o                  2
    XXexit.o                    12
    cexit.o                     10
    cmain.o                     26
    cstartup_M.o                12
    data_init.o                 40
    memchr.o                    88
    strchr.o                    22
    strlen.o                    54
    zero_init3.o                64
    ---------------------------------------------------------
    Total:                     686

    Gaps                        28                 2
    Linker created              24       16       33
-------------------------------------------------------------
    Grand Total:            27 712      496    6 696    9 689


*******************************************************************************
*** ENTRY LIST
***

Entry                      Address    Size  Type      Object
-----                      -------    ----  ----      ------
.bss$$Base              0x1fff1010           --   Gb  - Linker created -
.bss$$Limit             0x1fff2b54           --   Gb  - Linker created -
.data$$Base             0x1fff0410           --   Gb  - Linker created -
.data$$Limit            0x1fff0e20           --   Gb  - Linker created -
.data_init$$Base        0x00006a04           --   Gb  - Linker created -
.data_init$$Limit       0x00007414           --   Gb  - Linker created -
.iar.init_table$$Base   0x000084a4           --   Gb  - Linker created -
.iar.init_table$$Limit  0x000084b4           --   Gb  - Linker created -
?main                   0x000084f5          Code  Gb  cmain.o [5]
ASSERT_FAILED_STR       0x00008414    0x24  Data  Gb  MK60_conf.o [1]
Acc                     0x1fff2abc     0x8  Data  Gb  main.o [1]
Angle                   0x1fff2aa8     0x8  Data  Gb  main.o [1]
BZ                      0x1fff2b4f     0x1  Data  Gb  main.o [1]
CodeRelocate$$Base      0x00007df0           --   Gb  - Linker created -
CodeRelocate$$Limit     0x00007fe0           --   Gb  - Linker created -
CodeRelocateRam$$Base   0x1fff0e20           --   Gb  - Linker created -
CodeRelocateRam$$Limit  0x1fff1010           --   Gb  - Linker created -
DMA0_IRQHandler         0x00005201     0x8  Code  Gb  main.o [1]
FTMN                    0x1fff0cbc    0x10  Data  Gb  MK60_ftm.o [1]
FTM_port_mux            0x000059d1   0x1ac  Code  Lc  MK60_ftm.o [1]
GPIOX                   0x1fff0ccc    0x14  Data  Gb  MK60_gpio.o [1]
KEY_PTxn                0x1fff0d68     0x8  Data  Gb  VCAN_key.o [1]
LCD_Img_Binary_Z        0x000057f9   0x16a  Code  Gb  VCAN_LCD.o [1]
LCD_ST7735S_dir         0x000013d7   0xa0c  Code  Gb  VCAN_LCD_ST7735S.o [1]
LCD_ST7735S_init        0x00000419   0xfbe  Code  Gb  VCAN_LCD_ST7735S.o [1]
LCD_ST7735S_ptlon       0x00001df9   0x21c  Code  Gb  VCAN_LCD_ST7735S.o [1]
LCD_char                0x000054b1   0x1c0  Code  Gb  VCAN_LCD.o [1]
LCD_init                0x000052cd    0x2c  Code  Gb  VCAN_LCD.o [1]
LCD_num                 0x00005671    0x88  Code  Gb  VCAN_LCD.o [1]
LCD_num_BC              0x000056f9   0x100  Code  Gb  VCAN_LCD.o [1]
LCD_point               0x000053cb    0xc0  Code  Gb  VCAN_LCD.o [1]
LCD_points              0x0000548b    0x26  Code  Gb  VCAN_LCD.o [1]
LCD_rectangle           0x000052f9    0xd2  Code  Gb  VCAN_LCD.o [1]
LED_PTxn                0x1fff0d70     0x4  Data  Gb  VCAN_LED.o [1]
LoadInt                 0x00002dcb    0x6e  Code  Lc  xprintflarge_nomb.o [3]
NVIC_DisableIRQ         0x00002487    0x16  Code  Lc  MK60_uart.o [1]
NVIC_DisableIRQ         0x0000650d    0x14  Code  Lc  VCAN_OV7725_Eagle.o [1]
NVIC_EnableIRQ          0x00003e65    0x16  Code  Lc  main.o [1]
NVIC_EnableIRQ          0x00002471    0x16  Code  Lc  MK60_uart.o [1]
NVIC_EnableIRQ          0x000064f9    0x14  Code  Lc  VCAN_OV7725_Eagle.o [1]
NVIC_SetPriority        0x00003e7b    0x2a  Code  Lc  main.o [1]
NVIC_SetPriorityGrouping
                        0x00003e41    0x24  Code  Lc  main.o [1]
NVIC_SystemReset        0x00002299    0x1a  Code  Lc  MK60_conf.o [1]
PIT0_IRQHandler         0x000047bd    0x44  Code  Gb  main.o [1]
PORTA_IRQHandler        0x000051d1    0x30  Code  Gb  main.o [1]
PORTX                   0x1fff0d3c    0x14  Data  Gb  MK60_port.o [1]
Region$$Table$$Base     0x000084a4           --   Gb  - Linker created -
Region$$Table$$Limit    0x000084b4           --   Gb  - Linker created -
Reset_Handler           0x00000411          Code  Gb  startup_MK60DZ10.o [1]
SCCB_Ack                0x000061d9    0x3c  Code  Lc  VCAN_SCCB.o [1]
SCCB_GPIO_init          0x0000611f    0x28  Code  Gb  VCAN_SCCB.o [1]
SCCB_NoAck              0x00006215    0x3c  Code  Lc  VCAN_SCCB.o [1]
SCCB_ReadByte           0x000063b5    0x2c  Code  Gb  VCAN_SCCB.o [1]
SCCB_ReadByte_one       0x000063e1    0x86  Code  Lc  VCAN_SCCB.o [1]
SCCB_ReceiveByte        0x000062e1    0x54  Code  Lc  VCAN_SCCB.o [1]
SCCB_SendByte           0x0000629d    0x44  Code  Lc  VCAN_SCCB.o [1]
SCCB_Start              0x00006147    0x5e  Code  Lc  VCAN_SCCB.o [1]
SCCB_Stop               0x000061a5    0x34  Code  Lc  VCAN_SCCB.o [1]
SCCB_WaitAck            0x00006251    0x4c  Code  Lc  VCAN_SCCB.o [1]
SCCB_WriteByte          0x00006345    0x28  Code  Gb  VCAN_SCCB.o [1]
SCCB_WriteByte_one      0x0000636d    0x48  Code  Lc  VCAN_SCCB.o [1]
SCCB_delay              0x00006105    0x1a  Code  Lc  VCAN_SCCB.o [1]
ST7735S_get_h           0x00002015     0x6  Code  Gb  VCAN_LCD_ST7735S.o [1]
ST7735S_get_w           0x0000201b     0x6  Code  Gb  VCAN_LCD_ST7735S.o [1]
SpeedKD_left            0x1fff2580     0x4  Data  Gb  main.o [1]
SpeedKD_right           0x1fff258c     0x4  Data  Gb  main.o [1]
SpeedKI_left            0x1fff257c     0x4  Data  Gb  main.o [1]
SpeedKI_right           0x1fff2588     0x4  Data  Gb  main.o [1]
SpeedKP_left            0x1fff2578     0x4  Data  Gb  main.o [1]
SpeedKP_right           0x1fff2584     0x4  Data  Gb  main.o [1]
TOF_1020                0x00004c05   0x20a  Code  Gb  main.o [1]
UARTN                   0x1fff0d50    0x18  Data  Gb  MK60_uart.o [1]
_GenldLargeNoMb         0x000031c3   0x23e  Code  Lc  xprintflarge_nomb.o [3]
_LdtobLargeNoMb         0x00002f45   0x278  Code  Lc  xprintflarge_nomb.o [3]
_LitobLargeNoMb         0x00002e39   0x10a  Code  Lc  xprintflarge_nomb.o [3]
_Locale_aeabi_lconv     0x1fff2ba4    0x38  Data  Gb  localeconv.o [3]
_Locale_lconv           0x1fff2b54    0x50  Data  Gb  localeconv.o [3]
_PrintfLargeNoMb        0x00002831   0x594  Code  Gb  xprintflarge_nomb.o [3]
_Prout                  0x00008561    0x16  Code  Gb  xprout.o [3]
_PutcharsLargeNoMb      0x00003401    0x2e  Code  Lc  xprintflarge_nomb.o [3]
__BOOT_STACK_ADDRESS {Abs}
                        0x2000fff8          Data  Gb  command line/config [2]
__VECTOR_RAM {Abs}      0x1fff0000          Data  Gb  command line/config [2]
__VECTOR_TABLE {Abs}    0x00000000          Data  Gb  command line/config [2]
__aeabi_cdcmple         0x000036a1          Code  Gb  DblCmpLe.o [4]
__aeabi_cdrcmple        0x00006009          Code  Gb  DblCmpGe.o [4]
__aeabi_d2f             0x00006469          Code  Gb  DblToFlt.o [4]
__aeabi_d2iz            0x00003acd          Code  Gb  DblToI32.o [4]
__aeabi_d2uiz           0x00003af9          Code  Gb  DblToI32.o [4]
__aeabi_dadd            0x00003d55          Code  Gb  DblAdd.o [4]
__aeabi_ddiv            0x00003875          Code  Gb  DblDiv.o [4]
__aeabi_dmul            0x000036d1          Code  Gb  DblMul.o [4]
__aeabi_dsub            0x00003b55          Code  Gb  DblSub.o [4]
__aeabi_f2d             0x00005fb9          Code  Gb  FltToDbl.o [4]
__aeabi_i2d             0x00003b25          Code  Gb  I32ToDbl.o [4]
__aeabi_ldiv0           0x00003d51          Code  Gb  I64DivZer.o [5]
__aeabi_ui2d            0x00003b39          Code  Gb  I32ToDbl.o [4]
__aeabi_uldivmod        0x000034f5          Code  Gb  I64DivMod.o [5]
__cmain                 0x000084f5          Code  Gb  cmain.o [5]
__code_start__ {Abs}    0x00000410          Data  Gb  command line/config [2]
__exit                  0x00008525          Code  Gb  XXexit.o [5]
__iar_Dnorm             0x0000365b    0x44  Code  Gb  xdnorm.o [4]
__iar_Locale_lconv_init
                        0x00003cd5    0x3a  Code  Gb  localeconv.o [3]
__iar_Memchr            0x0000349d          Code  Gb  memchr.o [5]
__iar_Stdout            0x1fff0dd8    0x40  Data  Gb  xfiles.o [3]
__iar_Strchr            0x0000344d          Code  Gb  strchr.o [5]
__iar_d2uiz             0x00003b05          Code  Gb  DblToI32.o [4]
__iar_dadd              0x00003d69          Code  Gb  DblAdd.o [4]
__iar_data_init3        0x000083ed    0x28  Code  Gb  data_init.o [5]
__iar_dlib_perthread_access
                        0x00003e3d     0x2  Code  Gb  xtls.o [3]
__iar_dsub              0x00003b69          Code  Gb  DblSub.o [4]
__iar_dsubStart         0x00003b7b          Code  Gb  DblSub.o [4]
__iar_init_vfp          0x00008481          Code  Gb  fpinit_M.o [4]
__iar_program_start     0x000085ad          Code  Gb  cstartup_M.o [5]
__iar_ui2d              0x00003b3d          Code  Gb  I32ToDbl.o [4]
__iar_unaligned___aeabi_memcpy
                        0x000035e5          Code  Gb  ABImemcpy_unaligned.o [5]
__iar_unaligned___aeabi_memcpy4
                        0x00003605          Code  Gb  ABImemcpy_unaligned.o [5]
__iar_unaligned___aeabi_memcpy8
                        0x00003605          Code  Gb  ABImemcpy_unaligned.o [5]
__iar_zero_init3        0x000081a5    0x40  Code  Gb  zero_init3.o [5]
__low_level_init        0x0000850f     0x4  Code  Gb  low_level_init.o [3]
__vector_table          0x00000000   0x410  Data  Gb  vectors.o [1]
_call_main              0x00008501          Code  Gb  cmain.o [5]
_exit                   0x00008519          Code  Gb  cexit.o [5]
_main                   0x0000850b          Code  Gb  cmain.o [5]
abs                     0x00005989     0x8  Code  Gb  abs.o [3]
acc_x                   0x1fff2ac4     0x4  Data  Gb  main.o [1]
acc_y                   0x1fff2ac8     0x4  Data  Gb  main.o [1]
acc_z                   0x1fff2acc     0x4  Data  Gb  main.o [1]
analyzeRoad             0x00004e4d   0x104  Code  Gb  main.o [1]
angle_x                 0x1fff2ab0     0x4  Data  Gb  main.o [1]
angle_y                 0x1fff2ab4     0x4  Data  Gb  main.o [1]
angle_z                 0x1fff2ab8     0x4  Data  Gb  main.o [1]
ascii_8x16              0x00007414   0x600  Data  Gb  VCAN_ASCII.o [1]
assert_failed           0x000022b3    0x26  Code  Gb  MK60_conf.o [1]
bizhang_time            0x00004b1d    0xbe  Code  Gb  main.o [1]
bus_clk_khz             0x1fff2af0     0x4  Data  Gb  system_MK60DZ10.o [1]
ch_2019                 0x1fff2a74    0x10  Data  Gb  main.o [1]
common_startup          0x0000804b    0x98  Code  Gb  system_MK60DZ10.o [1]
core_clk_khz            0x1fff2ae8     0x4  Data  Gb  system_MK60DZ10.o [1]
core_clk_mhz            0x1fff2aec     0x4  Data  Gb  system_MK60DZ10.o [1]
default_isr             0x00002387    0x34  Code  Gb  MK60_conf.o [1]
dianji_Left_baodi       0x00004435   0x146  Code  Gb  main.o [1]
dianji_Right_baodi      0x00004585   0x146  Code  Gb  main.o [1]
dianji_baodi            0x000042bd   0x168  Code  Gb  main.o [1]
dianji_left_speed       0x1fff25a8     0x4  Data  Gb  main.o [1]
dianji_right_speed      0x1fff25ac     0x4  Data  Gb  main.o [1]
dianjihuang             0x0000406b    0x2a  Code  Gb  main.o [1]
div                     0x00003d41     0xe  Code  Gb  div.o [3]
dma_gpio_input_init     0x000067c1    0x60  Code  Lc  MK60_dma.o [1]
dma_portx2buff_init     0x00006821   0x1b0  Code  Gb  MK60_dma.o [1]
drawingMidLine          0x00005075   0x138  Code  Gb  main.o [1]
duoji                   0x00004159   0x15c  Code  Gb  main.o [1]
duoji::duoji_error      0x1fff2ad4     0x4  Data  Lc  main.o [1]
duoji::duoji_last_error
                        0x1fff2ad0     0x4  Data  Lc  main.o [1]
duoji_duty              0x1fff2b48     0x2  Data  Gb  main.o [1]
exit                    0x00008513     0x4  Code  Gb  exit.o [3]
flag_L                  0x1fff2880    0xf0  Data  Gb  main.o [1]
flag_R                  0x1fff2970    0xf0  Data  Gb  main.o [1]
flash_cmd               0x1fff0e31    0x20  Code  Gb  MK60_flash.o [1]
flash_erase_sector      0x1fff0e75    0x5c  Code  Gb  MK60_flash.o [1]
flash_init              0x1fff0e51    0x24  Code  Gb  MK60_flash.o [1]
flash_write             0x1fff0ed1    0xb4  Code  Gb  MK60_flash.o [1]
fputc                   0x000022d9    0x14  Code  Gb  MK60_conf.o [1]
ftm_mod                 0x1fff2ad8    0x10  Data  Lc  MK60_ftm.o [1]
ftm_pwm_duty            0x00005d2b   0x118  Code  Gb  MK60_ftm.o [1]
ftm_pwm_init            0x00005b7d   0x1ae  Code  Gb  MK60_ftm.o [1]
ftm_quad_clean          0x00005f75    0x28  Code  Gb  MK60_ftm.o [1]
ftm_quad_get            0x00005f49    0x2c  Code  Gb  MK60_ftm.o [1]
ftm_quad_init           0x00005e43   0x106  Code  Gb  MK60_ftm.o [1]
getMidLine              0x00004f71    0xee  Code  Gb  main.o [1]
gpio_get                0x0000212b    0x3a  Code  Gb  MK60_gpio.o [1]
gpio_init               0x00002045    0xae  Code  Gb  MK60_gpio.o [1]
gpio_turn               0x000020f3    0x38  Code  Gb  MK60_gpio.o [1]
i_2019                  0x1fff2a98     0x4  Data  Gb  main.o [1]
img                     0x1fff1028  0x12c0  Data  Gb  main.o [1]
img_extract             0x0000672d    0x94  Code  Gb  VCAN_camera.o [1]
imgbuff                 0x1fff22e8   0x258  Data  Gb  main.o [1]
initall                 0x000046cb    0xf2  Code  Gb  main.o [1]
kalman_init_left        0x00003ea5    0x22  Code  Gb  main.o [1]
kalman_init_right       0x00003ec7    0x22  Code  Gb  main.o [1]
kalman_left             0x1fff2540    0x1c  Data  Gb  main.o [1]
kalman_right            0x1fff255c    0x1c  Data  Gb  main.o [1]
key_check               0x00002801    0x2a  Code  Gb  VCAN_key.o [1]
key_get                 0x000027e7    0x1a  Code  Gb  VCAN_key.o [1]
key_init                0x00002795    0x52  Code  Gb  VCAN_key.o [1]
lcd_camera_init         0x000051ad    0x22  Code  Gb  main.o [1]
lcd_display             0x00003ee9   0x182  Code  Gb  main.o [1]
led_init                0x000023dd    0x3a  Code  Gb  VCAN_LED.o [1]
led_turn                0x00002417    0x32  Code  Gb  VCAN_LED.o [1]
left_E                  0x1fff2590     0xc  Data  Gb  main.o [1]
left_speed              0x1fff1018     0x8  Data  Gb  main.o [1]
length_val              0x1fff2a8c     0xc  Data  Gb  main.o [1]
localeconv              0x00003d0f    0x16  Code  Gb  localeconv.o [3]
main                    0x00004095    0xc4  Code  Gb  main.o [1]
mcg_cfg                 0x1fff0ce0    0x58  Data  Gb  MK60_mcg.o [1]
mcg_div                 0x1fff0d38     0x4  Data  Gb  MK60_mcg.o [1]
mcg_div_count           0x00007a1d   0x304  Code  Gb  MK60_mcg.o [1]
memchr                  0x0000349d          Code  Gb  memchr.o [5]
mid                     0x1fff04c4    0xf0  Data  Gb  main.o [1]
mid1                    0x1fff25b0    0xf0  Data  Gb  main.o [1]
mid_L_line              0x1fff26a0    0xf0  Data  Gb  main.o [1]
mid_R_line              0x1fff2790    0xf0  Data  Gb  main.o [1]
mid_j                   0x1fff0e1c     0x1  Data  Gb  main.o [1]
obuf                    0x1fff2af8    0x50  Data  Lc  xfiles.o [3]
ov7725_eagle_cfgnum     0x1fff0e1e     0x1  Data  Gb  VCAN_OV7725_Eagle.o [1]
ov7725_eagle_dma        0x000065d9    0x14  Code  Gb  VCAN_OV7725_Eagle.o [1]
ov7725_eagle_get_img    0x000065ed    0x42  Code  Gb  VCAN_OV7725_Eagle.o [1]
ov7725_eagle_img_buff   0x1fff2af4     0x4  Data  Gb  VCAN_OV7725_Eagle.o [1]
ov7725_eagle_img_flag   0x1fff0e1d     0x1  Data  Gb  VCAN_OV7725_Eagle.o [1]
ov7725_eagle_init       0x00006521    0x18  Code  Gb  VCAN_OV7725_Eagle.o [1]
ov7725_eagle_port_init  0x00006539    0x54  Code  Lc  VCAN_OV7725_Eagle.o [1]
ov7725_eagle_reg        0x1fff0d74    0x64  Data  Gb  VCAN_OV7725_Eagle.o [1]
ov7725_eagle_reg_init   0x0000662f    0xb2  Code  Lc  VCAN_OV7725_Eagle.o [1]
ov7725_eagle_vsync      0x0000658d    0x4c  Code  Gb  VCAN_OV7725_Eagle.o [1]
pit_init                0x00006039    0x6c  Code  Gb  MK60_PIT.o [1]
pll_init                0x00007d21    0xb2  Code  Gb  MK60_mcg.o [1]
port_init               0x0000216d    0x48  Code  Gb  MK60_port.o [1]
port_init_NoALT         0x000021b5    0x66  Code  Gb  MK60_port.o [1]
printf                  0x0000244d    0x24  Code  Gb  printf.o [3]
processImage            0x00004e15    0x20  Code  Gb  main.o [1]
putchar                 0x00008579     0xc  Code  Gb  putchar.o [3]
right_E                 0x1fff259c     0xc  Data  Gb  main.o [1]
right_speed             0x1fff1010     0x8  Data  Gb  main.o [1]
rxcnt                   0x1fff2a88     0x4  Data  Gb  main.o [1]
rxflag                  0x1fff2a84     0x4  Data  Gb  main.o [1]
set_sys_dividers        0x1fff0fc1    0x50  Code  Gb  MK60_mcg.o [1]
set_vector_handler      0x000060d7    0x22  Code  Gb  misc.o [1]
st7735s_dir             0x1fff2b51     0x1  Data  Gb  VCAN_LCD_ST7735S.o [1]
st7735s_h               0x1fff0e18     0x2  Data  Gb  VCAN_LCD_ST7735S.o [1]
st7735s_w               0x1fff0e1a     0x2  Data  Gb  VCAN_LCD_ST7735S.o [1]
start                   0x00007fe1    0x2e  Code  Gb  system_MK60DZ10.o [1]
start_check             0x000022ed    0x9a  Code  Gb  MK60_conf.o [1]
straig_Lline            0x1fff0410    0x3c  Data  Gb  main.o [1]
straig_Rline            0x1fff044c    0x3c  Data  Gb  main.o [1]
strchr                  0x0000344d          Code  Gb  strchr.o [5]
strlen                  0x00003465          Code  Gb  strlen.o [5]
sysinit                 0x0000800f    0x3c  Code  Gb  system_MK60DZ10.o [1]
systick_delay           0x00002225    0x36  Code  Gb  MK60_SysTick.o [1]
systick_delay_ms        0x0000225b    0x18  Code  Gb  MK60_SysTick.o [1]
time                    0x1fff1020     0x8  Data  Gb  main.o [1]
uart0_test_handler      0x00004801    0x9a  Code  Gb  main.o [1]
uart1_test_handler      0x000048ad   0x242  Code  Gb  main.o [1]
uart_getchar            0x000026b1    0x1e  Code  Gb  MK60_uart.o [1]
uart_init               0x0000249d   0x214  Code  Gb  MK60_uart.o [1]
uart_putbuff            0x000026e9    0x26  Code  Gb  MK60_uart.o [1]
uart_putchar            0x000026cf    0x1a  Code  Gb  MK60_uart.o [1]
uart_rx_irq_dis         0x00002739    0x3a  Code  Gb  MK60_uart.o [1]
uart_rx_irq_en          0x0000270f    0x2a  Code  Gb  MK60_uart.o [1]
ucRxBuffer              0x1fff2a9c     0xc  Data  Gb  main.o [1]
ucRxCnt                 0x1fff2b50     0x1  Data  Gb  main.o [1]
val_left                0x1fff2b4a     0x2  Data  Gb  main.o [1]
val_right               0x1fff2b4c     0x2  Data  Gb  main.o [1]
var                     0x1fff2a60    0x14  Data  Gb  main.o [1]
vcan_sendware           0x00005991    0x38  Code  Gb  VCAN_computer.o [1]
vector_str              0x1fff05b4   0x708  Data  Gb  MK60_conf.o [1]
wdog_disable            0x00008121    0x16  Code  Gb  MK60_wdog.o [1]
wdog_unlock             0x00008137    0x20  Code  Lc  MK60_wdog.o [1]
write_vtor              0x000060b5    0x22  Code  Gb  misc.o [1]
xz1                     0x1fff0488    0x3c  Data  Gb  main.o [1]
zhidao_flag             0x1fff2b4e     0x1  Data  Gb  main.o [1]


[1] = C:\Users\hhh\Desktop\毕设\程序\程序\Prj\IAR\FN15_Debug\Obj
[2] = command line
[3] = dl7M_tlf.a
[4] = m7M_tls.a
[5] = rt7M_tl.a

  27 712 bytes of readonly  code memory
     496 bytes of readwrite code memory
   6 696 bytes of readonly  data memory
   9 689 bytes of readwrite data memory

Errors: none
Warnings: none
