###############################################################################
#
# IAR ELF Linker V7.80.4.12462/W32 for ARM                07/Dec/2019  18:47:11
# Copyright 2007-2017 IAR Systems AB.
#
#    Output file  =  
#        C:\Users\hhh\Desktop\新建文件夹
#        (2)\程序\程序\Prj\IAR\FN15_Debug\Exe\vcan_Kinetis.out
#    Map file     =  
#        C:\Users\hhh\Desktop\新建文件夹
#        (2)\程序\程序\Prj\IAR\FN15_Debug\List\vcan_Kinetis.map
#    Command line =  
#        "C:\Users\hhh\Desktop\新建文件夹
#        (2)\程序\程序\Prj\IAR\FN15_Debug\Obj\diskio.o"
#        "C:\Users\hhh\Desktop\新建文件夹
#        (2)\程序\程序\Prj\IAR\FN15_Debug\Obj\ff.o"
#        "C:\Users\hhh\Desktop\新建文件夹
#        (2)\程序\程序\Prj\IAR\FN15_Debug\Obj\main.o"
#        "C:\Users\hhh\Desktop\新建文件夹
#        (2)\程序\程序\Prj\IAR\FN15_Debug\Obj\misc.o"
#        "C:\Users\hhh\Desktop\新建文件夹
#        (2)\程序\程序\Prj\IAR\FN15_Debug\Obj\MK60_adc.o"
#        "C:\Users\hhh\Desktop\新建文件夹
#        (2)\程序\程序\Prj\IAR\FN15_Debug\Obj\MK60_can.o"
#        "C:\Users\hhh\Desktop\新建文件夹
#        (2)\程序\程序\Prj\IAR\FN15_Debug\Obj\MK60_conf.o"
#        "C:\Users\hhh\Desktop\新建文件夹
#        (2)\程序\程序\Prj\IAR\FN15_Debug\Obj\MK60_dac.o"
#        "C:\Users\hhh\Desktop\新建文件夹
#        (2)\程序\程序\Prj\IAR\FN15_Debug\Obj\MK60_dma.o"
#        "C:\Users\hhh\Desktop\新建文件夹
#        (2)\程序\程序\Prj\IAR\FN15_Debug\Obj\MK60_DWT.o"
#        "C:\Users\hhh\Desktop\新建文件夹
#        (2)\程序\程序\Prj\IAR\FN15_Debug\Obj\MK60_flash.o"
#        "C:\Users\hhh\Desktop\新建文件夹
#        (2)\程序\程序\Prj\IAR\FN15_Debug\Obj\MK60_flexbus.o"
#        "C:\Users\hhh\Desktop\新建文件夹
#        (2)\程序\程序\Prj\IAR\FN15_Debug\Obj\MK60_ftm.o"
#        "C:\Users\hhh\Desktop\新建文件夹
#        (2)\程序\程序\Prj\IAR\FN15_Debug\Obj\MK60_gpio.o"
#        "C:\Users\hhh\Desktop\新建文件夹
#        (2)\程序\程序\Prj\IAR\FN15_Debug\Obj\MK60_i2c.o"
#        "C:\Users\hhh\Desktop\新建文件夹
#        (2)\程序\程序\Prj\IAR\FN15_Debug\Obj\MK60_it.o"
#        "C:\Users\hhh\Desktop\新建文件夹
#        (2)\程序\程序\Prj\IAR\FN15_Debug\Obj\MK60_lptmr.o"
#        "C:\Users\hhh\Desktop\新建文件夹
#        (2)\程序\程序\Prj\IAR\FN15_Debug\Obj\MK60_mcg.o"
#        "C:\Users\hhh\Desktop\新建文件夹
#        (2)\程序\程序\Prj\IAR\FN15_Debug\Obj\MK60_PIT.o"
#        "C:\Users\hhh\Desktop\新建文件夹
#        (2)\程序\程序\Prj\IAR\FN15_Debug\Obj\MK60_port.o"
#        "C:\Users\hhh\Desktop\新建文件夹
#        (2)\程序\程序\Prj\IAR\FN15_Debug\Obj\MK60_rtc.o"
#        "C:\Users\hhh\Desktop\新建文件夹
#        (2)\程序\程序\Prj\IAR\FN15_Debug\Obj\MK60_sdhc.o"
#        "C:\Users\hhh\Desktop\新建文件夹
#        (2)\程序\程序\Prj\IAR\FN15_Debug\Obj\MK60_spi.o"
#        "C:\Users\hhh\Desktop\新建文件夹
#        (2)\程序\程序\Prj\IAR\FN15_Debug\Obj\MK60_SysTick.o"
#        "C:\Users\hhh\Desktop\新建文件夹
#        (2)\程序\程序\Prj\IAR\FN15_Debug\Obj\MK60_uart.o"
#        "C:\Users\hhh\Desktop\新建文件夹
#        (2)\程序\程序\Prj\IAR\FN15_Debug\Obj\MK60_usb.o"
#        "C:\Users\hhh\Desktop\新建文件夹
#        (2)\程序\程序\Prj\IAR\FN15_Debug\Obj\MK60_wdog.o"
#        "C:\Users\hhh\Desktop\新建文件夹
#        (2)\程序\程序\Prj\IAR\FN15_Debug\Obj\startup_MK60DZ10.o"
#        "C:\Users\hhh\Desktop\新建文件夹
#        (2)\程序\程序\Prj\IAR\FN15_Debug\Obj\system_MK60DZ10.o"
#        "C:\Users\hhh\Desktop\新建文件夹
#        (2)\程序\程序\Prj\IAR\FN15_Debug\Obj\USB.o"
#        "C:\Users\hhh\Desktop\新建文件夹
#        (2)\程序\程序\Prj\IAR\FN15_Debug\Obj\USB_CDC.o"
#        "C:\Users\hhh\Desktop\新建文件夹
#        (2)\程序\程序\Prj\IAR\FN15_Debug\Obj\VCAN_ASCII.o"
#        "C:\Users\hhh\Desktop\新建文件夹
#        (2)\程序\程序\Prj\IAR\FN15_Debug\Obj\VCAN_BMP.o"
#        "C:\Users\hhh\Desktop\新建文件夹
#        (2)\程序\程序\Prj\IAR\FN15_Debug\Obj\VCAN_camera.o"
#        "C:\Users\hhh\Desktop\新建文件夹
#        (2)\程序\程序\Prj\IAR\FN15_Debug\Obj\VCAN_computer.o"
#        "C:\Users\hhh\Desktop\新建文件夹
#        (2)\程序\程序\Prj\IAR\FN15_Debug\Obj\vcan_img2sd.o"
#        "C:\Users\hhh\Desktop\新建文件夹
#        (2)\程序\程序\Prj\IAR\FN15_Debug\Obj\VCAN_key.o"
#        "C:\Users\hhh\Desktop\新建文件夹
#        (2)\程序\程序\Prj\IAR\FN15_Debug\Obj\VCAN_key_event.o"
#        "C:\Users\hhh\Desktop\新建文件夹
#        (2)\程序\程序\Prj\IAR\FN15_Debug\Obj\VCAN_LCD.o"
#        "C:\Users\hhh\Desktop\新建文件夹
#        (2)\程序\程序\Prj\IAR\FN15_Debug\Obj\VCAN_LCD_CH.o"
#        "C:\Users\hhh\Desktop\新建文件夹
#        (2)\程序\程序\Prj\IAR\FN15_Debug\Obj\VCAN_LCD_ILI9325.o"
#        "C:\Users\hhh\Desktop\新建文件夹
#        (2)\程序\程序\Prj\IAR\FN15_Debug\Obj\VCAN_LCD_ILI9341.o"
#        "C:\Users\hhh\Desktop\新建文件夹
#        (2)\程序\程序\Prj\IAR\FN15_Debug\Obj\VCAN_LCD_ST7735R.o"
#        "C:\Users\hhh\Desktop\新建文件夹
#        (2)\程序\程序\Prj\IAR\FN15_Debug\Obj\VCAN_LCD_ST7735S.o"
#        "C:\Users\hhh\Desktop\新建文件夹
#        (2)\程序\程序\Prj\IAR\FN15_Debug\Obj\VCAN_LED.o"
#        "C:\Users\hhh\Desktop\新建文件夹
#        (2)\程序\程序\Prj\IAR\FN15_Debug\Obj\VCAN_MMA7455.o"
#        "C:\Users\hhh\Desktop\新建文件夹
#        (2)\程序\程序\Prj\IAR\FN15_Debug\Obj\VCAN_NRF24L0.o"
#        "C:\Users\hhh\Desktop\新建文件夹
#        (2)\程序\程序\Prj\IAR\FN15_Debug\Obj\VCAN_NRF24L0_MSG.o"
#        "C:\Users\hhh\Desktop\新建文件夹
#        (2)\程序\程序\Prj\IAR\FN15_Debug\Obj\VCAN_OV7725_Eagle.o"
#        "C:\Users\hhh\Desktop\新建文件夹
#        (2)\程序\程序\Prj\IAR\FN15_Debug\Obj\VCAN_OV7725_Wolf.o"
#        "C:\Users\hhh\Desktop\新建文件夹
#        (2)\程序\程序\Prj\IAR\FN15_Debug\Obj\VCAN_RTC_count.o"
#        "C:\Users\hhh\Desktop\新建文件夹
#        (2)\程序\程序\Prj\IAR\FN15_Debug\Obj\VCAN_SCCB.o"
#        "C:\Users\hhh\Desktop\新建文件夹
#        (2)\程序\程序\Prj\IAR\FN15_Debug\Obj\vcan_sd_app.o"
#        "C:\Users\hhh\Desktop\新建文件夹
#        (2)\程序\程序\Prj\IAR\FN15_Debug\Obj\Vcan_touch.o"
#        "C:\Users\hhh\Desktop\新建文件夹
#        (2)\程序\程序\Prj\IAR\FN15_Debug\Obj\VCAN_TSL1401.o"
#        "C:\Users\hhh\Desktop\新建文件夹
#        (2)\程序\程序\Prj\IAR\FN15_Debug\Obj\VCAN_UI_VAR.o"
#        "C:\Users\hhh\Desktop\新建文件夹
#        (2)\程序\程序\Prj\IAR\FN15_Debug\Obj\vectors.o" --redirect
#        _Printf=_PrintfLargeNoMb --redirect _Scanf=_ScanfLargeNoMb -o
#        "C:\Users\hhh\Desktop\新建文件夹
#        (2)\程序\程序\Prj\IAR\FN15_Debug\Exe\vcan_Kinetis.out" --map
#        "C:\Users\hhh\Desktop\新建文件夹
#        (2)\程序\程序\Prj\IAR\FN15_Debug\List\vcan_Kinetis.map" --config
#        "C:\Users\hhh\Desktop\新建文件夹 (2)\程序\程序\Prj\IAR\config
#        files\vcan_ROM_K60N1M.icf" "C:\Users\hhh\Desktop\新建文件夹
#        (2)\程序\程序\Prj\IAR\..\..\Lib\CMSIS\iar_cortexM4l_math.a" --entry
#        __iar_program_start --redirect __write=__write_buffered --vfe
#
###############################################################################

*******************************************************************************
*** RUNTIME MODEL ATTRIBUTES
***

CppFlavor       = *
__SystemLibrary = DLib


*******************************************************************************
*** PLACEMENT SUMMARY
***

"A0":  place at 0x00000000 { ro section .intvec };
"A1":  place at 0x00000410 { ro section .noinit };
"P1":  place in [from 0x00000000 to 0x00100000] { ro, block CodeRelocate };
"P2":  place in [from 0x1fff0410 to 0x20010000] {
          rw, block CodeRelocateRam, block CSTACK, block HEAP };
initialize manually with packing = copy, complex ranges { rw };
initialize manually with packing = copy, complex ranges { section .data };
initialize manually with packing = copy, complex ranges { section .textrw };

  Section              Kind        Address    Size  Object
  -------              ----        -------    ----  ------
"A0":                                        0x410
  .intvec              const    0x00000000   0x410  vectors.o [1]
                              - 0x00000410   0x410

"A1":                                          0x8
  .noinit              ro code  0x00000410     0x8  startup_MK60DZ10.o [1]
                              - 0x00000418     0x8

"P1":                                       0xae60
  .text                ro code  0x00000418  0x4124  main.o [1]
  .text                ro code  0x0000453c   0x6bc  VCAN_LCD.o [1]
  .text                ro code  0x00004bf8    0x30  I32ToDbl.o [4]
  .text                ro code  0x00004c28   0x256  DblDiv.o [4]
  .rodata              const    0x00004e7e     0x2  VCAN_camera.o [1]
  .text                ro code  0x00004e80   0x1a2  DblMul.o [4]
  .rodata              const    0x00005022     0x2  VCAN_computer.o [1]
  .text                ro code  0x00005024    0x58  DblToI32.o [4]
  .text                ro code  0x0000507c     0x8  abs.o [3]
  .text                ro code  0x00005084   0x5e8  MK60_ftm.o [1]
  .text                ro code  0x0000566c    0x7c  MK60_PIT.o [1]
  .text                ro code  0x000056e8    0x50  misc.o [1]
  .text                ro code  0x00005738   0x324  MK60_uart.o [1]
  .text                ro code  0x00005a5c   0x362  VCAN_SCCB.o [1]
  .rodata              const    0x00005dbe     0x2  VCAN_computer.o [1]
  .text                ro code  0x00005dc0    0x4e  FltToDbl.o [4]
  .text                ro code  0x00005e10    0x90  DblToFlt.o [4]
  .text                ro code  0x00005ea0    0x40  VCAN_computer.o [1]
  .text                ro code  0x00005ee0   0x234  VCAN_OV7725_Eagle.o [1]
  .text                ro code  0x00006114    0x94  VCAN_camera.o [1]
  .text                ro code  0x000061a8    0xe8  DblAdd.o [4]
  .text                ro code  0x00006290    0x2e  DblCmpGe.o [4]
  .text                ro code  0x000062c0    0x2e  DblCmpLe.o [4]
  .text                ro code  0x000062f0   0x180  DblSub.o [4]
  .text                ro code  0x00006470  0x1c2c  VCAN_LCD_ST7735S.o [1]
  .text                ro code  0x0000809c    0xb8  MK60_port.o [1]
  Veneer               ro code  0x00008154     0x8  - Linker created -
  Veneer               ro code  0x0000815c     0x8  - Linker created -
  .text                ro code  0x00008164   0x144  MK60_conf.o [1]
  .text                ro code  0x000082a8   0x128  MK60_gpio.o [1]
  .text                ro code  0x000083d0   0x244  MK60_dma.o [1]
  .text                ro code  0x00008614    0x24  printf.o [3]
  .text                ro code  0x00008638    0x64  MK60_SysTick.o [1]
  .text                ro code  0x0000869c    0x70  VCAN_LED.o [1]
  .text                ro code  0x0000870c    0x9c  VCAN_key.o [1]
  .text                ro code  0x000087a8   0xc1a  xprintflarge_nomb.o [3]
  .text                ro code  0x000093c4    0x16  strchr.o [5]
  .text                ro code  0x000093dc    0x36  strlen.o [5]
  .text                ro code  0x00009414    0x58  memchr.o [5]
  .text                ro code  0x0000946c    0xee  I64DivMod.o [5]
  .text                ro code  0x0000955c    0x76  ABImemcpy_unaligned.o [5]
  .text                ro code  0x000095d2    0x44  xdnorm.o [4]
  .text                ro code  0x00009618    0x6c  localeconv.o [3]
  .text                ro code  0x00009684     0xe  div.o [3]
  .text                ro code  0x00009694     0x2  I64DivZer.o [5]
  .text                ro code  0x00009696     0x2  xtls.o [3]
  .data_init                    0x00009698   0x930  <Block>
    Initializer bytes  const    0x00009698   0x930  <for .data-1>
  .rodata              const    0x00009fc8   0x600  VCAN_ASCII.o [1]
  Veneer               ro code  0x0000a5c8     0x8  - Linker created -
  .text                ro code  0x0000a5d0   0x3d4  MK60_mcg.o [1]
  CodeRelocate                  0x0000a9a4   0x1f0  <Block>
    Initializer bytes  const    0x0000a9a4   0x1f0  <for CodeRelocateRam-1>
  .text                ro code  0x0000ab94   0x140  system_MK60DZ10.o [1]
  .text                ro code  0x0000acd4    0x40  MK60_wdog.o [1]
  .rodata              const    0x0000ad14    0x4c  VCAN_LCD_ST7735S.o [1]
  .rodata              const    0x0000ad60    0x48  MK60_SysTick.o [1]
  .rodata              const    0x0000ada8    0x44  MK60_dma.o [1]
  .rodata              const    0x0000adec    0x44  MK60_flash.o [1]
  .rodata              const    0x0000ae30    0x44  MK60_ftm.o [1]
  .rodata              const    0x0000ae74    0x44  MK60_gpio.o [1]
  .rodata              const    0x0000aeb8    0x44  MK60_PIT.o [1]
  .rodata              const    0x0000aefc    0x44  MK60_uart.o [1]
  .rodata              const    0x0000af40    0x40  misc.o [1]
  .text                ro code  0x0000af80    0x40  zero_init3.o [5]
  .rodata              const    0x0000afc0    0x3c  MK60_conf.o [1]
  .text                ro code  0x0000affc    0x28  data_init.o [5]
  .rodata              const    0x0000b024    0x24  MK60_conf.o [1]
  .rodata              const    0x0000b048    0x24  VCAN_OV7725_Eagle.o [1]
  .rodata              const    0x0000b06c    0x24  VCAN_OV7725_Eagle.o [1]
  .text                ro code  0x0000b090    0x22  fpinit_M.o [4]
  .iar.init_table      const    0x0000b0b4    0x10  - Linker created -
  .rodata              const    0x0000b0c4    0x20  MK60_conf.o [1]
  .rodata              const    0x0000b0e4    0x20  VCAN_OV7725_Eagle.o [1]
  .text                ro code  0x0000b104    0x1a  cmain.o [5]
  .text                ro code  0x0000b11e     0x4  low_level_init.o [3]
  .text                ro code  0x0000b122     0x4  exit.o [3]
  .text                ro code  0x0000b128     0xa  cexit.o [5]
  .text                ro code  0x0000b134     0xc  XXexit.o [5]
  .rodata              const    0x0000b140    0x18  VCAN_OV7725_Eagle.o [1]
  .rodata              const    0x0000b158    0x18  VCAN_OV7725_Eagle.o [1]
  .text                ro code  0x0000b170    0x16  xprout.o [3]
  .text                ro code  0x0000b188     0xc  putchar.o [3]
  .rodata              const    0x0000b194    0x14  MK60_conf.o [1]
  .rodata              const    0x0000b1a8    0x14  VCAN_OV7725_Eagle.o [1]
  .text                ro code  0x0000b1bc     0xc  cstartup_M.o [5]
  .rodata              const    0x0000b1c8     0x4  main.o [1]
  .rodata              const    0x0000b1cc     0x4  main.o [1]
  .rodata              const    0x0000b1d0     0x4  main.o [1]
  .rodata              const    0x0000b1d4     0x4  main.o [1]
  .rodata              const    0x0000b1d8     0x4  main.o [1]
  .rodata              const    0x0000b1dc     0x4  main.o [1]
  .rodata              const    0x0000b1e0     0x4  main.o [1]
  .rodata              const    0x0000b1e4     0x4  VCAN_LCD.o [1]
  .rodata              const    0x0000b1e8     0x4  VCAN_LCD.o [1]
  .rodata              const    0x0000b1ec     0x4  VCAN_LCD.o [1]
  .rodata              const    0x0000b1f0     0x0  zero_init3.o [5]
  Initializer bytes    const    0x0000b1f0    0x88  <for P2 s0>
                              - 0x0000b278  0xae60

"P2", part 1 of 3:                           0xb20
  .data                         0x1fff0410   0x930  <Block>
    .data-1                     0x1fff0410   0x92e  <Init block>
      .data            inited   0x1fff0410    0x3c  main.o [1]
      .data            inited   0x1fff044c    0x3c  main.o [1]
      .data            inited   0x1fff0488    0x3c  main.o [1]
      .data            inited   0x1fff04c4     0x4  main.o [1]
      .data            inited   0x1fff04c8     0x4  main.o [1]
      .data            inited   0x1fff04cc     0x4  main.o [1]
      .data            inited   0x1fff04d0   0x708  MK60_conf.o [1]
      .data            inited   0x1fff0bd8    0x10  MK60_ftm.o [1]
      .data            inited   0x1fff0be8    0x14  MK60_gpio.o [1]
      .data            inited   0x1fff0bfc    0x58  MK60_mcg.o [1]
      .data            inited   0x1fff0c54     0x4  MK60_mcg.o [1]
      .data            inited   0x1fff0c58    0x14  MK60_port.o [1]
      .data            inited   0x1fff0c6c    0x18  MK60_uart.o [1]
      .data            inited   0x1fff0c84     0x8  VCAN_key.o [1]
      .data            inited   0x1fff0c8c     0x4  VCAN_LED.o [1]
      .data            inited   0x1fff0c90    0x64  VCAN_OV7725_Eagle.o [1]
      .data            inited   0x1fff0cf4    0x40  xfiles.o [3]
      .data            inited   0x1fff0d34     0x2  main.o [1]
      .data            inited   0x1fff0d36     0x2  VCAN_LCD_ST7735S.o [1]
      .data            inited   0x1fff0d38     0x2  VCAN_LCD_ST7735S.o [1]
      .data            inited   0x1fff0d3a     0x1  main.o [1]
      .data            inited   0x1fff0d3b     0x1  main.o [1]
      .data            inited   0x1fff0d3c     0x1  VCAN_OV7725_Eagle.o [1]
      .data            inited   0x1fff0d3d     0x1  VCAN_OV7725_Eagle.o [1]
  CodeRelocateRam               0x1fff0d40   0x1f0  <Block>
    CodeRelocateRam-1           0x1fff0d40   0x1f0  <Init block>
      Veneer           inited   0x1fff0d40     0x8  - Linker created -
      Veneer           inited   0x1fff0d48     0x8  - Linker created -
      .textrw          inited   0x1fff0d50   0x190  MK60_flash.o [1]
      .textrw          inited   0x1fff0ee0    0x50  MK60_mcg.o [1]
                              - 0x1fff0f30   0xb20

"P2", part 2 of 3:                          0x1c4c
  .bss                          0x1fff0f30  0x1c4c  <Block>
    .bss               zero     0x1fff0f30     0x8  main.o [1]
    .bss               zero     0x1fff0f38     0x8  main.o [1]
    .bss               zero     0x1fff0f40  0x12c0  main.o [1]
    .bss               zero     0x1fff2200   0x258  main.o [1]
    .bss               zero     0x1fff2458     0x4  main.o [1]
    .bss               zero     0x1fff245c     0x4  main.o [1]
    .bss               zero     0x1fff2460     0x4  main.o [1]
    .bss               zero     0x1fff2464     0x4  main.o [1]
    .bss               zero     0x1fff2468     0x4  main.o [1]
    .bss               zero     0x1fff246c     0x4  main.o [1]
    .bss               zero     0x1fff2470     0xc  main.o [1]
    .bss               zero     0x1fff247c     0xc  main.o [1]
    .bss               zero     0x1fff2488     0x4  main.o [1]
    .bss               zero     0x1fff248c     0x4  main.o [1]
    .bss               zero     0x1fff2490     0x4  main.o [1]
    .bss               zero     0x1fff2494     0x4  main.o [1]
    .bss               zero     0x1fff2498     0x4  main.o [1]
    .bss               zero     0x1fff249c     0x4  main.o [1]
    .bss               zero     0x1fff24a0     0x4  main.o [1]
    .bss               zero     0x1fff24a4     0x4  main.o [1]
    .bss               zero     0x1fff24a8     0x4  main.o [1]
    .bss               zero     0x1fff24ac    0xf0  main.o [1]
    .bss               zero     0x1fff259c    0xf0  main.o [1]
    .bss               zero     0x1fff268c    0xf0  main.o [1]
    .bss               zero     0x1fff277c    0xf0  main.o [1]
    .bss               zero     0x1fff286c     0x4  main.o [1]
    .bss               zero     0x1fff2870     0x4  main.o [1]
    .bss               zero     0x1fff2874    0xf0  main.o [1]
    .bss               zero     0x1fff2964    0xf0  main.o [1]
    .bss               zero     0x1fff2a54     0x4  main.o [1]
    .bss               zero     0x1fff2a58     0x4  main.o [1]
    .bss               zero     0x1fff2a5c     0x4  main.o [1]
    .bss               zero     0x1fff2a60     0x4  main.o [1]
    .bss               zero     0x1fff2a64     0x4  main.o [1]
    .bss               zero     0x1fff2a68     0x4  main.o [1]
    .bss               zero     0x1fff2a6c     0x4  main.o [1]
    .bss               zero     0x1fff2a70     0x4  main.o [1]
    .bss               zero     0x1fff2a74    0x10  main.o [1]
    .bss               zero     0x1fff2a84    0x28  main.o [1]
    .bss               zero     0x1fff2aac    0x10  main.o [1]
    .bss               zero     0x1fff2abc     0x4  main.o [1]
    .bss               zero     0x1fff2ac0     0x4  main.o [1]
    .bss               zero     0x1fff2ac4     0xc  main.o [1]
    .bss               zero     0x1fff2ad0     0x4  main.o [1]
    .bss               zero     0x1fff2ad4     0xc  main.o [1]
    .bss               zero     0x1fff2ae0     0x4  main.o [1]
    .bss               zero     0x1fff2ae4     0x4  main.o [1]
    .bss               zero     0x1fff2ae8     0x4  main.o [1]
    .bss               zero     0x1fff2aec    0x10  MK60_ftm.o [1]
    .bss               zero     0x1fff2afc     0x4  system_MK60DZ10.o [1]
    .bss               zero     0x1fff2b00     0x4  system_MK60DZ10.o [1]
    .bss               zero     0x1fff2b04     0x4  system_MK60DZ10.o [1]
    .bss               zero     0x1fff2b08     0x4  VCAN_OV7725_Eagle.o [1]
    .bss               zero     0x1fff2b0c    0x50  xfiles.o [3]
    .bss               zero     0x1fff2b5c     0x2  main.o [1]
    .bss               zero     0x1fff2b5e     0x2  main.o [1]
    .bss               zero     0x1fff2b60     0x2  main.o [1]
    .bss               zero     0x1fff2b62     0x2  main.o [1]
    .bss               zero     0x1fff2b64     0x2  main.o [1]
    .bss               zero     0x1fff2b66     0x2  main.o [1]
    .bss               zero     0x1fff2b68     0x2  main.o [1]
    .bss               zero     0x1fff2b6a     0x1  main.o [1]
    .bss               zero     0x1fff2b6b     0x1  main.o [1]
    .bss               zero     0x1fff2b6c     0x1  main.o [1]
    .bss               zero     0x1fff2b6d     0x1  main.o [1]
    .bss               zero     0x1fff2b6e     0x1  main.o [1]
    .bss               zero     0x1fff2b6f     0x1  main.o [1]
    .bss               zero     0x1fff2b70     0x1  main.o [1]
    .bss               zero     0x1fff2b71     0x1  main.o [1]
    .bss               zero     0x1fff2b72     0x1  main.o [1]
    .bss               zero     0x1fff2b73     0x1  main.o [1]
    .bss               zero     0x1fff2b74     0x1  main.o [1]
    .bss               zero     0x1fff2b75     0x1  main.o [1]
    .bss               zero     0x1fff2b76     0x1  main.o [1]
    .bss               zero     0x1fff2b77     0x1  main.o [1]
    .bss               zero     0x1fff2b78     0x1  main.o [1]
    .bss               zero     0x1fff2b79     0x1  main.o [1]
    .bss               zero     0x1fff2b7a     0x1  main.o [1]
    .bss               zero     0x1fff2b7b     0x1  VCAN_LCD_ST7735S.o [1]
                              - 0x1fff2b7c  0x1c4c

"P2", part 3 of 3:                            0x88
  P2 s0                         0x1fff2b7c    0x88  <Init block>
    __DLIB_PERTHREAD   inited   0x1fff2b7c    0x88  localeconv.o [3]
                              - 0x1fff2c04    0x88


*******************************************************************************
*** INIT TABLE
***

          Address     Size
          -------     ----
Zero (__iar_zero_init3)
    1 destination range, total size 0x1c4c:
          0x1fff0f30  0x1c4c



*******************************************************************************
*** MODULE SUMMARY
***

    Module                 ro code  rw code  ro data  rw data
    ------                 -------  -------  -------  -------
C:\Users\hhh\Desktop\新建文件夹 (2)\程序\程序\Prj\IAR\FN15_Debug\Obj: [1]
    MK60_PIT.o                 124                68
    MK60_SysTick.o             100                72
    MK60_conf.o                324             1 948    1 800
    MK60_dma.o                 580                68
    MK60_flash.o                        400      468
    MK60_ftm.o               1 512                84       32
    MK60_gpio.o                296                88       20
    MK60_mcg.o                 980       80      172       92
    MK60_port.o                184                20       20
    MK60_uart.o                804                92       24
    MK60_wdog.o                 64
    VCAN_ASCII.o                               1 536
    VCAN_LCD.o               1 724                12
    VCAN_LCD_ST7735S.o       7 212                80        5
    VCAN_LED.o                 112                 4        4
    VCAN_OV7725_Eagle.o        564               274      106
    VCAN_SCCB.o                866
    VCAN_camera.o              148                 2
    VCAN_computer.o             64                 4
    VCAN_key.o                 156                 8        8
    main.o                  16 676               224    7 327
    misc.o                      80                64
    startup_MK60DZ10.o           8
    system_MK60DZ10.o          320                         12
    vectors.o                                  1 040
    ---------------------------------------------------------
    Total:                  32 898      480    6 328    9 450

command line: [2]
    ---------------------------------------------------------
    Total:

dl7M_tlf.a: [3]
    abs.o                        8
    div.o                       14
    exit.o                       4
    localeconv.o               108               136      136
    low_level_init.o             4
    printf.o                    36
    putchar.o                   12
    xfiles.o                                      64      144
    xprintflarge_nomb.o      3 098
    xprout.o                    22
    xtls.o                       2
    ---------------------------------------------------------
    Total:                   3 308               200      280

m7M_tls.a: [4]
    DblAdd.o                   232
    DblCmpGe.o                  46
    DblCmpLe.o                  46
    DblDiv.o                   598
    DblMul.o                   418
    DblSub.o                   384
    DblToFlt.o                 144
    DblToI32.o                  88
    FltToDbl.o                  78
    I32ToDbl.o                  48
    fpinit_M.o                  34
    xdnorm.o                    68
    ---------------------------------------------------------
    Total:                   2 184

rt7M_tl.a: [5]
    ABImemcpy_unaligned.o      118
    I64DivMod.o                238
    I64DivZer.o                  2
    XXexit.o                    12
    cexit.o                     10
    cmain.o                     26
    cstartup_M.o                12
    data_init.o                 40
    memchr.o                    88
    strchr.o                    22
    strlen.o                    54
    zero_init3.o                64
    ---------------------------------------------------------
    Total:                     686

    Gaps                        24                 2
    Linker created              24       16       34
-------------------------------------------------------------
    Grand Total:            39 124      496    6 564    9 730


*******************************************************************************
*** ENTRY LIST
***

Entry                      Address    Size  Type      Object
-----                      -------    ----  ----      ------
.bss$$Base              0x1fff0f30           --   Gb  - Linker created -
.bss$$Limit             0x1fff2b7c           --   Gb  - Linker created -
.data$$Base             0x1fff0410           --   Gb  - Linker created -
.data$$Limit            0x1fff0d40           --   Gb  - Linker created -
.data_init$$Base        0x00009698           --   Gb  - Linker created -
.data_init$$Limit       0x00009fc8           --   Gb  - Linker created -
.iar.init_table$$Base   0x0000b0b4           --   Gb  - Linker created -
.iar.init_table$$Limit  0x0000b0c4           --   Gb  - Linker created -
?main                   0x0000b105          Code  Gb  cmain.o [5]
AD_GYH_C                0x1fff2a84    0x28  Data  Gb  main.o [1]
ASSERT_FAILED_STR       0x0000b024    0x24  Data  Gb  MK60_conf.o [1]
Angle_X                 0x1fff2b64     0x2  Data  Gb  main.o [1]
Angle_Y                 0x1fff2b66     0x2  Data  Gb  main.o [1]
Angle_Z                 0x1fff2b68     0x2  Data  Gb  main.o [1]
BZ                      0x1fff2b77     0x1  Data  Gb  main.o [1]
BZ_dianci               0x1fff2b78     0x1  Data  Gb  main.o [1]
BZ_duty                 0x1fff2b5e     0x2  Data  Gb  main.o [1]
Ch_Sh_Bo                0x00002c51   0x252  Code  Gb  main.o [1]
CodeRelocate$$Base      0x0000a9a4           --   Gb  - Linker created -
CodeRelocate$$Limit     0x0000ab94           --   Gb  - Linker created -
CodeRelocateRam$$Base   0x1fff0d40           --   Gb  - Linker created -
CodeRelocateRam$$Limit  0x1fff0f30           --   Gb  - Linker created -
DMA0_IRQHandler         0x0000452f     0x8  Code  Gb  main.o [1]
FTMN                    0x1fff0bd8    0x10  Data  Gb  MK60_ftm.o [1]
FTM_port_mux            0x00005085   0x1ac  Code  Lc  MK60_ftm.o [1]
GPIOX                   0x1fff0be8    0x14  Data  Gb  MK60_gpio.o [1]
KD                      0x1fff04c8     0x4  Data  Gb  main.o [1]
KEY_PTxn                0x1fff0c84     0x8  Data  Gb  VCAN_key.o [1]
KP                      0x1fff04c4     0x4  Data  Gb  main.o [1]
KP1                     0x1fff04cc     0x4  Data  Gb  main.o [1]
LCD_Img_Binary_Z        0x00004a69   0x16a  Code  Gb  VCAN_LCD.o [1]
LCD_ST7735S_dir         0x0000742f   0xa0c  Code  Gb  VCAN_LCD_ST7735S.o [1]
LCD_ST7735S_init        0x00006471   0xfbe  Code  Gb  VCAN_LCD_ST7735S.o [1]
LCD_ST7735S_ptlon       0x00007e51   0x21c  Code  Gb  VCAN_LCD_ST7735S.o [1]
LCD_char                0x00004721   0x1c0  Code  Gb  VCAN_LCD.o [1]
LCD_init                0x0000453d    0x2c  Code  Gb  VCAN_LCD.o [1]
LCD_num                 0x000048e1    0x88  Code  Gb  VCAN_LCD.o [1]
LCD_num_BC              0x00004969   0x100  Code  Gb  VCAN_LCD.o [1]
LCD_point               0x0000463b    0xc0  Code  Gb  VCAN_LCD.o [1]
LCD_points              0x000046fb    0x26  Code  Gb  VCAN_LCD.o [1]
LCD_rectangle           0x00004569    0xd2  Code  Gb  VCAN_LCD.o [1]
LED_PTxn                0x1fff0c8c     0x4  Data  Gb  VCAN_LED.o [1]
LoadInt                 0x00008d43    0x6e  Code  Lc  xprintflarge_nomb.o [3]
NVIC_DisableIRQ         0x0000574f    0x16  Code  Lc  MK60_uart.o [1]
NVIC_DisableIRQ         0x00005ef5    0x14  Code  Lc  VCAN_OV7725_Eagle.o [1]
NVIC_EnableIRQ          0x0000043d    0x16  Code  Lc  main.o [1]
NVIC_EnableIRQ          0x00005739    0x16  Code  Lc  MK60_uart.o [1]
NVIC_EnableIRQ          0x00005ee1    0x14  Code  Lc  VCAN_OV7725_Eagle.o [1]
NVIC_SetPriority        0x00000453    0x2a  Code  Lc  main.o [1]
NVIC_SetPriorityGrouping
                        0x00000419    0x24  Code  Lc  main.o [1]
NVIC_SystemReset        0x00008165    0x1a  Code  Lc  MK60_conf.o [1]
PIT0_IRQHandler2        0x000007a1    0x44  Code  Gb  main.o [1]
PIT0_IRQHandler2::js    0x1fff2b7a     0x1  Data  Lc  main.o [1]
PIT2_Flag               0x1fff2b76     0x1  Data  Gb  main.o [1]
PORTA_IRQHandler        0x00004505    0x2a  Code  Gb  main.o [1]
PORTX                   0x1fff0c58    0x14  Data  Gb  MK60_port.o [1]
QieHuan                 0x00002719   0x532  Code  Gb  main.o [1]
QieHuan_Flag            0x1fff2b74     0x1  Data  Gb  main.o [1]
Region$$Table$$Base     0x0000b0b4           --   Gb  - Linker created -
Region$$Table$$Limit    0x0000b0c4           --   Gb  - Linker created -
Reset_Handler           0x00000411          Code  Gb  startup_MK60DZ10.o [1]
SCCB_Ack                0x00005b31    0x3c  Code  Lc  VCAN_SCCB.o [1]
SCCB_GPIO_init          0x00005a77    0x28  Code  Gb  VCAN_SCCB.o [1]
SCCB_NoAck              0x00005b6d    0x3c  Code  Lc  VCAN_SCCB.o [1]
SCCB_ReadByte           0x00005d0d    0x2c  Code  Gb  VCAN_SCCB.o [1]
SCCB_ReadByte_one       0x00005d39    0x86  Code  Lc  VCAN_SCCB.o [1]
SCCB_ReceiveByte        0x00005c39    0x54  Code  Lc  VCAN_SCCB.o [1]
SCCB_SendByte           0x00005bf5    0x44  Code  Lc  VCAN_SCCB.o [1]
SCCB_Start              0x00005a9f    0x5e  Code  Lc  VCAN_SCCB.o [1]
SCCB_Stop               0x00005afd    0x34  Code  Lc  VCAN_SCCB.o [1]
SCCB_WaitAck            0x00005ba9    0x4c  Code  Lc  VCAN_SCCB.o [1]
SCCB_WriteByte          0x00005c9d    0x28  Code  Gb  VCAN_SCCB.o [1]
SCCB_WriteByte_one      0x00005cc5    0x48  Code  Lc  VCAN_SCCB.o [1]
SCCB_delay              0x00005a5d    0x1a  Code  Lc  VCAN_SCCB.o [1]
ST7735S_get_h           0x0000806d     0x6  Code  Gb  VCAN_LCD_ST7735S.o [1]
ST7735S_get_w           0x00008073     0x6  Code  Gb  VCAN_LCD_ST7735S.o [1]
SpeedKD_left            0x1fff2460     0x4  Data  Gb  main.o [1]
SpeedKD_right           0x1fff246c     0x4  Data  Gb  main.o [1]
SpeedKI_left            0x1fff245c     0x4  Data  Gb  main.o [1]
SpeedKI_right           0x1fff2468     0x4  Data  Gb  main.o [1]
SpeedKP_left            0x1fff2458     0x4  Data  Gb  main.o [1]
SpeedKP_right           0x1fff2464     0x4  Data  Gb  main.o [1]
TOF_1020                0x000008e1   0x17a  Code  Gb  main.o [1]
UARTN                   0x1fff0c6c    0x18  Data  Gb  MK60_uart.o [1]
_GenldLargeNoMb         0x0000913b   0x23e  Code  Lc  xprintflarge_nomb.o [3]
_LdtobLargeNoMb         0x00008ebd   0x278  Code  Lc  xprintflarge_nomb.o [3]
_LitobLargeNoMb         0x00008db1   0x10a  Code  Lc  xprintflarge_nomb.o [3]
_Locale_aeabi_lconv     0x1fff2bcc    0x38  Data  Gb  localeconv.o [3]
_Locale_lconv           0x1fff2b7c    0x50  Data  Gb  localeconv.o [3]
_PrintfLargeNoMb        0x000087a9   0x594  Code  Gb  xprintflarge_nomb.o [3]
_Prout                  0x0000b171    0x16  Code  Gb  xprout.o [3]
_PutcharsLargeNoMb      0x00009379    0x2e  Code  Lc  xprintflarge_nomb.o [3]
__BOOT_STACK_ADDRESS {Abs}
                        0x2000fff8          Data  Gb  command line/config [2]
__VECTOR_RAM {Abs}      0x1fff0000          Data  Gb  command line/config [2]
__VECTOR_TABLE {Abs}    0x00000000          Data  Gb  command line/config [2]
__aeabi_cdcmple         0x000062c1          Code  Gb  DblCmpLe.o [4]
__aeabi_cdrcmple        0x00006291          Code  Gb  DblCmpGe.o [4]
__aeabi_d2f             0x00005e11          Code  Gb  DblToFlt.o [4]
__aeabi_d2iz            0x00005025          Code  Gb  DblToI32.o [4]
__aeabi_d2uiz           0x00005051          Code  Gb  DblToI32.o [4]
__aeabi_dadd            0x000061a9          Code  Gb  DblAdd.o [4]
__aeabi_ddiv            0x00004c29          Code  Gb  DblDiv.o [4]
__aeabi_dmul            0x00004e81          Code  Gb  DblMul.o [4]
__aeabi_dsub            0x000062f1          Code  Gb  DblSub.o [4]
__aeabi_f2d             0x00005dc1          Code  Gb  FltToDbl.o [4]
__aeabi_i2d             0x00004bf9          Code  Gb  I32ToDbl.o [4]
__aeabi_ldiv0           0x00009695          Code  Gb  I64DivZer.o [5]
__aeabi_ui2d            0x00004c0d          Code  Gb  I32ToDbl.o [4]
__aeabi_uldivmod        0x0000946d          Code  Gb  I64DivMod.o [5]
__cmain                 0x0000b105          Code  Gb  cmain.o [5]
__code_start__ {Abs}    0x00000410          Data  Gb  command line/config [2]
__exit                  0x0000b135          Code  Gb  XXexit.o [5]
__iar_Dnorm             0x000095d3    0x44  Code  Gb  xdnorm.o [4]
__iar_Locale_lconv_init
                        0x00009619    0x3a  Code  Gb  localeconv.o [3]
__iar_Memchr            0x00009415          Code  Gb  memchr.o [5]
__iar_Stdout            0x1fff0cf4    0x40  Data  Gb  xfiles.o [3]
__iar_Strchr            0x000093c5          Code  Gb  strchr.o [5]
__iar_d2uiz             0x0000505d          Code  Gb  DblToI32.o [4]
__iar_dadd              0x000061bd          Code  Gb  DblAdd.o [4]
__iar_data_init3        0x0000affd    0x28  Code  Gb  data_init.o [5]
__iar_dlib_perthread_access
                        0x00009697     0x2  Code  Gb  xtls.o [3]
__iar_dsub              0x00006305          Code  Gb  DblSub.o [4]
__iar_dsubStart         0x00006317          Code  Gb  DblSub.o [4]
__iar_init_vfp          0x0000b091          Code  Gb  fpinit_M.o [4]
__iar_program_start     0x0000b1bd          Code  Gb  cstartup_M.o [5]
__iar_ui2d              0x00004c11          Code  Gb  I32ToDbl.o [4]
__iar_unaligned___aeabi_memcpy
                        0x0000955d          Code  Gb  ABImemcpy_unaligned.o [5]
__iar_unaligned___aeabi_memcpy4
                        0x0000957d          Code  Gb  ABImemcpy_unaligned.o [5]
__iar_unaligned___aeabi_memcpy8
                        0x0000957d          Code  Gb  ABImemcpy_unaligned.o [5]
__iar_zero_init3        0x0000af81    0x40  Code  Gb  zero_init3.o [5]
__low_level_init        0x0000b11f     0x4  Code  Gb  low_level_init.o [3]
__vector_table          0x00000000   0x410  Data  Gb  vectors.o [1]
_call_main              0x0000b111          Code  Gb  cmain.o [5]
_exit                   0x0000b129          Code  Gb  cexit.o [5]
_main                   0x0000b11b          Code  Gb  cmain.o [5]
abs                     0x0000507d     0x8  Code  Gb  abs.o [3]
ascii_8x16              0x00009fc8   0x600  Data  Gb  VCAN_ASCII.o [1]
assert_failed           0x0000817f    0x26  Code  Gb  MK60_conf.o [1]
ave                     0x1fff249c     0x4  Data  Gb  main.o [1]
bus_clk_khz             0x1fff2b04     0x4  Data  Gb  system_MK60DZ10.o [1]
ch_2019                 0x1fff2aac    0x10  Data  Gb  main.o [1]
common_startup          0x0000abff    0x98  Code  Gb  system_MK60DZ10.o [1]
core_clk_khz            0x1fff2afc     0x4  Data  Gb  system_MK60DZ10.o [1]
core_clk_mhz            0x1fff2b00     0x4  Data  Gb  system_MK60DZ10.o [1]
daolu_fenxi             0x00002f7d   0x3c8  Code  Gb  main.o [1]
default_isr             0x00008253    0x34  Code  Gb  MK60_conf.o [1]
dianji_7_2              0x00003ff5   0x352  Code  Gb  main.o [1]
dianji_Left_7_2         0x000038a5   0x398  Code  Gb  main.o [1]
dianji_Right_7_2        0x00003c51   0x394  Code  Gb  main.o [1]
dianji_left_speed       0x1fff2488     0x4  Data  Gb  main.o [1]
dianji_right_speed      0x1fff248c     0x4  Data  Gb  main.o [1]
disu_duoji              0x00004359    0xb2  Code  Gb  main.o [1]
div                     0x00009685     0xe  Code  Gb  div.o [3]
dma_gpio_input_init     0x000083d1    0x60  Code  Lc  MK60_dma.o [1]
dma_portx2buff_init     0x00008431   0x1b0  Code  Gb  MK60_dma.o [1]
duo_ji_SX               0x1fff0d3a     0x1  Data  Gb  main.o [1]
duo_ji_XX               0x1fff0d3b     0x1  Data  Gb  main.o [1]
duoji                   0x000034a5   0x246  Code  Gb  main.o [1]
duoji_K1                0x1fff24a0     0x4  Data  Gb  main.o [1]
duoji_K2                0x1fff24a4     0x4  Data  Gb  main.o [1]
duoji_duty              0x1fff0d34     0x2  Data  Gb  main.o [1]
duoji_duty_K            0x1fff2b5c     0x2  Data  Gb  main.o [1]
duoji_error             0x1fff2494     0x4  Data  Gb  main.o [1]
duoji_error_hunhe       0x1fff24a8     0x4  Data  Gb  main.o [1]
duoji_last_error        0x1fff2490     0x4  Data  Gb  main.o [1]
exit                    0x0000b123     0x4  Code  Gb  exit.o [3]
flash_cmd               0x1fff0d51    0x20  Code  Gb  MK60_flash.o [1]
flash_erase_sector      0x1fff0d95    0x5c  Code  Gb  MK60_flash.o [1]
flash_init              0x1fff0d71    0x24  Code  Gb  MK60_flash.o [1]
flash_write             0x1fff0df1    0xb4  Code  Gb  MK60_flash.o [1]
fputc                   0x000081a5    0x14  Code  Gb  MK60_conf.o [1]
ftm_mod                 0x1fff2aec    0x10  Data  Lc  MK60_ftm.o [1]
ftm_pwm_duty            0x000053df   0x118  Code  Gb  MK60_ftm.o [1]
ftm_pwm_init            0x00005231   0x1ae  Code  Gb  MK60_ftm.o [1]
ftm_quad_clean          0x00005629    0x28  Code  Gb  MK60_ftm.o [1]
ftm_quad_get            0x000055fd    0x2c  Code  Gb  MK60_ftm.o [1]
ftm_quad_init           0x000054f7   0x106  Code  Gb  MK60_ftm.o [1]
gpio_get                0x0000838f    0x3a  Code  Gb  MK60_gpio.o [1]
gpio_init               0x000082a9    0xae  Code  Gb  MK60_gpio.o [1]
gpio_turn               0x00008357    0x38  Code  Gb  MK60_gpio.o [1]
huamid                  0x00003721   0x114  Code  Gb  main.o [1]
huandao1CL              0x000023bd   0x170  Code  Gb  main.o [1]
huandao1CR              0x0000223f   0x17e  Code  Gb  main.o [1]
huandao2_1_L            0x000019c9   0x426  Code  Gb  main.o [1]
huandao2_1_R            0x00001dfd   0x442  Code  Gb  main.o [1]
huandaoLB               0x1fff2a5c     0x4  Data  Gb  main.o [1]
huandaoLK               0x1fff2a54     0x4  Data  Gb  main.o [1]
huandaoRB               0x1fff2a60     0x4  Data  Gb  main.o [1]
huandaoRK               0x1fff2a58     0x4  Data  Gb  main.o [1]
hudao1CLF               0x1fff2b71     0x1  Data  Gb  main.o [1]
hudao1CRF               0x1fff2b72     0x1  Data  Gb  main.o [1]
hudao2RLF               0x1fff2b6f     0x1  Data  Gb  main.o [1]
hudao2RRF               0x1fff2b70     0x1  Data  Gb  main.o [1]
hudaoRL                 0x0000252d    0xd2  Code  Gb  main.o [1]
hudaoRR                 0x00002601    0xee  Code  Gb  main.o [1]
i_2019                  0x1fff2ad0     0x4  Data  Gb  main.o [1]
img                     0x1fff0f40  0x12c0  Data  Gb  main.o [1]
img_extract             0x00006115    0x94  Code  Gb  VCAN_camera.o [1]
imgbuff                 0x1fff2200   0x258  Data  Gb  main.o [1]
key_check               0x00008779    0x2a  Code  Gb  VCAN_key.o [1]
key_get                 0x0000875f    0x1a  Code  Gb  VCAN_key.o [1]
key_init                0x0000870d    0x52  Code  Gb  VCAN_key.o [1]
lcd_camera_init         0x0000441d    0x24  Code  Gb  main.o [1]
lcd_display             0x0000047d   0x16e  Code  Gb  main.o [1]
led_init                0x0000869d    0x3a  Code  Gb  VCAN_LED.o [1]
led_turn                0x000086d7    0x32  Code  Gb  VCAN_LED.o [1]
left_E                  0x1fff2470     0xc  Data  Gb  main.o [1]
left_currve_flag        0x1fff2b6c     0x1  Data  Gb  main.o [1]
left_loss_line          0x1fff2b6a     0x1  Data  Gb  main.o [1]
left_speed              0x1fff0f38     0x8  Data  Gb  main.o [1]
length_val              0x1fff2ac4     0xc  Data  Gb  main.o [1]
localeconv              0x00009653    0x16  Code  Gb  localeconv.o [3]
main                    0x000005eb   0x1b6  Code  Gb  main.o [1]
mcg_cfg                 0x1fff0bfc    0x58  Data  Gb  MK60_mcg.o [1]
mcg_div                 0x1fff0c54     0x4  Data  Gb  MK60_mcg.o [1]
mcg_div_count           0x0000a5d1   0x304  Code  Gb  MK60_mcg.o [1]
memchr                  0x00009415          Code  Gb  memchr.o [5]
mid                     0x1fff24ac    0xf0  Data  Gb  main.o [1]
mid1                    0x1fff259c    0xf0  Data  Gb  main.o [1]
mid_L_line              0x1fff268c    0xf0  Data  Gb  main.o [1]
mid_L_line_last         0x1fff286c     0x4  Data  Gb  main.o [1]
mid_R_line              0x1fff277c    0xf0  Data  Gb  main.o [1]
mid_R_line_last         0x1fff2870     0x4  Data  Gb  main.o [1]
midline                 0x00000ae5   0xe70  Code  Gb  main.o [1]
obuf                    0x1fff2b0c    0x50  Data  Lc  xfiles.o [3]
ov7725_eagle_cfgnum     0x1fff0d3d     0x1  Data  Gb  VCAN_OV7725_Eagle.o [1]
ov7725_eagle_dma        0x00005fc1    0x14  Code  Gb  VCAN_OV7725_Eagle.o [1]
ov7725_eagle_get_img    0x00005fd5    0x42  Code  Gb  VCAN_OV7725_Eagle.o [1]
ov7725_eagle_img_buff   0x1fff2b08     0x4  Data  Gb  VCAN_OV7725_Eagle.o [1]
ov7725_eagle_img_flag   0x1fff0d3c     0x1  Data  Gb  VCAN_OV7725_Eagle.o [1]
ov7725_eagle_init       0x00005f09    0x18  Code  Gb  VCAN_OV7725_Eagle.o [1]
ov7725_eagle_port_init  0x00005f21    0x54  Code  Lc  VCAN_OV7725_Eagle.o [1]
ov7725_eagle_reg        0x1fff0c90    0x64  Data  Gb  VCAN_OV7725_Eagle.o [1]
ov7725_eagle_reg_init   0x00006017    0xb2  Code  Lc  VCAN_OV7725_Eagle.o [1]
ov7725_eagle_vsync      0x00005f75    0x4c  Code  Gb  VCAN_OV7725_Eagle.o [1]
panduanL                0x1fff2874    0xf0  Data  Gb  main.o [1]
panduanR                0x1fff2964    0xf0  Data  Gb  main.o [1]
pit_init                0x0000566d    0x6c  Code  Gb  MK60_PIT.o [1]
pll_init                0x0000a8d5    0xb2  Code  Gb  MK60_mcg.o [1]
podao                   0x00002ea3    0xc2  Code  Gb  main.o [1]
podao_Flag              0x1fff2b75     0x1  Data  Gb  main.o [1]
port_init               0x0000809d    0x48  Code  Gb  MK60_port.o [1]
port_init_NoALT         0x000080e5    0x66  Code  Gb  MK60_port.o [1]
printf                  0x00008615    0x24  Code  Gb  printf.o [3]
putchar                 0x0000b189     0xc  Code  Gb  putchar.o [3]
right_E                 0x1fff247c     0xc  Data  Gb  main.o [1]
right_currve_flag       0x1fff2b6d     0x1  Data  Gb  main.o [1]
right_loss_line         0x1fff2b6b     0x1  Data  Gb  main.o [1]
right_speed             0x1fff0f30     0x8  Data  Gb  main.o [1]
rxcnt                   0x1fff2ac0     0x4  Data  Gb  main.o [1]
rxflag                  0x1fff2abc     0x4  Data  Gb  main.o [1]
set_sys_dividers        0x1fff0ee1    0x50  Code  Gb  MK60_mcg.o [1]
set_vector_handler      0x0000570b    0x22  Code  Gb  misc.o [1]
shiziL_B                0x1fff2a6c     0x4  Data  Gb  main.o [1]
shiziL_K                0x1fff2a64     0x4  Data  Gb  main.o [1]
shiziR_B                0x1fff2a70     0x4  Data  Gb  main.o [1]
shiziR_K                0x1fff2a68     0x4  Data  Gb  main.o [1]
shziF1                  0x1fff2b73     0x1  Data  Gb  main.o [1]
st7735s_dir             0x1fff2b7b     0x1  Data  Gb  VCAN_LCD_ST7735S.o [1]
st7735s_h               0x1fff0d36     0x2  Data  Gb  VCAN_LCD_ST7735S.o [1]
st7735s_w               0x1fff0d38     0x2  Data  Gb  VCAN_LCD_ST7735S.o [1]
start                   0x0000ab95    0x2e  Code  Gb  system_MK60DZ10.o [1]
start_check             0x000081b9    0x9a  Code  Gb  MK60_conf.o [1]
straig_Lline            0x1fff0410    0x3c  Data  Gb  main.o [1]
straig_Rline            0x1fff044c    0x3c  Data  Gb  main.o [1]
strchr                  0x000093c5          Code  Gb  strchr.o [5]
strlen                  0x000093dd          Code  Gb  strlen.o [5]
sum                     0x1fff2498     0x4  Data  Gb  main.o [1]
sysinit                 0x0000abc3    0x3c  Code  Gb  system_MK60DZ10.o [1]
systick_delay           0x00008639    0x36  Code  Gb  MK60_SysTick.o [1]
systick_delay_ms        0x0000866f    0x18  Code  Gb  MK60_SysTick.o [1]
tiqianCL                0x00003359   0x130  Code  Gb  main.o [1]
uart0_test_handler      0x000007e5    0x7c  Code  Gb  main.o [1]
uart1_test_handler      0x00000861    0x80  Code  Gb  main.o [1]
uart_getchar            0x00005979    0x1e  Code  Gb  MK60_uart.o [1]
uart_init               0x00005765   0x214  Code  Gb  MK60_uart.o [1]
uart_putbuff            0x000059b1    0x26  Code  Gb  MK60_uart.o [1]
uart_putchar            0x00005997    0x1a  Code  Gb  MK60_uart.o [1]
uart_rx_irq_dis         0x00005a01    0x3a  Code  Gb  MK60_uart.o [1]
uart_rx_irq_en          0x000059d7    0x2a  Code  Gb  MK60_uart.o [1]
ucRxBuffer              0x1fff2ad4     0xc  Data  Gb  main.o [1]
ucRxCnt                 0x1fff2b79     0x1  Data  Gb  main.o [1]
val_left                0x1fff2b60     0x2  Data  Gb  main.o [1]
val_right               0x1fff2b62     0x2  Data  Gb  main.o [1]
var                     0x1fff2a74    0x10  Data  Gb  main.o [1]
vcan_sendware           0x00005ea1    0x38  Code  Gb  VCAN_computer.o [1]
vector_str              0x1fff04d0   0x708  Data  Gb  MK60_conf.o [1]
wdog_disable            0x0000acd5    0x16  Code  Gb  MK60_wdog.o [1]
wdog_unlock             0x0000aceb    0x20  Code  Lc  MK60_wdog.o [1]
write_vtor              0x000056e9    0x22  Code  Gb  misc.o [1]
x                       0x1fff2ae0     0x4  Data  Gb  main.o [1]
xz1                     0x1fff0488    0x3c  Data  Gb  main.o [1]
y                       0x1fff2ae4     0x4  Data  Gb  main.o [1]
z                       0x1fff2ae8     0x4  Data  Gb  main.o [1]
zhidao_flag             0x1fff2b6e     0x1  Data  Gb  main.o [1]


[1] = C:\Users\hhh\Desktop\新建文件夹 (2)\程序\程序\Prj\IAR\FN15_Debug\Obj
[2] = command line
[3] = dl7M_tlf.a
[4] = m7M_tls.a
[5] = rt7M_tl.a

  39 124 bytes of readonly  code memory
     496 bytes of readwrite code memory
   6 564 bytes of readonly  data memory
   9 730 bytes of readwrite data memory

Errors: none
Warnings: none
